  20/152 scans  744 instances  0 failures  59s
  40/152 scans  1400 instances  0 failures  120s
  60/152 scans  1984 instances  0 failures  192s
  80/152 scans  2648 instances  0 failures  264s
  100/152 scans  3344 instances  0 failures  329s
  120/152 scans  4104 instances  0 failures  392s
  140/152 scans  4992 instances  0 failures  457s

wrote results/sweep_test.csv: 5424 instances, 240 hosts, 131 scans, 0 failures, 496s

non-converged: 0;  max mass error 4.9e-11;  baseline FFR_meas median 0.940

FFR_meas by inserted severity (median [p10, p90]):
    40%DS  0.859  [0.814, 0.935]   <=0.80:   4.0%
    50%DS  0.776  [0.700, 0.906]   <=0.80:  58.0%
    55%DS  0.711  [0.624, 0.880]   <=0.80:  69.9%
    60%DS  0.630  [0.538, 0.842]   <=0.80:  81.4%
    65%DS  0.537  [0.446, 0.785]   <=0.80:  91.7%
    70%DS  0.436  [0.354, 0.696]   <=0.80:  97.9%
    75%DS  0.333  [0.267, 0.576]   <=0.80:  99.7%
    80%DS  0.236  [0.188, 0.429]   <=0.80: 100.0%

instances per FFR_meas band (supply for selection):
   [0.40,0.45)     286  ###############################
   [0.45,0.50)     308  ##################################
   [0.50,0.55)     318  ###################################
   [0.55,0.60)     330  ####################################
   [0.60,0.65)     363  ########################################
   [0.65,0.70)     397  ###########################################
   [0.70,0.75)     437  ################################################
   [0.75,0.80)     365  ########################################
   [0.80,0.85)     543  ############################################################
   [0.85,0.90)     454  ##################################################
   [0.90,0.95)     300  #################################
   [0.95,1.00)      41  ####

hosts by vessel:
vessel
LAD    85
LCX    61
RCA    94
