cohort: sweep_test_selected.csv — 150 instances, 104 trees, 90 patients
discrete bed: leaf r_ref^2.66, truncation r_ref >= 0.60 mm, gates: healthy-network FFR >= 0.9, outlets >= 2, baseline >= 0.9

  150/150  eligible so far 17  242s

==============================================================================
DISCRETE ARM ELIGIBILITY — CONSORT-style flow
==============================================================================
  frozen cohort                          150
  eligible for the discrete arm           17   (11%)
    of which a deletable branch exists    10   (missed-branch / truncation error types)
    of which the FFR band is unchanged     9   -> bands MUST be pre-registered per structure

  excluded                               133
        7  E4 fewer than 2 outlets
        4  E3 healthy-network FFR 0.891 < 0.9
        4  E3 healthy-network FFR 0.722 < 0.9
        4  E3 healthy-network FFR 0.849 < 0.9
        4  E3 healthy-network FFR 0.826 < 0.9
        4  E3 healthy-network FFR 0.745 < 0.9
        3  E3 healthy-network FFR 0.684 < 0.9
        3  E3 healthy-network FFR 0.628 < 0.9
        3  E3 healthy-network FFR 0.804 < 0.9
        3  E3 healthy-network FFR 0.855 < 0.9
        2  E3 healthy-network FFR 0.796 < 0.9
        2  E3 healthy-network FFR 0.884 < 0.9
        2  E3 healthy-network FFR 0.762 < 0.9
        2  E3 healthy-network FFR 0.675 < 0.9
        2  E3 healthy-network FFR 0.674 < 0.9
        2  E3 healthy-network FFR 0.816 < 0.9
        2  E3 healthy-network FFR 0.783 < 0.9
        2  E3 healthy-network FFR 0.793 < 0.9
        2  E3 healthy-network FFR 0.824 < 0.9
        2  E3 healthy-network FFR 0.779 < 0.9
        2  E3 healthy-network FFR 0.616 < 0.9
        2  E3 healthy-network FFR 0.625 < 0.9
        2  E3 healthy-network FFR 0.600 < 0.9
        2  E3 healthy-network FFR 0.850 < 0.9
        2  E3 healthy-network FFR 0.773 < 0.9
        2  E3 healthy-network FFR 0.778 < 0.9
        2  E3 healthy-network FFR 0.682 < 0.9
        2  E3 healthy-network FFR 0.790 < 0.9
        2  E3 healthy-network FFR 0.820 < 0.9
        2  E3 healthy-network FFR 0.858 < 0.9
        2  E3 healthy-network FFR 0.859 < 0.9
        2  E3 healthy-network FFR 0.874 < 0.9
        2  E3 healthy-network FFR 0.848 < 0.9
        2  E3 healthy-network FFR 0.892 < 0.9
        2  E3 healthy-network FFR 0.897 < 0.9
        2  E3 healthy-network FFR 0.813 < 0.9
        2  E3 healthy-network FFR 0.889 < 0.9
        2  E3 healthy-network FFR 0.869 < 0.9
        2  E3 healthy-network FFR 0.714 < 0.9
        1  E3 healthy-network FFR 0.853 < 0.9
        1  E3 healthy-network FFR 0.873 < 0.9
        1  E3 healthy-network FFR 0.792 < 0.9
        1  E3 healthy-network FFR 0.716 < 0.9
        1  E3 healthy-network FFR 0.825 < 0.9
        1  E3 healthy-network FFR 0.851 < 0.9
        1  E2 calibration infeasible
        1  E3 healthy-network FFR 0.877 < 0.9
        1  E3 healthy-network FFR 0.617 < 0.9
        1  E3 healthy-network FFR 0.822 < 0.9
        1  E3 healthy-network FFR 0.856 < 0.9
        1  E3 healthy-network FFR 0.840 < 0.9
        1  E3 healthy-network FFR 0.761 < 0.9
        1  E3 healthy-network FFR 0.872 < 0.9
        1  E3 healthy-network FFR 0.878 < 0.9
        1  E3 healthy-network FFR 0.794 < 0.9
        1  E3 healthy-network FFR 0.704 < 0.9
        1  E3 healthy-network FFR 0.755 < 0.9
        1  E3 healthy-network FFR 0.638 < 0.9
        1  E3 healthy-network FFR 0.861 < 0.9
        1  E3 healthy-network FFR 0.689 < 0.9
        1  E3 healthy-network FFR 0.798 < 0.9
        1  E3 healthy-network FFR 0.702 < 0.9
        1  E3 healthy-network FFR 0.723 < 0.9
        1  E3 healthy-network FFR 0.830 < 0.9
        1  E3 healthy-network FFR 0.829 < 0.9
        1  E3 healthy-network FFR 0.629 < 0.9
        1  E3 healthy-network FFR 0.767 < 0.9
        1  E3 healthy-network FFR 0.780 < 0.9
        1  E3 healthy-network FFR 0.788 < 0.9
        1  E3 healthy-network FFR 0.445 < 0.9
        1  E3 healthy-network FFR 0.895 < 0.9
        1  E3 healthy-network FFR 0.735 < 0.9
        1  E3 healthy-network FFR 0.750 < 0.9
        1  E3 healthy-network FFR 0.868 < 0.9
        1  E3 healthy-network FFR 0.791 < 0.9

  discrete vs leaky on the eligible set:
      FFR offset      mean -0.0387  sd 0.0885  min -0.2851  max +0.0554
      decision disagreement  4/17  (24%)
      outlets per tree: median 5 (min 2, max 7)

  eligible by vessel: {'LAD': np.int64(7), 'LCX': np.int64(6), 'RCA': np.int64(4)}
  eligible by leaky band:    {'[0.7, 0.75)': np.int64(2), '[0.75, 0.8)': np.int64(2), '[0.8, 0.85)': np.int64(1), '[0.85, 0.9)': np.int64(5), '[0.9, 0.95)': np.int64(7)}
  eligible by DISCRETE band: {'[0.65, 0.70)': np.int64(2), '[0.70, 0.75)': np.int64(1), '[0.80, 0.85)': np.int64(2), '[0.85, 0.90)': np.int64(6), '[0.90, 0.95)': np.int64(5), 'out': np.int64(1)}

  POOL for the 3D/CFD subset (eligible AND deletable branch AND band holds in both): 5
    by vessel: {'LAD': np.int64(2), 'LCX': np.int64(2), 'RCA': np.int64(1)}
    by band:   {'[0.85, 0.90)': np.int64(1), '[0.90, 0.95)': np.int64(4)}

wrote results/demand-replication-x3-2026-10-08/discrete_arm_eligibility.csv  (242s)
