1791297163 first snapshot (117 processes)
1791297223 nonwsl_cores 0.3613 top remoting_host(24796) 0.150
1791297284 nonwsl_cores 0.3578 top remoting_host(24796) 0.146
1791297343 nonwsl_cores 0.3602 top remoting_host(24796) 0.161
1791297403 nonwsl_cores 0.3427 top remoting_host(24796) 0.149
1791297463 nonwsl_cores 0.3716 top remoting_host(24796) 0.167
1791297523 nonwsl_cores 0.2039 top remoting_host(24796) 0.081
1791297583 nonwsl_cores 0.2500 top msedgewebview2(17516) 0.077
1791297643 nonwsl_cores 0.3250 top remoting_host(24796) 0.146
1791297703 nonwsl_cores 0.3567 top remoting_host(24796) 0.149
1791297763 nonwsl_cores 0.3914 top remoting_host(24796) 0.182
1791297824 nonwsl_cores 0.4930 top remoting_host(24796) 0.172
1791297883 nonwsl_cores 0.3878 top remoting_host(24796) 0.157
1791297944 nonwsl_cores 0.2346 top remoting_host(24796) 0.075
1791298004 nonwsl_cores 0.1810 top remoting_host(24796) 0.059
1791298064 nonwsl_cores 0.2010 top remoting_host(24796) 0.074
1791298123 nonwsl_cores 0.2096 top remoting_host(24796) 0.076
1791298184 nonwsl_cores 0.2373 top remoting_host(24796) 0.063
1791298244 nonwsl_cores 0.1956 top remoting_host(24796) 0.074
1791298304 nonwsl_cores 0.1776 top remoting_host(24796) 0.065
1791298364 nonwsl_cores 0.1696 top remoting_host(24796) 0.061
1791298424 nonwsl_cores 0.1986 top remoting_host(24796) 0.061
1791298484 nonwsl_cores 0.1776 top remoting_host(24796) 0.065
1791298544 nonwsl_cores 0.1754 top remoting_host(24796) 0.056
1791298604 nonwsl_cores 0.1876 top remoting_host(24796) 0.061
1791298664 nonwsl_cores 0.1850 top remoting_host(24796) 0.066
1791298724 nonwsl_cores 0.1890 top remoting_host(24796) 0.061
1791298784 nonwsl_cores 0.2381 top remoting_host(24796) 0.064
1791298844 nonwsl_cores 0.1801 top remoting_host(24796) 0.060
1791298904 nonwsl_cores 0.1787 top remoting_host(24796) 0.062
1791298964 nonwsl_cores 0.1740 top remoting_host(24796) 0.057
1791299024 nonwsl_cores 0.1867 top remoting_host(24796) 0.065
1791299084 nonwsl_cores 0.1715 top remoting_host(24796) 0.064
1791299144 nonwsl_cores 0.1840 top remoting_host(24796) 0.064
1791299204 nonwsl_cores 0.1854 top remoting_host(24796) 0.063
1791299264 nonwsl_cores 0.1861 top remoting_host(24796) 0.068
1791299324 nonwsl_cores 0.1790 top remoting_host(24796) 0.059
1791299384 nonwsl_cores 0.2440 top remoting_host(24796) 0.071
1791299444 nonwsl_cores 0.1789 top remoting_host(24796) 0.062
1791299504 nonwsl_cores 0.1841 top remoting_host(24796) 0.068
1791299564 nonwsl_cores 0.1786 top remoting_host(24796) 0.061
1791299624 nonwsl_cores 0.1852 top remoting_host(24796) 0.059
1791299684 nonwsl_cores 0.1780 top remoting_host(24796) 0.069
1791299744 nonwsl_cores 0.1781 top remoting_host(24796) 0.059
1791299804 nonwsl_cores 0.1741 top remoting_host(24796) 0.063
1791299864 nonwsl_cores 0.1753 top remoting_host(24796) 0.061
1791299924 nonwsl_cores 0.1909 top remoting_host(24796) 0.056
1791299984 nonwsl_cores 0.2448 top remoting_host(24796) 0.070
1791300044 nonwsl_cores 0.1757 top remoting_host(24796) 0.060
1791300104 nonwsl_cores 0.1727 top remoting_host(24796) 0.058
1791300164 nonwsl_cores 0.1824 top remoting_host(24796) 0.065
1791300224 nonwsl_cores 0.1803 top remoting_host(24796) 0.060
1791300284 nonwsl_cores 0.2020 top remoting_host(24796) 0.069
1791300344 nonwsl_cores 0.1847 top remoting_host(24796) 0.067
1791300404 nonwsl_cores 0.1784 top remoting_host(24796) 0.065
1791300464 nonwsl_cores 0.1750 top remoting_host(24796) 0.066
1791300524 nonwsl_cores 0.1805 top remoting_host(24796) 0.064
1791300584 nonwsl_cores 0.2449 top remoting_host(24796) 0.069
1791300644 nonwsl_cores 0.1907 top remoting_host(24796) 0.068
1791300704 nonwsl_cores 0.1775 top remoting_host(24796) 0.060
1791300764 nonwsl_cores 0.4772 top remoting_host(24796) 0.188
1791300824 nonwsl_cores 0.4548 top remoting_host(24796) 0.189
1791300884 nonwsl_cores 0.4403 top remoting_host(24796) 0.178
1791300944 nonwsl_cores 0.4292 top remoting_host(24796) 0.170
1791301004 nonwsl_cores 0.4609 top remoting_host(24796) 0.189
1791301064 nonwsl_cores 0.2532 top WindowsTerminal(23300) 0.064
1791301124 nonwsl_cores 0.2473 top WindowsTerminal(23300) 0.067
1791301184 nonwsl_cores 0.3003 top WindowsTerminal(23300) 0.069
1791301244 nonwsl_cores 0.2449 top WindowsTerminal(23300) 0.068
1791301304 nonwsl_cores 0.2401 top WindowsTerminal(23300) 0.066
1791301364 nonwsl_cores 0.2483 top remoting_host(24796) 0.064
1791301424 nonwsl_cores 0.2421 top remoting_host(24796) 0.072
1791301484 nonwsl_cores 0.2614 top remoting_host(24796) 0.067
1791301544 nonwsl_cores 0.2371 top WindowsTerminal(23300) 0.067
1791301604 nonwsl_cores 0.2444 top WindowsTerminal(23300) 0.065
1791301664 nonwsl_cores 0.2488 top WindowsTerminal(23300) 0.066
1791301724 nonwsl_cores 0.2531 top remoting_host(24796) 0.066
1791301784 nonwsl_cores 0.3105 top WindowsTerminal(23300) 0.070
1791301844 nonwsl_cores 0.2581 top WindowsTerminal(23300) 0.068
1791301904 nonwsl_cores 0.2465 top WindowsTerminal(23300) 0.065
1791301964 nonwsl_cores 0.2404 top WindowsTerminal(23300) 0.069
1791302024 nonwsl_cores 0.2435 top WindowsTerminal(23300) 0.065
1791302084 nonwsl_cores 0.2504 top WindowsTerminal(23300) 0.065
1791302144 nonwsl_cores 0.2573 top remoting_host(24796) 0.071
1791302205 nonwsl_cores 0.2312 top WindowsTerminal(23300) 0.066
1791302264 nonwsl_cores 0.2423 top remoting_host(24796) 0.069
1791302324 nonwsl_cores 0.2466 top WindowsTerminal(23300) 0.067
1791302384 nonwsl_cores 0.3092 top remoting_host(24796) 0.070
1791302445 nonwsl_cores 0.2385 top remoting_host(24796) 0.068
1791302504 nonwsl_cores 0.2547 top WindowsTerminal(23300) 0.071
1791302565 nonwsl_cores 0.2431 top WindowsTerminal(23300) 0.067
1791302625 nonwsl_cores 0.2431 top WindowsTerminal(23300) 0.067
1791302684 nonwsl_cores 0.2312 top WindowsTerminal(23300) 0.067
1791302745 nonwsl_cores 0.2422 top WindowsTerminal(23300) 0.066
1791302805 nonwsl_cores 0.2371 top WindowsTerminal(23300) 0.066
1791302865 nonwsl_cores 0.2567 top remoting_host(24796) 0.069
1791302925 nonwsl_cores 0.2310 top WindowsTerminal(23300) 0.069
1791302985 nonwsl_cores 0.3199 top remoting_host(24796) 0.071
1791303045 nonwsl_cores 0.2432 top WindowsTerminal(23300) 0.068
1791303105 nonwsl_cores 0.2470 top WindowsTerminal(23300) 0.070
1791303165 nonwsl_cores 0.2428 top WindowsTerminal(23300) 0.067
1791303225 nonwsl_cores 0.2620 top remoting_host(24796) 0.073
1791303285 nonwsl_cores 0.2505 top WindowsTerminal(23300) 0.067
1791303345 nonwsl_cores 0.2453 top remoting_host(24796) 0.066
1791303405 nonwsl_cores 0.2368 top WindowsTerminal(23300) 0.067
1791303465 nonwsl_cores 0.2391 top remoting_host(24796) 0.069
1791303525 nonwsl_cores 0.2503 top WindowsTerminal(23300) 0.066
1791303585 nonwsl_cores 0.3135 top WindowsTerminal(23300) 0.068
1791303645 nonwsl_cores 0.2465 top WindowsTerminal(23300) 0.066
1791303705 nonwsl_cores 0.2365 top WindowsTerminal(23300) 0.065
1791303765 nonwsl_cores 0.2498 top WindowsTerminal(23300) 0.067
1791303825 nonwsl_cores 0.2502 top WindowsTerminal(23300) 0.066
1791303885 nonwsl_cores 0.2500 top WindowsTerminal(23300) 0.066
1791303945 nonwsl_cores 0.2476 top remoting_host(24796) 0.069
1791304005 nonwsl_cores 0.2539 top remoting_host(24796) 0.065
1791304065 nonwsl_cores 0.2535 top WindowsTerminal(23300) 0.068
1791304125 nonwsl_cores 0.2567 top remoting_host(24796) 0.070
1791304185 nonwsl_cores 0.3088 top remoting_host(24796) 0.065
1791304245 nonwsl_cores 0.2529 top WindowsTerminal(23300) 0.069
1791304305 nonwsl_cores 0.2321 top WindowsTerminal(23300) 0.067
1791304365 nonwsl_cores 0.2557 top remoting_host(24796) 0.068
1791304425 nonwsl_cores 0.2576 top WindowsTerminal(23300) 0.067
1791304485 nonwsl_cores 0.2577 top remoting_host(24796) 0.071
1791304545 nonwsl_cores 0.2480 top WindowsTerminal(23300) 0.068
1791304605 nonwsl_cores 0.2439 top WindowsTerminal(23300) 0.064
1791304665 nonwsl_cores 0.2473 top remoting_host(24796) 0.068
1791304725 nonwsl_cores 0.2475 top WindowsTerminal(23300) 0.065
1791304785 nonwsl_cores 0.3183 top remoting_host(24796) 0.066
1791304845 nonwsl_cores 0.2635 top WindowsTerminal(23300) 0.069
1791304905 nonwsl_cores 0.2762 top WindowsTerminal(23300) 0.068
1791304965 nonwsl_cores 0.2520 top remoting_host(24796) 0.065
1791305025 nonwsl_cores 0.2401 top WindowsTerminal(23300) 0.069
1791305085 nonwsl_cores 0.2474 top WindowsTerminal(23300) 0.067
1791305145 nonwsl_cores 0.2603 top WindowsTerminal(23300) 0.065
1791305205 nonwsl_cores 0.2506 top WindowsTerminal(23300) 0.067
1791305265 nonwsl_cores 0.2476 top remoting_host(24796) 0.067
1791305325 nonwsl_cores 0.2503 top WindowsTerminal(23300) 0.066
1791305385 nonwsl_cores 0.3149 top WindowsTerminal(23300) 0.067
1791305445 nonwsl_cores 0.2558 top WindowsTerminal(23300) 0.067
1791305505 nonwsl_cores 0.2498 top WindowsTerminal(23300) 0.067
1791305565 nonwsl_cores 0.2514 top remoting_host(24796) 0.069
1791305625 nonwsl_cores 0.2440 top WindowsTerminal(23300) 0.069
1791305685 nonwsl_cores 0.2498 top remoting_host(24796) 0.068
1791305745 nonwsl_cores 0.2581 top WindowsTerminal(23300) 0.066
1791305805 nonwsl_cores 0.2521 top remoting_host(24796) 0.067
1791305865 nonwsl_cores 0.2531 top WindowsTerminal(23300) 0.069
1791305925 nonwsl_cores 0.2537 top remoting_host(24796) 0.072
1791305985 nonwsl_cores 0.3196 top remoting_host(24796) 0.071
1791306045 nonwsl_cores 0.2578 top WindowsTerminal(23300) 0.068
1791306105 nonwsl_cores 0.2635 top remoting_host(24796) 0.070
1791306165 nonwsl_cores 0.2401 top WindowsTerminal(23300) 0.066
1791306225 nonwsl_cores 0.2525 top WindowsTerminal(23300) 0.070
1791306285 nonwsl_cores 0.2516 top remoting_host(24796) 0.068
1791306345 nonwsl_cores 0.2545 top WindowsTerminal(23300) 0.068
1791306406 nonwsl_cores 0.2442 top WindowsTerminal(23300) 0.066
1791306465 nonwsl_cores 0.2473 top WindowsTerminal(23300) 0.067
1791306526 nonwsl_cores 0.2464 top remoting_host(24796) 0.068
1791306585 nonwsl_cores 0.3339 top remoting_host(24796) 0.079
1791306645 nonwsl_cores 0.2525 top remoting_host(24796) 0.068
1791306705 nonwsl_cores 0.2487 top WindowsTerminal(23300) 0.068
1791306765 nonwsl_cores 0.2576 top remoting_host(24796) 0.073
1791306826 nonwsl_cores 0.2546 top WindowsTerminal(23300) 0.066
1791306886 nonwsl_cores 0.2528 top WindowsTerminal(23300) 0.069
1791306946 nonwsl_cores 0.2559 top WindowsTerminal(23300) 0.064
1791307006 nonwsl_cores 0.2515 top WindowsTerminal(23300) 0.070
1791307066 nonwsl_cores 0.2450 top WindowsTerminal(23300) 0.066
1791307126 nonwsl_cores 0.2679 top WindowsTerminal(23300) 0.070
1791307186 nonwsl_cores 0.3017 top msedgewebview2(17516) 0.065
1791307246 nonwsl_cores 0.2569 top remoting_host(24796) 0.069
1791307306 nonwsl_cores 0.2510 top remoting_host(24796) 0.070
1791307366 nonwsl_cores 0.2514 top remoting_host(24796) 0.072
1791307426 nonwsl_cores 0.2436 top WindowsTerminal(23300) 0.067
1791307486 nonwsl_cores 0.2609 top remoting_host(24796) 0.074
1791307546 nonwsl_cores 0.2567 top remoting_host(24796) 0.067
1791307606 nonwsl_cores 0.2401 top WindowsTerminal(23300) 0.069
1791307666 nonwsl_cores 0.2440 top WindowsTerminal(23300) 0.066
1791307726 nonwsl_cores 0.2596 top remoting_host(24796) 0.066
1791307786 nonwsl_cores 0.3164 top msedgewebview2(17516) 0.069
1791307846 nonwsl_cores 0.2377 top WindowsTerminal(23300) 0.066
1791307906 nonwsl_cores 0.2616 top remoting_host(24796) 0.066
1791307966 nonwsl_cores 0.2562 top remoting_host(24796) 0.069
1791308026 nonwsl_cores 0.2570 top remoting_host(24796) 0.073
1791308086 nonwsl_cores 0.2888 top remoting_host(24796) 0.095
1791308146 nonwsl_cores 0.2577 top remoting_host(24796) 0.071
1791308206 nonwsl_cores 0.2602 top WindowsTerminal(23300) 0.068
1791308266 nonwsl_cores 0.2473 top WindowsTerminal(23300) 0.068
1791308320 nonwsl_cores 0.2123 top remoting_host(24796) 0.064 (closing)
