1791274315 first snapshot (117 processes)
1791274375 nonwsl_cores 0.1107 top Core Temp(25252) 0.031
1791274435 nonwsl_cores 0.1139 top explorer(11292) 0.035
1791274495 nonwsl_cores 0.1115 top Core Temp(25252) 0.032
1791274555 nonwsl_cores 0.1130 top Core Temp(25252) 0.030
1791274615 nonwsl_cores 0.1078 top Core Temp(25252) 0.032
1791274675 nonwsl_cores 0.1237 top Core Temp(25252) 0.035
1791274735 nonwsl_cores 0.1038 top Core Temp(25252) 0.029
1791274795 nonwsl_cores 0.1770 top msedgewebview2(17516) 0.064
1791274855 nonwsl_cores 0.1071 top Core Temp(25252) 0.031
1791274915 nonwsl_cores 0.1232 top Core Temp(25252) 0.033
1791274975 nonwsl_cores 0.1103 top Core Temp(25252) 0.032
1791275035 nonwsl_cores 0.1163 top Core Temp(25252) 0.034
1791275095 nonwsl_cores 0.1162 top Core Temp(25252) 0.032
1791275155 nonwsl_cores 0.1144 top explorer(11292) 0.034
1791275215 nonwsl_cores 0.1144 top Core Temp(25252) 0.035
1791275275 nonwsl_cores 0.1190 top Core Temp(25252) 0.032
1791275335 nonwsl_cores 0.1186 top explorer(11292) 0.036
1791275395 nonwsl_cores 0.1835 top msedgewebview2(17516) 0.074
1791275455 nonwsl_cores 0.1224 top explorer(11292) 0.036
1791275515 nonwsl_cores 0.1037 top Core Temp(25252) 0.030
1791275575 nonwsl_cores 0.1144 top explorer(11292) 0.032
1791275635 nonwsl_cores 0.1057 top Core Temp(25252) 0.032
1791275695 nonwsl_cores 0.1080 top Core Temp(25252) 0.029
1791275755 nonwsl_cores 0.1090 top Core Temp(25252) 0.032
1791275815 nonwsl_cores 0.1062 top explorer(11292) 0.033
1791275875 nonwsl_cores 0.1238 top explorer(11292) 0.034
1791275935 nonwsl_cores 0.1168 top Core Temp(25252) 0.032
1791275995 nonwsl_cores 0.1775 top msedgewebview2(17516) 0.065
1791276055 nonwsl_cores 0.1150 top explorer(11292) 0.034
1791276115 nonwsl_cores 0.1154 top Core Temp(25252) 0.031
1791276175 nonwsl_cores 0.1122 top Core Temp(25252) 0.034
1791276235 nonwsl_cores 0.1092 top Core Temp(25252) 0.030
1791276295 nonwsl_cores 0.1112 top Core Temp(25252) 0.034
1791276355 nonwsl_cores 0.1101 top Core Temp(25252) 0.030
1791276415 nonwsl_cores 0.1101 top Core Temp(25252) 0.034
1791276475 nonwsl_cores 0.1164 top explorer(11292) 0.033
1791276536 nonwsl_cores 0.1101 top explorer(11292) 0.031
1791276596 nonwsl_cores 0.1799 top msedgewebview2(17516) 0.071
1791276656 nonwsl_cores 0.1156 top Core Temp(25252) 0.033
1791276716 nonwsl_cores 0.1118 top Core Temp(25252) 0.034
1791276776 nonwsl_cores 0.1218 top explorer(11292) 0.034
1791276836 nonwsl_cores 0.1007 top Core Temp(25252) 0.030
1791276896 nonwsl_cores 0.1150 top Core Temp(25252) 0.034
1791276956 nonwsl_cores 0.1094 top explorer(11292) 0.032
1791277016 nonwsl_cores 0.1144 top Core Temp(25252) 0.034
1791277076 nonwsl_cores 0.1176 top Core Temp(25252) 0.035
1791277136 nonwsl_cores 0.1049 top Core Temp(25252) 0.034
1791277196 nonwsl_cores 0.1747 top msedgewebview2(17516) 0.060
1791277256 nonwsl_cores 0.1114 top Core Temp(25252) 0.034
1791277316 nonwsl_cores 0.1137 top explorer(11292) 0.035
1791277376 nonwsl_cores 0.1151 top explorer(11292) 0.035
1791277436 nonwsl_cores 0.1259 top Core Temp(25252) 0.034
1791277496 nonwsl_cores 0.1121 top explorer(11292) 0.030
1791277556 nonwsl_cores 0.1160 top Core Temp(25252) 0.031
1791277616 nonwsl_cores 0.1135 top Core Temp(25252) 0.035
1791277676 nonwsl_cores 0.1159 top Core Temp(25252) 0.034
1791277736 nonwsl_cores 0.1155 top Core Temp(25252) 0.032
1791277796 nonwsl_cores 0.1754 top msedgewebview2(17516) 0.061
1791277856 nonwsl_cores 0.1129 top Core Temp(25252) 0.031
1791277916 nonwsl_cores 0.1153 top Core Temp(25252) 0.033
1791277976 nonwsl_cores 0.1078 top explorer(11292) 0.031
1791278036 nonwsl_cores 0.1179 top Core Temp(25252) 0.033
1791278096 nonwsl_cores 0.1115 top Core Temp(25252) 0.033
1791278156 nonwsl_cores 0.1160 top Core Temp(25252) 0.031
1791278216 nonwsl_cores 0.1090 top Core Temp(25252) 0.032
1791278276 nonwsl_cores 0.1224 top explorer(11292) 0.032
1791278336 nonwsl_cores 0.1152 top Core Temp(25252) 0.033
1791278396 nonwsl_cores 0.1840 top msedgewebview2(17516) 0.071
1791278456 nonwsl_cores 0.1141 top explorer(11292) 0.033
1791278516 nonwsl_cores 0.1100 top Core Temp(25252) 0.033
1791278576 nonwsl_cores 0.1100 top explorer(11292) 0.034
1791278636 nonwsl_cores 0.1192 top Taskmgr(23624) 0.032
1791278696 nonwsl_cores 0.1098 top explorer(11292) 0.033
1791278756 nonwsl_cores 0.1052 top Core Temp(25252) 0.032
1791278816 nonwsl_cores 0.1101 top explorer(11292) 0.033
1791278876 nonwsl_cores 0.1117 top Core Temp(25252) 0.034
1791278936 nonwsl_cores 0.1137 top Core Temp(25252) 0.033
1791278996 nonwsl_cores 0.1908 top msedgewebview2(17516) 0.074
1791279056 nonwsl_cores 0.1089 top explorer(11292) 0.034
1791279116 nonwsl_cores 0.1128 top Core Temp(25252) 0.033
1791279176 nonwsl_cores 0.1160 top explorer(11292) 0.031
1791279236 nonwsl_cores 0.1183 top explorer(11292) 0.032
1791279296 nonwsl_cores 0.1164 top Core Temp(25252) 0.033
1791279356 nonwsl_cores 0.1034 top Core Temp(25252) 0.032
1791279416 nonwsl_cores 0.1139 top explorer(11292) 0.031
1791279476 nonwsl_cores 0.1102 top Core Temp(25252) 0.033
1791279536 nonwsl_cores 0.1217 top Core Temp(25252) 0.030
1791279596 nonwsl_cores 0.1756 top msedgewebview2(17516) 0.068
1791279656 nonwsl_cores 0.1130 top Core Temp(25252) 0.032
1791279716 nonwsl_cores 0.1060 top Core Temp(25252) 0.029
1791279776 nonwsl_cores 0.1111 top explorer(11292) 0.032
1791279836 nonwsl_cores 0.1168 top Core Temp(25252) 0.034
1791279896 nonwsl_cores 0.1092 top explorer(11292) 0.034
1791279956 nonwsl_cores 0.1118 top Core Temp(25252) 0.031
1791280016 nonwsl_cores 0.1092 top Core Temp(25252) 0.031
1791280076 nonwsl_cores 0.1171 top Core Temp(25252) 0.033
1791280136 nonwsl_cores 0.1086 top Core Temp(25252) 0.032
1791280196 nonwsl_cores 0.1826 top msedgewebview2(17516) 0.067
1791280256 nonwsl_cores 0.1122 top explorer(11292) 0.030
1791280316 nonwsl_cores 0.1167 top Core Temp(25252) 0.033
1791280376 nonwsl_cores 0.1052 top Core Temp(25252) 0.030
1791280436 nonwsl_cores 0.1265 top explorer(11292) 0.033
1791280497 nonwsl_cores 0.1229 top Core Temp(25252) 0.036
1791280556 nonwsl_cores 0.1117 top explorer(11292) 0.033
1791280617 nonwsl_cores 0.1183 top explorer(11292) 0.033
1791280676 nonwsl_cores 0.1136 top Core Temp(25252) 0.031
1791280737 nonwsl_cores 0.1099 top Core Temp(25252) 0.032
1791280796 nonwsl_cores 0.1792 top msedgewebview2(17516) 0.062
1791280857 nonwsl_cores 0.1076 top Core Temp(25252) 0.032
1791280916 nonwsl_cores 0.1124 top Core Temp(25252) 0.030
1791280977 nonwsl_cores 0.1055 top Core Temp(25252) 0.031
1791281037 nonwsl_cores 0.1171 top Core Temp(25252) 0.032
1791281096 nonwsl_cores 0.1097 top Core Temp(25252) 0.032
1791281157 nonwsl_cores 0.1107 top explorer(11292) 0.034
1791281216 nonwsl_cores 0.1164 top explorer(11292) 0.035
1791281277 nonwsl_cores 0.1045 top Core Temp(25252) 0.034
1791281337 nonwsl_cores 0.1251 top Core Temp(25252) 0.033
1791281397 nonwsl_cores 0.1882 top msedgewebview2(17516) 0.066
1791281457 nonwsl_cores 0.1125 top Core Temp(25252) 0.033
1791281517 nonwsl_cores 0.1075 top explorer(11292) 0.031
1791281577 nonwsl_cores 0.1099 top explorer(11292) 0.034
1791281637 nonwsl_cores 0.1220 top explorer(11292) 0.033
1791281697 nonwsl_cores 0.1139 top Core Temp(25252) 0.033
1791281757 nonwsl_cores 0.1078 top explorer(11292) 0.031
1791281817 nonwsl_cores 0.1144 top explorer(11292) 0.032
1791281877 nonwsl_cores 0.1133 top Core Temp(25252) 0.032
1791281937 nonwsl_cores 0.1056 top Core Temp(25252) 0.029
1791281997 nonwsl_cores 0.1872 top msedgewebview2(17516) 0.068
1791282057 nonwsl_cores 0.1098 top Core Temp(25252) 0.033
1791282117 nonwsl_cores 0.1114 top Core Temp(25252) 0.031
1791282177 nonwsl_cores 0.7483 top explorer(11292) 0.277
1791282237 nonwsl_cores 0.7283 top GoogleDriveFS(2520) 0.470
1791282297 nonwsl_cores 0.6847 top GoogleDriveFS(2520) 0.429
1791282357 nonwsl_cores 0.4192 top GoogleDriveFS(2520) 0.186
1791282417 nonwsl_cores 0.4661 top GoogleDriveFS(2520) 0.196
1791282477 nonwsl_cores 0.4522 top GoogleDriveFS(2520) 0.196
1791282537 nonwsl_cores 0.2676 top GoogleDriveFS(2520) 0.107
1791282597 nonwsl_cores 0.1696 top msedgewebview2(17516) 0.055
1791282657 nonwsl_cores 0.1092 top explorer(11292) 0.031
1791282717 nonwsl_cores 0.1033 top explorer(11292) 0.031
1791282777 nonwsl_cores 0.1088 top explorer(11292) 0.031
1791282837 nonwsl_cores 0.1089 top Core Temp(25252) 0.029
1791282897 nonwsl_cores 0.1208 top explorer(11292) 0.037
1791282957 nonwsl_cores 0.1173 top explorer(11292) 0.033
1791283017 nonwsl_cores 0.1144 top Taskmgr(23624) 0.031
1791283077 nonwsl_cores 0.1072 top explorer(11292) 0.032
1791283137 nonwsl_cores 0.1036 top Core Temp(25252) 0.034
1791283197 nonwsl_cores 0.1934 top msedgewebview2(17516) 0.074
1791283257 nonwsl_cores 0.1155 top Core Temp(25252) 0.033
1791283317 nonwsl_cores 0.1195 top Core Temp(25252) 0.036
1791283377 nonwsl_cores 0.1206 top explorer(11292) 0.032
1791283437 nonwsl_cores 0.1977 top msedge(19424) 0.044
1791283497 nonwsl_cores 0.1335 top explorer(11292) 0.037
1791283557 nonwsl_cores 0.1247 top Core Temp(25252) 0.033
1791283617 nonwsl_cores 0.1093 top Core Temp(25252) 0.035
1791283677 nonwsl_cores 0.1378 top explorer(11292) 0.034
1791283737 nonwsl_cores 0.1270 top explorer(11292) 0.034
1791283797 nonwsl_cores 0.1781 top msedgewebview2(17516) 0.064
1791283857 nonwsl_cores 0.1177 top Core Temp(25252) 0.032
1791283917 nonwsl_cores 0.1240 top Core Temp(25252) 0.038
1791283977 nonwsl_cores 0.1091 top Core Temp(25252) 0.035
1791284037 nonwsl_cores 0.1143 top Core Temp(25252) 0.034
1791284097 nonwsl_cores 0.1233 top explorer(11292) 0.032
1791284157 nonwsl_cores 0.1068 top Core Temp(25252) 0.029
1791284217 nonwsl_cores 0.1420 top explorer(11292) 0.034
1791284277 nonwsl_cores 0.1064 top Core Temp(25252) 0.032
1791284337 nonwsl_cores 0.1114 top Core Temp(25252) 0.030
1791284397 nonwsl_cores 0.1792 top msedgewebview2(17516) 0.060
1791284457 nonwsl_cores 0.1143 top explorer(11292) 0.035
1791284517 nonwsl_cores 0.1213 top Core Temp(25252) 0.032
1791284577 nonwsl_cores 0.1155 top Core Temp(25252) 0.034
1791284637 nonwsl_cores 0.1131 top Core Temp(25252) 0.030
1791284698 nonwsl_cores 0.1114 top explorer(11292) 0.034
1791284757 nonwsl_cores 0.1275 top Core Temp(25252) 0.040
1791284817 nonwsl_cores 0.1064 top explorer(11292) 0.030
1791284877 nonwsl_cores 0.1098 top Core Temp(25252) 0.032
1791284937 nonwsl_cores 0.1235 top explorer(11292) 0.037
1791284997 nonwsl_cores 0.2060 top msedgewebview2(17516) 0.079
1791285057 nonwsl_cores 0.1213 top Core Temp(25252) 0.035
1791285117 nonwsl_cores 0.1084 top Core Temp(25252) 0.032
1791285178 nonwsl_cores 0.1136 top Core Temp(25252) 0.036
1791285237 nonwsl_cores 0.1156 top explorer(11292) 0.037
1791285297 nonwsl_cores 0.0804 top Core Temp(25252) 0.028
1791285332 nonwsl_cores 0.0827 top Core Temp(25252) 0.028 (closing)
