1791313822 first snapshot (117 processes)
1791313882 nonwsl_cores 0.2680 top remoting_host(24796) 0.079
1791313943 nonwsl_cores 0.2688 top remoting_host(24796) 0.068
1791314002 nonwsl_cores 0.2704 top remoting_host(24796) 0.072
1791314062 nonwsl_cores 0.2660 top remoting_host(24796) 0.075
1791314122 nonwsl_cores 0.2856 top remoting_host(24796) 0.076
1791314182 nonwsl_cores 0.2650 top remoting_host(24796) 0.077
1791314242 nonwsl_cores 0.2564 top remoting_host(24796) 0.071
1791314303 nonwsl_cores 0.3257 top remoting_host(24796) 0.099
1791314363 nonwsl_cores 0.3355 top remoting_host(24796) 0.072
1791314423 nonwsl_cores 0.2712 top remoting_host(24796) 0.069
1791314483 nonwsl_cores 0.2790 top remoting_host(24796) 0.077
1791314543 nonwsl_cores 0.2680 top remoting_host(24796) 0.074
1791314602 nonwsl_cores 0.2755 top remoting_host(24796) 0.073
1791314663 nonwsl_cores 0.2713 top remoting_host(24796) 0.071
1791314723 nonwsl_cores 0.2704 top remoting_host(24796) 0.068
1791314783 nonwsl_cores 0.2704 top remoting_host(24796) 0.073
1791314843 nonwsl_cores 0.2697 top remoting_host(24796) 0.075
1791314903 nonwsl_cores 0.2678 top remoting_host(24796) 0.074
1791314963 nonwsl_cores 0.3419 top remoting_host(24796) 0.077
1791315023 nonwsl_cores 0.2701 top remoting_host(24796) 0.072
1791315083 nonwsl_cores 0.2674 top remoting_host(24796) 0.071
1791315143 nonwsl_cores 0.2566 top remoting_host(24796) 0.069
1791315203 nonwsl_cores 0.2821 top remoting_host(24796) 0.079
1791315263 nonwsl_cores 0.2617 top remoting_host(24796) 0.070
1791315323 nonwsl_cores 0.2775 top remoting_host(24796) 0.073
1791315383 nonwsl_cores 0.2811 top remoting_host(24796) 0.074
1791315443 nonwsl_cores 0.2773 top remoting_host(24796) 0.078
1791315503 nonwsl_cores 0.2686 top remoting_host(24796) 0.070
1791315563 nonwsl_cores 0.3390 top remoting_host(24796) 0.079
1791315623 nonwsl_cores 0.2762 top remoting_host(24796) 0.074
1791315683 nonwsl_cores 0.2778 top remoting_host(24796) 0.074
1791315743 nonwsl_cores 0.2807 top remoting_host(24796) 0.073
1791315803 nonwsl_cores 0.2612 top remoting_host(24796) 0.070
1791315863 nonwsl_cores 0.2694 top remoting_host(24796) 0.070
1791315923 nonwsl_cores 0.2639 top remoting_host(24796) 0.074
1791315983 nonwsl_cores 0.2658 top WindowsTerminal(23300) 0.069
1791316043 nonwsl_cores 0.2675 top WindowsTerminal(23300) 0.069
1791316103 nonwsl_cores 0.2712 top remoting_host(24796) 0.068
1791316163 nonwsl_cores 0.3313 top remoting_host(24796) 0.071
1791316223 nonwsl_cores 0.2811 top remoting_host(24796) 0.069
1791316283 nonwsl_cores 0.2671 top remoting_host(24796) 0.071
1791316343 nonwsl_cores 0.2792 top remoting_host(24796) 0.081
1791316403 nonwsl_cores 0.2731 top remoting_host(24796) 0.078
1791316463 nonwsl_cores 0.2776 top remoting_host(24796) 0.075
1791316523 nonwsl_cores 0.2705 top remoting_host(24796) 0.074
1791316583 nonwsl_cores 0.2691 top WindowsTerminal(23300) 0.067
1791316643 nonwsl_cores 0.2658 top remoting_host(24796) 0.073
1791316703 nonwsl_cores 0.2747 top remoting_host(24796) 0.070
1791316763 nonwsl_cores 0.3317 top remoting_host(24796) 0.076
1791316823 nonwsl_cores 0.2643 top remoting_host(24796) 0.072
1791316883 nonwsl_cores 0.2828 top remoting_host(24796) 0.076
1791316943 nonwsl_cores 0.2807 top remoting_host(24796) 0.081
1791317003 nonwsl_cores 0.2692 top remoting_host(24796) 0.071
1791317063 nonwsl_cores 0.2671 top remoting_host(24796) 0.075
1791317123 nonwsl_cores 0.2742 top remoting_host(24796) 0.069
1791317183 nonwsl_cores 0.2780 top remoting_host(24796) 0.078
1791317243 nonwsl_cores 0.2709 top remoting_host(24796) 0.080
1791317303 nonwsl_cores 0.2693 top remoting_host(24796) 0.069
1791317363 nonwsl_cores 0.3372 top remoting_host(24796) 0.078
1791317423 nonwsl_cores 0.2552 top WindowsTerminal(23300) 0.066
1791317483 nonwsl_cores 0.2663 top remoting_host(24796) 0.071
1791317543 nonwsl_cores 0.2726 top remoting_host(24796) 0.076
1791317603 nonwsl_cores 0.2775 top remoting_host(24796) 0.070
1791317663 nonwsl_cores 0.2799 top remoting_host(24796) 0.077
1791317723 nonwsl_cores 0.2711 top remoting_host(24796) 0.077
1791317783 nonwsl_cores 0.2861 top remoting_host(24796) 0.076
1791317843 nonwsl_cores 0.2785 top remoting_host(24796) 0.073
1791317903 nonwsl_cores 0.2958 top remoting_host(24796) 0.080
1791317963 nonwsl_cores 0.3446 top remoting_host(24796) 0.074
1791318023 nonwsl_cores 0.2828 top remoting_host(24796) 0.082
1791318083 nonwsl_cores 0.2784 top remoting_host(24796) 0.078
1791318143 nonwsl_cores 0.2738 top remoting_host(24796) 0.073
1791318203 nonwsl_cores 0.2599 top remoting_host(24796) 0.068
1791318264 nonwsl_cores 0.2912 top remoting_host(24796) 0.080
1791318323 nonwsl_cores 0.2864 top remoting_host(24796) 0.077
1791318384 nonwsl_cores 0.2750 top remoting_host(24796) 0.077
1791318444 nonwsl_cores 0.2874 top remoting_host(24796) 0.081
1791318504 nonwsl_cores 0.2820 top remoting_host(24796) 0.075
1791318564 nonwsl_cores 0.3361 top remoting_host(24796) 0.081
1791318624 nonwsl_cores 0.2756 top remoting_host(24796) 0.075
1791318684 nonwsl_cores 0.2896 top remoting_host(24796) 0.075
1791318744 nonwsl_cores 0.2879 top remoting_host(24796) 0.077
1791318804 nonwsl_cores 0.2733 top remoting_host(24796) 0.075
1791318864 nonwsl_cores 0.2951 top remoting_host(24796) 0.084
1791318870 nonwsl_cores 0.2805 top remoting_host(24796) 0.080 (closing)
