[post 14:30:34] case /home/azan/paper6_t6_work/scratchpad/item3_M1_pilot/p5/cases_v2/139_resistance package 139_right_RCA_prox_10mm_70ds__baseline__real label 139 mode resistance out /mnt/e/Paper6-T6/Paper6-T6/cfd_handover/returns/2026-10-03/P5/139 (P=/home/azan/paper6_t6_work/scratchpad/item3_M1_pilot, helpers /home/azan/paper6_t6_work/scratchpad/item3_M1_pilot/pf)
[post 14:30:34] + python3 /home/azan/paper6_t6_work/scratchpad/item3_M1_pilot/pf/post_helpers.py finished /home/azan/paper6_t6_work/scratchpad/item3_M1_pilot/p5/cases_v2/139_resistance --json /mnt/e/Paper6-T6/Paper6-T6/cfd_handover/returns/2026-10-03/P5/139/run_completion_139_resistance.json
RUN COMPLETE: last Time 3000 = endTime, End at line 132133
[post 14:30:35] + post_helpers.py package-check /home/azan/paper6_t6_work/scratchpad/item3_M1_pilot/p5/cases_v2/139_resistance 139_right_RCA_prox_10mm_70ds__baseline__real 
[post 14:30:36] package verified against build_info package_hashes: /mnt/e/Paper6-T6/Paper6-T6/cfd_handover/packages/P5/139_right_RCA_prox_10mm_70ds__baseline__real
[post 14:30:36] + nice -n 10 python3 /home/azan/paper6_t6_work/scratchpad/item3_M1_pilot/pf/analyze_case.py /home/azan/paper6_t6_work/scratchpad/item3_M1_pilot/p5/cases_v2/139_resistance --json /home/azan/paper6_t6_work/scratchpad/item3_M1_pilot/p5/cases_v2/139_resistance/analysis_pf.json --cached --require-finished
139_resistance: VERDICT CONVERGED  residuals p=7.52e-09 U=(1.9e-10,4.1e-10,4.7e-10) log iter 3000; failed checks: []
139_resistance: last iter 3000, sum outlets 0.47919 mL/s, mass imbalance -6.26054630823967e-06 %, inlet static p 11997.38 Pa (0.99987 Paorta), band(200) 0.0000 %
outlet         Q mL/s   0D mL/s  Q/0D-1 %    P/Pao   BCerr %  band200 %  band500 %
out_367       0.24407   0.22080    +10.53  0.73737   +0.0000    0.00007    0.00007
out_550       0.23513   0.21461     +9.56  0.71410   -0.0000    0.00000    0.00002
139_resistance: STRICT checks {'monitors_time_aligned': True, 'inlet_flux_band200_lt_0_1pct': True, 'log_no_fatal_or_nonfinite': True, 'residuals_all_finite': True} inlet-flux band(200) 1.3564516926143808e-05 %, log finished True
[post 14:30:37] latest time already reconstructed and verified: reconstructPar not re-run
[post 14:30:37] + python3 /home/azan/paper6_t6_work/scratchpad/item3_M1_pilot/pf/post_helpers.py reconstruct-check /home/azan/paper6_t6_work/scratchpad/item3_M1_pilot/p5/cases_v2/139_resistance /mnt/e/Paper6-T6/Paper6-T6/cfd_handover/returns/2026-10-03/P5/139/reconstruct_check_139_resistance.json
RECONSTRUCT OK: time 3000, fields {'U': 99510909, 'p': 33164774}
[post 14:30:37] + nice -n 10 python3 /home/azan/paper6_t6_work/scratchpad/item3_M1_pilot/pf/m1_probes.py /home/azan/paper6_t6_work/scratchpad/item3_M1_pilot/p5/cases_v2/139_resistance /mnt/e/Paper6-T6/Paper6-T6/cfd_handover/packages/P5/139_right_RCA_prox_10mm_70ds__baseline__real 139 resistance --out /mnt/e/Paper6-T6/Paper6-T6/cfd_handover/returns/2026-10-03/P5/139/M1_probes_139_resistance.csv
wrote /mnt/e/Paper6-T6/Paper6-T6/cfd_handover/returns/2026-10-03/P5/139/M1_probes_139_resistance.csv: 33 probes, 33 valid sections, time 3000.0
no radius provenance as_meshed_radius_139_provenance.json: regenerate
[post 14:31:02] + nice -n 10 python3 /home/azan/paper6_t6_work/scratchpad/item3_M1_pilot/pf/as_meshed_radius.py /home/azan/paper6_t6_work/scratchpad/item3_M1_pilot/p5/cases_v2/139_resistance /mnt/e/Paper6-T6/Paper6-T6/cfd_handover/packages/P5/139_right_RCA_prox_10mm_70ds__baseline__real 139 /mnt/e/Paper6-T6/Paper6-T6/cfd_handover/returns/2026-10-03/P5/139/as_meshed_radius_139_detail.csv --contract /mnt/e/Paper6-T6/Paper6-T6/cfd_handover/returns/2026-10-03/P5/139/as_meshed_radius_139
139: mesh 4138185 cells, 498 centreline nodes
  0/498 (0 s)
  100/498 (93 s)
  200/498 (125 s)
  300/498 (158 s)
  400/498 (183 s)
wrote /mnt/e/Paper6-T6/Paper6-T6/cfd_handover/returns/2026-10-03/P5/139/as_meshed_radius_139_detail.csv: 498 nodes, 481 valid sections
wrote /mnt/e/Paper6-T6/Paper6-T6/cfd_handover/returns/2026-10-03/P5/139/as_meshed_radius_139.csv: 481/498 covered
wrote /mnt/e/Paper6-T6/Paper6-T6/cfd_handover/returns/2026-10-03/P5/139/as_meshed_radius_139_inscribed.csv: 481/498 covered
[post 14:34:36] + python3 /home/azan/paper6_t6_work/scratchpad/item3_M1_pilot/pf/post_helpers.py radius-commit /mnt/e/Paper6-T6/Paper6-T6/cfd_handover/returns/2026-10-03/P5/139/as_meshed_radius_139
wrote /mnt/e/Paper6-T6/Paper6-T6/cfd_handover/returns/2026-10-03/P5/139/as_meshed_radius_139_provenance.json
[post 14:34:36] as-meshed radius: regenerated; provenance written
[post 14:34:36] + python3 /home/azan/paper6_t6_work/scratchpad/item3_M1_pilot/pf/post_helpers.py fill /home/azan/paper6_t6_work/scratchpad/item3_M1_pilot/p5/cases_v2/139_resistance 139_right_RCA_prox_10mm_70ds__baseline__real /mnt/e/Paper6-T6/Paper6-T6/cfd_handover/returns/2026-10-03/P5/139/fill_139_resistance.json --gates /home/azan/paper6_t6_work/scratchpad/item3_M1_pilot/p5/out/139/gates.json --mesh-gates /home/azan/paper6_t6_work/scratchpad/item3_M1_pilot/p5/mesh/139/mesh_gates.json --d34 /home/azan/paper6_t6_work/scratchpad/item3_M1_pilot/p5/mesh/139/d34.json
wrote /mnt/e/Paper6-T6/Paper6-T6/cfd_handover/returns/2026-10-03/P5/139/fill_139_resistance.json (geometry gates: /home/azan/paper6_t6_work/scratchpad/item3_M1_pilot/p5/out/139/gates.json [--gates]; mesh gates: /home/azan/paper6_t6_work/scratchpad/item3_M1_pilot/p5/mesh/139/mesh_gates.json [--mesh-gates]; d34: /home/azan/paper6_t6_work/scratchpad/item3_M1_pilot/p5/mesh/139/d34.json [--d34]): flags D2_RELATIVE_THROAT_GATE_FAIL;D3_FAIL;D4_FAIL
[post 14:34:36] + nice -n 10 python3 /home/azan/paper6_t6_work/scratchpad/item3_M1_pilot/pf/m1_results.py /home/azan/paper6_t6_work/scratchpad/item3_M1_pilot/p5/cases_v2/139_resistance 139 resistance --analysis /home/azan/paper6_t6_work/scratchpad/item3_M1_pilot/p5/cases_v2/139_resistance/analysis_pf.json --probes /mnt/e/Paper6-T6/Paper6-T6/cfd_handover/returns/2026-10-03/P5/139/M1_probes_139_resistance.csv --fill-json /mnt/e/Paper6-T6/Paper6-T6/cfd_handover/returns/2026-10-03/P5/139/fill_139_resistance.json --outdir /mnt/e/Paper6-T6/Paper6-T6/cfd_handover/returns/2026-10-03/P5/139
/home/azan/paper6_t6_work/scratchpad/item3_M1_pilot/p5/cases_v2/139_resistance/analysis_pf.json: cached analysis reused (provenance matches)
Re_source: probes row p004 (kind throat, s_mm=20.024235314482233) of M1_probes_139_resistance.csv: |Q_through|=0.47952 mL/s, D=2 r_eq=0.684822 mm, Re=236.3 (Re_section column 236.3, agrees)
wrote /mnt/e/Paper6-T6/Paper6-T6/cfd_handover/returns/2026-10-03/P5/139/M1_outlets_139_resistance.csv and the (139, resistance) row of /mnt/e/Paper6-T6/Paper6-T6/cfd_handover/returns/2026-10-03/P5/139/M1_results.csv
[post 14:34:36] + python3 /home/azan/paper6_t6_work/scratchpad/item3_M1_pilot/pf/post_helpers.py history /home/azan/paper6_t6_work/scratchpad/item3_M1_pilot/p5/cases_v2/139_resistance /mnt/e/Paper6-T6/Paper6-T6/cfd_handover/returns/2026-10-03/P5/139/M1_monitor_history_139_resistance.csv --probes /mnt/e/Paper6-T6/Paper6-T6/cfd_handover/returns/2026-10-03/P5/139/M1_probes_139_resistance.csv --json /mnt/e/Paper6-T6/Paper6-T6/cfd_handover/returns/2026-10-03/P5/139/M1_monitor_history_139_resistance.json
cross-check measurementP vs probes row p009 (measurement): p/P_aorta 0.856738 vs 0.856738 (diff -1.80e-09); area 3.70069 vs 3.70069 mm2: OK
cross-check throatP vs probes row p004 (throat): p/P_aorta 0.841035 vs 0.841036 (diff -1.16e-06); area 0.36852 vs 0.36834 mm2: OK
wrote /mnt/e/Paper6-T6/Paper6-T6/cfd_handover/returns/2026-10-03/P5/139/M1_monitor_history_139_resistance.csv: 3000 iterations, monitors ['measurementFlux', 'measurementP', 'throatFlux', 'throatP']; measurementP last p/P_aorta 0.856738
[post 14:34:36] + python3 /home/azan/paper6_t6_work/scratchpad/item3_M1_pilot/b1_settle.py /mnt/e/Paper6-T6/Paper6-T6/cfd_handover/returns/2026-10-03/P5/139/settle_139_resistance.csv --case /home/azan/paper6_t6_work/scratchpad/item3_M1_pilot/p5/cases_v2/139_resistance:
returns folder: None
139_resistance ok first 968 perm 968 end 3000 floored 968 dFFR(first) 2.9161488727114104e-06 B1 clk 7811 / 18568
[post 14:34:37] + nice -n 10 python3 /home/azan/paper6_t6_work/scratchpad/item3_M1_pilot/flow_state_profile.py profile /home/azan/paper6_t6_work/scratchpad/item3_M1_pilot/p5/cases_v2/139_resistance --package /mnt/e/Paper6-T6/Paper6-T6/cfd_handover/packages/P5/139_right_RCA_prox_10mm_70ds__baseline__real --label 139_resistance --out /mnt/e/Paper6-T6/Paper6-T6/cfd_handover/returns/2026-10-03/P5/139/flow_state_139_resistance.csv
wrote /mnt/e/Paper6-T6/Paper6-T6/cfd_handover/returns/2026-10-03/P5/139/flow_state_139_resistance.csv: 23/25 valid sections, time 3000.0; max offset/r_eq 0.8475 at s-s_throat 6.0 mm, direction persistence 0.193
[post 14:35:12] + python3 /home/azan/paper6_t6_work/scratchpad/item3_M1_pilot/pf/post_helpers.py summary /home/azan/paper6_t6_work/scratchpad/item3_M1_pilot/p5/cases_v2/139_resistance /mnt/e/Paper6-T6/Paper6-T6/cfd_handover/returns/2026-10-03/P5/139 139 resistance /mnt/e/Paper6-T6/Paper6-T6/cfd_handover/returns/2026-10-03/P5/139/post_summary_139_resistance.json /mnt/e/Paper6-T6/Paper6-T6/cfd_handover/returns/2026-10-03/P5/139/run_completion_139_resistance.json /mnt/e/Paper6-T6/Paper6-T6/cfd_handover/returns/2026-10-03/P5/139/package_check_139_resistance.json /mnt/e/Paper6-T6/Paper6-T6/cfd_handover/returns/2026-10-03/P5/139/M1_probes_139_resistance.csv /mnt/e/Paper6-T6/Paper6-T6/cfd_handover/returns/2026-10-03/P5/139/M1_outlets_139_resistance.csv /mnt/e/Paper6-T6/Paper6-T6/cfd_handover/returns/2026-10-03/P5/139/M1_results.csv /mnt/e/Paper6-T6/Paper6-T6/cfd_handover/returns/2026-10-03/P5/139/fill_139_resistance.json /mnt/e/Paper6-T6/Paper6-T6/cfd_handover/returns/2026-10-03/P5/139/M1_monitor_history_139_resistance.csv /mnt/e/Paper6-T6/Paper6-T6/cfd_handover/returns/2026-10-03/P5/139/M1_monitor_history_139_resistance.json /mnt/e/Paper6-T6/Paper6-T6/cfd_handover/returns/2026-10-03/P5/139/settle_139_resistance.csv /mnt/e/Paper6-T6/Paper6-T6/cfd_handover/returns/2026-10-03/P5/139/reconstruct_check_139_resistance.json /mnt/e/Paper6-T6/Paper6-T6/cfd_handover/returns/2026-10-03/P5/139/as_meshed_radius_139.csv /mnt/e/Paper6-T6/Paper6-T6/cfd_handover/returns/2026-10-03/P5/139/as_meshed_radius_139_inscribed.csv /mnt/e/Paper6-T6/Paper6-T6/cfd_handover/returns/2026-10-03/P5/139/as_meshed_radius_139_detail.csv /mnt/e/Paper6-T6/Paper6-T6/cfd_handover/returns/2026-10-03/P5/139/as_meshed_radius_139_provenance.json /mnt/e/Paper6-T6/Paper6-T6/cfd_handover/returns/2026-10-03/P5/139/flow_state_139_resistance.csv
wrote /mnt/e/Paper6-T6/Paper6-T6/cfd_handover/returns/2026-10-03/P5/139/post_summary_139_resistance.json: flags D2_RELATIVE_THROAT_GATE_FAIL;D3_FAIL;D4_FAIL, verdict CONVERGED, wall clock 18568 s, cells 4138185, peak RAM n/a GB, measurement probe used p009 (PASS)
[post 14:35:12] POSTDONE 139 resistance (processor directories kept: remove them only after checking /mnt/e/Paper6-T6/Paper6-T6/cfd_handover/returns/2026-10-03/P5/139/reconstruct_check_139_resistance.json and the outputs)
