[post 19:13:43] case /home/azan/paper6_t6_work/scratchpad/item3_M1_pilot/p5/cases_v2/69_resistance package 69_left_LCX_prox_20mm_65ds__baseline__real label 69 mode resistance out /mnt/e/Paper6-T6/Paper6-T6/cfd_handover/returns/2026-10-03/P5/69 (P=/home/azan/paper6_t6_work/scratchpad/item3_M1_pilot, helpers /home/azan/paper6_t6_work/scratchpad/item3_M1_pilot/pf)
[post 19:13:43] + python3 /home/azan/paper6_t6_work/scratchpad/item3_M1_pilot/pf/post_helpers.py finished /home/azan/paper6_t6_work/scratchpad/item3_M1_pilot/p5/cases_v2/69_resistance --json /mnt/e/Paper6-T6/Paper6-T6/cfd_handover/returns/2026-10-03/P5/69/run_completion_69_resistance.json
RUN COMPLETE: last Time 3000 = endTime, End at line 168163
[post 19:13:44] + post_helpers.py package-check /home/azan/paper6_t6_work/scratchpad/item3_M1_pilot/p5/cases_v2/69_resistance 69_left_LCX_prox_20mm_65ds__baseline__real 
[post 19:13:45] package verified against build_info package_hashes: /mnt/e/Paper6-T6/Paper6-T6/cfd_handover/packages/P5/69_left_LCX_prox_20mm_65ds__baseline__real
[post 19:13:45] + nice -n 10 python3 /home/azan/paper6_t6_work/scratchpad/item3_M1_pilot/pf/analyze_case.py /home/azan/paper6_t6_work/scratchpad/item3_M1_pilot/p5/cases_v2/69_resistance --json /home/azan/paper6_t6_work/scratchpad/item3_M1_pilot/p5/cases_v2/69_resistance/analysis_pf.json --cached --require-finished
69_resistance: VERDICT CONVERGED  residuals p=1.25e-08 U=(2.9e-08,2.6e-08,2.2e-08) log iter 3000; failed checks: []
69_resistance: last iter 3000, sum outlets 2.88206 mL/s, mass imbalance -1.734870226763278e-07 %, inlet static p 11976.81 Pa (0.99815 Paorta), band(200) 0.0000 %
outlet         Q mL/s   0D mL/s  Q/0D-1 %    P/Pao   BCerr %  band200 %  band500 %
out_282       0.89176   0.90026     -0.94  0.86256   +0.0000    0.00000    0.00000
out_369       0.74970   0.77648     -3.45  0.83787   -0.0000    0.00000    0.00000
out_486       0.62339   0.63403     -1.68  0.71476   +0.0000    0.00006    0.00034
out_657       0.61721   0.58542     +5.43  0.70705   +0.0000    0.00001    0.00006
69_resistance: STRICT checks {'monitors_time_aligned': True, 'inlet_flux_band200_lt_0_1pct': True, 'log_no_fatal_or_nonfinite': True, 'residuals_all_finite': True} inlet-flux band(200) 1.5613831455274003e-05 %, log finished True
[post 19:13:46] latest time already reconstructed and verified: reconstructPar not re-run
[post 19:13:46] + python3 /home/azan/paper6_t6_work/scratchpad/item3_M1_pilot/pf/post_helpers.py reconstruct-check /home/azan/paper6_t6_work/scratchpad/item3_M1_pilot/p5/cases_v2/69_resistance /mnt/e/Paper6-T6/Paper6-T6/cfd_handover/returns/2026-10-03/P5/69/reconstruct_check_69_resistance.json
RECONSTRUCT OK: time 3000, fields {'U': 101587325, 'p': 33831621}
[post 19:13:46] + nice -n 10 python3 /home/azan/paper6_t6_work/scratchpad/item3_M1_pilot/pf/m1_probes.py /home/azan/paper6_t6_work/scratchpad/item3_M1_pilot/p5/cases_v2/69_resistance /mnt/e/Paper6-T6/Paper6-T6/cfd_handover/packages/P5/69_left_LCX_prox_20mm_65ds__baseline__real 69 resistance --out /mnt/e/Paper6-T6/Paper6-T6/cfd_handover/returns/2026-10-03/P5/69/M1_probes_69_resistance.csv
wrote /mnt/e/Paper6-T6/Paper6-T6/cfd_handover/returns/2026-10-03/P5/69/M1_probes_69_resistance.csv: 22 probes, 22 valid sections, time 3000.0
no radius provenance as_meshed_radius_69_provenance.json: regenerate
[post 19:14:23] + nice -n 10 python3 /home/azan/paper6_t6_work/scratchpad/item3_M1_pilot/pf/as_meshed_radius.py /home/azan/paper6_t6_work/scratchpad/item3_M1_pilot/p5/cases_v2/69_resistance /mnt/e/Paper6-T6/Paper6-T6/cfd_handover/packages/P5/69_left_LCX_prox_20mm_65ds__baseline__real 69 /mnt/e/Paper6-T6/Paper6-T6/cfd_handover/returns/2026-10-03/P5/69/as_meshed_radius_69_detail.csv --contract /mnt/e/Paper6-T6/Paper6-T6/cfd_handover/returns/2026-10-03/P5/69/as_meshed_radius_69
69: mesh 4218023 cells, 604 centreline nodes
  0/604 (1 s)
  100/604 (113 s)
  200/604 (143 s)
  300/604 (169 s)
  400/604 (202 s)
  500/604 (252 s)
  600/604 (286 s)
wrote /mnt/e/Paper6-T6/Paper6-T6/cfd_handover/returns/2026-10-03/P5/69/as_meshed_radius_69_detail.csv: 604 nodes, 592 valid sections
wrote /mnt/e/Paper6-T6/Paper6-T6/cfd_handover/returns/2026-10-03/P5/69/as_meshed_radius_69.csv: 592/604 covered
wrote /mnt/e/Paper6-T6/Paper6-T6/cfd_handover/returns/2026-10-03/P5/69/as_meshed_radius_69_inscribed.csv: 592/604 covered
[post 19:19:24] + python3 /home/azan/paper6_t6_work/scratchpad/item3_M1_pilot/pf/post_helpers.py radius-commit /mnt/e/Paper6-T6/Paper6-T6/cfd_handover/returns/2026-10-03/P5/69/as_meshed_radius_69
wrote /mnt/e/Paper6-T6/Paper6-T6/cfd_handover/returns/2026-10-03/P5/69/as_meshed_radius_69_provenance.json
[post 19:19:25] as-meshed radius: regenerated; provenance written
[post 19:19:25] + python3 /home/azan/paper6_t6_work/scratchpad/item3_M1_pilot/pf/post_helpers.py fill /home/azan/paper6_t6_work/scratchpad/item3_M1_pilot/p5/cases_v2/69_resistance 69_left_LCX_prox_20mm_65ds__baseline__real /mnt/e/Paper6-T6/Paper6-T6/cfd_handover/returns/2026-10-03/P5/69/fill_69_resistance.json --gates /home/azan/paper6_t6_work/scratchpad/item3_M1_pilot/p5/out/69/gates.json --mesh-gates /home/azan/paper6_t6_work/scratchpad/item3_M1_pilot/p5/mesh/69/mesh_gates.json --d34 /home/azan/paper6_t6_work/scratchpad/item3_M1_pilot/p5/mesh/69/d34.json
wrote /mnt/e/Paper6-T6/Paper6-T6/cfd_handover/returns/2026-10-03/P5/69/fill_69_resistance.json (geometry gates: /home/azan/paper6_t6_work/scratchpad/item3_M1_pilot/p5/out/69/gates.json [--gates]; mesh gates: /home/azan/paper6_t6_work/scratchpad/item3_M1_pilot/p5/mesh/69/mesh_gates.json [--mesh-gates]; d34: /home/azan/paper6_t6_work/scratchpad/item3_M1_pilot/p5/mesh/69/d34.json [--d34]): flags LESION_PURITY_GATE_FAIL;POSITIVE_CONTROL_UNDETECTED
[post 19:19:25] + nice -n 10 python3 /home/azan/paper6_t6_work/scratchpad/item3_M1_pilot/pf/m1_results.py /home/azan/paper6_t6_work/scratchpad/item3_M1_pilot/p5/cases_v2/69_resistance 69 resistance --analysis /home/azan/paper6_t6_work/scratchpad/item3_M1_pilot/p5/cases_v2/69_resistance/analysis_pf.json --probes /mnt/e/Paper6-T6/Paper6-T6/cfd_handover/returns/2026-10-03/P5/69/M1_probes_69_resistance.csv --fill-json /mnt/e/Paper6-T6/Paper6-T6/cfd_handover/returns/2026-10-03/P5/69/fill_69_resistance.json --outdir /mnt/e/Paper6-T6/Paper6-T6/cfd_handover/returns/2026-10-03/P5/69
/home/azan/paper6_t6_work/scratchpad/item3_M1_pilot/p5/cases_v2/69_resistance/analysis_pf.json: cached analysis reused (provenance matches)
Re_source: probes row p004 (kind throat, s_mm=19.968439226816404) of M1_probes_69_resistance.csv: |Q_through|=1.24205 mL/s, D=2 r_eq=1.14658 mm, Re=365.5 (Re_section column 365.5, agrees)
wrote /mnt/e/Paper6-T6/Paper6-T6/cfd_handover/returns/2026-10-03/P5/69/M1_outlets_69_resistance.csv and the (69, resistance) row of /mnt/e/Paper6-T6/Paper6-T6/cfd_handover/returns/2026-10-03/P5/69/M1_results.csv
[post 19:19:25] + python3 /home/azan/paper6_t6_work/scratchpad/item3_M1_pilot/pf/post_helpers.py history /home/azan/paper6_t6_work/scratchpad/item3_M1_pilot/p5/cases_v2/69_resistance /mnt/e/Paper6-T6/Paper6-T6/cfd_handover/returns/2026-10-03/P5/69/M1_monitor_history_69_resistance.csv --probes /mnt/e/Paper6-T6/Paper6-T6/cfd_handover/returns/2026-10-03/P5/69/M1_probes_69_resistance.csv --json /mnt/e/Paper6-T6/Paper6-T6/cfd_handover/returns/2026-10-03/P5/69/M1_monitor_history_69_resistance.json
cross-check measurementP vs probes row p012 (measurement): p/P_aorta 0.869601 vs 0.869601 (diff +3.45e-10); area 3.43920 vs 3.43920 mm2: OK
cross-check throatP vs probes row p004 (throat): p/P_aorta 0.872045 vs 0.872045 (diff -1.10e-08); area 1.03251 vs 1.03252 mm2: OK
wrote /mnt/e/Paper6-T6/Paper6-T6/cfd_handover/returns/2026-10-03/P5/69/M1_monitor_history_69_resistance.csv: 3000 iterations, monitors ['measurementFlux', 'measurementP', 'throatFlux', 'throatP']; measurementP last p/P_aorta 0.869601
[post 19:19:26] + python3 /home/azan/paper6_t6_work/scratchpad/item3_M1_pilot/b1_settle.py /mnt/e/Paper6-T6/Paper6-T6/cfd_handover/returns/2026-10-03/P5/69/settle_69_resistance.csv --case /home/azan/paper6_t6_work/scratchpad/item3_M1_pilot/p5/cases_v2/69_resistance:
returns folder: None
69_resistance ok first 1099 perm 1099 end 3000 floored 1099 dFFR(first) -6.308419548961552e-07 B1 clk 17395 / 37092
[post 19:19:27] + nice -n 10 python3 /home/azan/paper6_t6_work/scratchpad/item3_M1_pilot/flow_state_profile.py profile /home/azan/paper6_t6_work/scratchpad/item3_M1_pilot/p5/cases_v2/69_resistance --package /mnt/e/Paper6-T6/Paper6-T6/cfd_handover/packages/P5/69_left_LCX_prox_20mm_65ds__baseline__real --label 69_resistance --out /mnt/e/Paper6-T6/Paper6-T6/cfd_handover/returns/2026-10-03/P5/69/flow_state_69_resistance.csv
wrote /mnt/e/Paper6-T6/Paper6-T6/cfd_handover/returns/2026-10-03/P5/69/flow_state_69_resistance.csv: 30/30 valid sections, time 3000.0; max offset/r_eq 2.2732 at s-s_throat 11.0 mm, direction persistence 0.247
[post 19:20:14] + python3 /home/azan/paper6_t6_work/scratchpad/item3_M1_pilot/pf/post_helpers.py summary /home/azan/paper6_t6_work/scratchpad/item3_M1_pilot/p5/cases_v2/69_resistance /mnt/e/Paper6-T6/Paper6-T6/cfd_handover/returns/2026-10-03/P5/69 69 resistance /mnt/e/Paper6-T6/Paper6-T6/cfd_handover/returns/2026-10-03/P5/69/post_summary_69_resistance.json /mnt/e/Paper6-T6/Paper6-T6/cfd_handover/returns/2026-10-03/P5/69/run_completion_69_resistance.json /mnt/e/Paper6-T6/Paper6-T6/cfd_handover/returns/2026-10-03/P5/69/package_check_69_resistance.json /mnt/e/Paper6-T6/Paper6-T6/cfd_handover/returns/2026-10-03/P5/69/M1_probes_69_resistance.csv /mnt/e/Paper6-T6/Paper6-T6/cfd_handover/returns/2026-10-03/P5/69/M1_outlets_69_resistance.csv /mnt/e/Paper6-T6/Paper6-T6/cfd_handover/returns/2026-10-03/P5/69/M1_results.csv /mnt/e/Paper6-T6/Paper6-T6/cfd_handover/returns/2026-10-03/P5/69/fill_69_resistance.json /mnt/e/Paper6-T6/Paper6-T6/cfd_handover/returns/2026-10-03/P5/69/M1_monitor_history_69_resistance.csv /mnt/e/Paper6-T6/Paper6-T6/cfd_handover/returns/2026-10-03/P5/69/M1_monitor_history_69_resistance.json /mnt/e/Paper6-T6/Paper6-T6/cfd_handover/returns/2026-10-03/P5/69/settle_69_resistance.csv /mnt/e/Paper6-T6/Paper6-T6/cfd_handover/returns/2026-10-03/P5/69/reconstruct_check_69_resistance.json /mnt/e/Paper6-T6/Paper6-T6/cfd_handover/returns/2026-10-03/P5/69/as_meshed_radius_69.csv /mnt/e/Paper6-T6/Paper6-T6/cfd_handover/returns/2026-10-03/P5/69/as_meshed_radius_69_inscribed.csv /mnt/e/Paper6-T6/Paper6-T6/cfd_handover/returns/2026-10-03/P5/69/as_meshed_radius_69_detail.csv /mnt/e/Paper6-T6/Paper6-T6/cfd_handover/returns/2026-10-03/P5/69/as_meshed_radius_69_provenance.json /mnt/e/Paper6-T6/Paper6-T6/cfd_handover/returns/2026-10-03/P5/69/flow_state_69_resistance.csv
wrote /mnt/e/Paper6-T6/Paper6-T6/cfd_handover/returns/2026-10-03/P5/69/post_summary_69_resistance.json: flags LESION_PURITY_GATE_FAIL;POSITIVE_CONTROL_UNDETECTED, verdict CONVERGED, wall clock 37092 s, cells 4218023, peak RAM n/a GB, measurement probe used p012 (PASS)
[post 19:20:15] POSTDONE 69 resistance (processor directories kept: remove them only after checking /mnt/e/Paper6-T6/Paper6-T6/cfd_handover/returns/2026-10-03/P5/69/reconstruct_check_69_resistance.json and the outputs)
