1790989615 first snapshot (126 processes)
1790989676 nonwsl_cores 0.3124 top WindowsTerminal(16428) 0.151
1790989736 nonwsl_cores 0.3036 top WindowsTerminal(16428) 0.149
1790989796 nonwsl_cores 0.3855 top WindowsTerminal(16428) 0.155
1790989856 nonwsl_cores 0.3224 top WindowsTerminal(16428) 0.158
1790989916 nonwsl_cores 0.2992 top WindowsTerminal(16428) 0.151
1790989976 nonwsl_cores 0.3183 top WindowsTerminal(16428) 0.152
1790990036 nonwsl_cores 0.3035 top WindowsTerminal(16428) 0.154
1790990096 nonwsl_cores 0.3006 top WindowsTerminal(16428) 0.154
1790990156 nonwsl_cores 0.3061 top WindowsTerminal(16428) 0.151
1790990216 nonwsl_cores 0.3222 top WindowsTerminal(16428) 0.150
1790990276 nonwsl_cores 0.3345 top WindowsTerminal(16428) 0.153
1790990336 nonwsl_cores 0.3388 top WindowsTerminal(16428) 0.153
1790990396 nonwsl_cores 0.3883 top WindowsTerminal(16428) 0.153
1790990456 nonwsl_cores 0.3361 top WindowsTerminal(16428) 0.151
1790990516 nonwsl_cores 0.3316 top WindowsTerminal(16428) 0.158
1790990576 nonwsl_cores 0.3275 top WindowsTerminal(16428) 0.151
1790990636 nonwsl_cores 0.3143 top WindowsTerminal(16428) 0.154
1790990696 nonwsl_cores 0.3183 top WindowsTerminal(16428) 0.153
1790990756 nonwsl_cores 0.3069 top WindowsTerminal(16428) 0.149
1790990816 nonwsl_cores 0.3052 top WindowsTerminal(16428) 0.150
1790990876 nonwsl_cores 0.3018 top WindowsTerminal(16428) 0.152
1790990936 nonwsl_cores 0.3027 top WindowsTerminal(16428) 0.152
1790990996 nonwsl_cores 0.3713 top WindowsTerminal(16428) 0.155
1790991056 nonwsl_cores 0.3078 top WindowsTerminal(16428) 0.148
1790991116 nonwsl_cores 0.3246 top WindowsTerminal(16428) 0.155
1790991176 nonwsl_cores 0.3075 top WindowsTerminal(16428) 0.153
1790991236 nonwsl_cores 0.3299 top WindowsTerminal(16428) 0.150
1790991296 nonwsl_cores 0.3387 top WindowsTerminal(16428) 0.153
1790991356 nonwsl_cores 0.3286 top WindowsTerminal(16428) 0.148
1790991416 nonwsl_cores 0.3512 top WindowsTerminal(16428) 0.155
1790991476 nonwsl_cores 0.3137 top WindowsTerminal(16428) 0.152
1790991536 nonwsl_cores 0.3332 top WindowsTerminal(16428) 0.150
1790991596 nonwsl_cores 0.3774 top WindowsTerminal(16428) 0.153
1790991656 nonwsl_cores 0.3315 top WindowsTerminal(16428) 0.151
1790991716 nonwsl_cores 0.3202 top WindowsTerminal(16428) 0.154
1790991776 nonwsl_cores 0.4010 top WindowsTerminal(16428) 0.155
1790991836 nonwsl_cores 0.3272 top WindowsTerminal(16428) 0.152
1790991896 nonwsl_cores 0.3082 top WindowsTerminal(16428) 0.152
1790991956 nonwsl_cores 0.2992 top WindowsTerminal(16428) 0.155
1790992016 nonwsl_cores 0.3187 top WindowsTerminal(16428) 0.153
1790992076 nonwsl_cores 0.3240 top WindowsTerminal(16428) 0.155
1790992136 nonwsl_cores 0.3115 top WindowsTerminal(16428) 0.159
1790992196 nonwsl_cores 0.3749 top WindowsTerminal(16428) 0.151
1790992256 nonwsl_cores 0.3116 top WindowsTerminal(16428) 0.151
1790992316 nonwsl_cores 0.3122 top WindowsTerminal(16428) 0.152
1790992376 nonwsl_cores 0.3068 top WindowsTerminal(16428) 0.149
1790992436 nonwsl_cores 0.3094 top WindowsTerminal(16428) 0.154
1790992496 nonwsl_cores 0.3118 top WindowsTerminal(16428) 0.153
1790992556 nonwsl_cores 0.3174 top WindowsTerminal(16428) 0.157
1790992616 nonwsl_cores 0.4081 top WindowsTerminal(16428) 0.254
1790992676 nonwsl_cores 0.3096 top WindowsTerminal(16428) 0.158
1790992736 nonwsl_cores 0.3151 top WindowsTerminal(16428) 0.152
1790992796 nonwsl_cores 0.3506 top WindowsTerminal(16428) 0.146
1790992856 nonwsl_cores 0.3126 top WindowsTerminal(16428) 0.154
1790992916 nonwsl_cores 0.3110 top WindowsTerminal(16428) 0.151
1790992976 nonwsl_cores 0.3187 top WindowsTerminal(16428) 0.152
1790993036 nonwsl_cores 0.3252 top WindowsTerminal(16428) 0.151
1790993096 nonwsl_cores 0.3265 top WindowsTerminal(16428) 0.151
1790993156 nonwsl_cores 0.3030 top WindowsTerminal(16428) 0.151
1790993216 nonwsl_cores 0.6373 top remoting_host(24796) 0.278
1790993276 nonwsl_cores 0.4792 top remoting_host(24796) 0.186
1790993336 nonwsl_cores 0.3218 top remoting_host(24796) 0.135
1790993396 nonwsl_cores 0.3764 top remoting_host(24796) 0.146
1790993456 nonwsl_cores 0.3431 top remoting_host(24796) 0.148
1790993517 nonwsl_cores 0.3124 top remoting_host(24796) 0.130
1790993577 nonwsl_cores 0.2122 top remoting_host(24796) 0.075
1790993636 nonwsl_cores 0.1491 top remoting_host(24796) 0.051
1790993696 nonwsl_cores 0.1543 top remoting_host(24796) 0.052
1790993756 nonwsl_cores 0.1545 top remoting_host(24796) 0.052
1790993816 nonwsl_cores 0.1678 top remoting_host(24796) 0.046
1790993877 nonwsl_cores 0.1580 top remoting_host(24796) 0.050
1790993936 nonwsl_cores 0.1540 top remoting_host(24796) 0.046
1790993997 nonwsl_cores 0.2332 top msedgewebview2(17516) 0.061
1790994057 nonwsl_cores 0.1592 top remoting_host(24796) 0.057
1790994117 nonwsl_cores 0.1566 top remoting_host(24796) 0.052
1790994177 nonwsl_cores 0.1600 top remoting_host(24796) 0.052
1790994237 nonwsl_cores 0.1517 top remoting_host(24796) 0.052
1790994297 nonwsl_cores 0.1575 top remoting_host(24796) 0.053
1790994357 nonwsl_cores 0.1507 top remoting_host(24796) 0.054
1790994417 nonwsl_cores 0.1489 top remoting_host(24796) 0.048
1790994477 nonwsl_cores 0.1494 top remoting_host(24796) 0.048
1790994537 nonwsl_cores 0.1482 top remoting_host(24796) 0.043
1790994597 nonwsl_cores 0.2271 top msedgewebview2(17516) 0.064
1790994657 nonwsl_cores 0.1523 top remoting_host(24796) 0.054
1790994717 nonwsl_cores 0.1645 top remoting_host(24796) 0.056
1790994777 nonwsl_cores 0.1700 top remoting_host(24796) 0.060
1790994830 nonwsl_cores 0.1654 top remoting_host(24796) 0.056 (closing)
