1790978149 first snapshot (135 processes)
1790978209 nonwsl_cores 0.4104 top WindowsTerminal(16428) 0.300
1790978269 nonwsl_cores 0.2579 top WindowsTerminal(16428) 0.151
1790978329 nonwsl_cores 0.2637 top WindowsTerminal(16428) 0.153
1790978389 nonwsl_cores 0.3325 top WindowsTerminal(16428) 0.154
1790978449 nonwsl_cores 0.2641 top WindowsTerminal(16428) 0.154
1790978509 nonwsl_cores 0.2656 top WindowsTerminal(16428) 0.152
1790978569 nonwsl_cores 0.2634 top WindowsTerminal(16428) 0.150
1790978629 nonwsl_cores 0.2641 top WindowsTerminal(16428) 0.153
1790978689 nonwsl_cores 0.2704 top WindowsTerminal(16428) 0.154
1790978749 nonwsl_cores 0.2613 top WindowsTerminal(16428) 0.152
1790978809 nonwsl_cores 0.2713 top WindowsTerminal(16428) 0.154
1790978869 nonwsl_cores 0.2659 top WindowsTerminal(16428) 0.153
1790978929 nonwsl_cores 0.2720 top WindowsTerminal(16428) 0.154
1790978989 nonwsl_cores 0.3352 top WindowsTerminal(16428) 0.154
1790979049 nonwsl_cores 0.2783 top WindowsTerminal(16428) 0.155
1790979109 nonwsl_cores 0.2541 top WindowsTerminal(16428) 0.151
1790979169 nonwsl_cores 0.2552 top WindowsTerminal(16428) 0.150
1790979229 nonwsl_cores 0.2636 top WindowsTerminal(16428) 0.153
1790979289 nonwsl_cores 0.3356 top WindowsTerminal(16428) 0.160
1790979349 nonwsl_cores 0.2740 top WindowsTerminal(16428) 0.152
1790979409 nonwsl_cores 0.2611 top WindowsTerminal(16428) 0.158
1790979469 nonwsl_cores 0.2601 top WindowsTerminal(16428) 0.149
1790979529 nonwsl_cores 0.2628 top WindowsTerminal(16428) 0.153
1790979589 nonwsl_cores 0.3284 top WindowsTerminal(16428) 0.152
1790979649 nonwsl_cores 0.2519 top WindowsTerminal(16428) 0.151
1790979709 nonwsl_cores 0.2619 top WindowsTerminal(16428) 0.153
1790979769 nonwsl_cores 0.2637 top WindowsTerminal(16428) 0.153
1790979829 nonwsl_cores 0.2570 top WindowsTerminal(16428) 0.151
1790979889 nonwsl_cores 0.2447 top WindowsTerminal(16428) 0.150
1790979949 nonwsl_cores 0.2524 top WindowsTerminal(16428) 0.153
1790980009 nonwsl_cores 0.2545 top WindowsTerminal(16428) 0.152
1790980069 nonwsl_cores 0.2686 top WindowsTerminal(16428) 0.152
1790980129 nonwsl_cores 0.2546 top WindowsTerminal(16428) 0.151
1790980189 nonwsl_cores 0.3220 top WindowsTerminal(16428) 0.154
1790980249 nonwsl_cores 0.4612 top WindowsTerminal(16428) 0.343
1790980309 nonwsl_cores 0.9373 top WindowsTerminal(16428) 0.575
1790980369 nonwsl_cores 0.2973 top WindowsTerminal(16428) 0.191
1790980429 nonwsl_cores 0.2726 top WindowsTerminal(16428) 0.158
1790980489 nonwsl_cores 0.2785 top WindowsTerminal(16428) 0.160
1790980549 nonwsl_cores 0.2712 top WindowsTerminal(16428) 0.158
1790980610 nonwsl_cores 0.2599 top WindowsTerminal(16428) 0.155
1790980669 nonwsl_cores 0.2643 top WindowsTerminal(16428) 0.157
1790980729 nonwsl_cores 0.2597 top WindowsTerminal(16428) 0.159
1790980789 nonwsl_cores 0.3216 top WindowsTerminal(16428) 0.155
1790980850 nonwsl_cores 0.2652 top WindowsTerminal(16428) 0.156
1790980909 nonwsl_cores 0.2637 top WindowsTerminal(16428) 0.157
1790980969 nonwsl_cores 0.2702 top WindowsTerminal(16428) 0.158
1790981030 nonwsl_cores 0.2622 top WindowsTerminal(16428) 0.154
1790981090 nonwsl_cores 0.2661 top WindowsTerminal(16428) 0.161
1790981150 nonwsl_cores 0.2734 top WindowsTerminal(16428) 0.153
1790981210 nonwsl_cores 0.2664 top WindowsTerminal(16428) 0.158
1790981270 nonwsl_cores 0.2828 top WindowsTerminal(16428) 0.155
1790981330 nonwsl_cores 0.2682 top WindowsTerminal(16428) 0.158
1790981390 nonwsl_cores 0.5253 top WindowsTerminal(16428) 0.164
1790981450 nonwsl_cores 0.6062 top remoting_host(24796) 0.207
1790981510 nonwsl_cores 0.4917 top remoting_host(24796) 0.193
1790981570 nonwsl_cores 0.3256 top remoting_host(24796) 0.126
1790981630 nonwsl_cores 0.3529 top remoting_host(24796) 0.140
1790981690 nonwsl_cores 0.3426 top remoting_host(24796) 0.129
1790981750 nonwsl_cores 0.3110 top remoting_host(24796) 0.110
1790981810 nonwsl_cores 0.2400 top remoting_host(24796) 0.077
1790981870 nonwsl_cores 0.1754 top remoting_host(24796) 0.053
1790981930 nonwsl_cores 0.1672 top remoting_host(24796) 0.056
1790981990 nonwsl_cores 0.2240 top msedgewebview2(17516) 0.059
1790982050 nonwsl_cores 0.1660 top remoting_host(24796) 0.051
1790982110 nonwsl_cores 0.1539 top remoting_host(24796) 0.051
1790982170 nonwsl_cores 0.1616 top remoting_host(24796) 0.046
1790982230 nonwsl_cores 0.1588 top remoting_host(24796) 0.053
1790982290 nonwsl_cores 0.2101 top remoting_host(24796) 0.076
1790982350 nonwsl_cores 0.1787 top remoting_host(24796) 0.067
1790982410 nonwsl_cores 0.1633 top remoting_host(24796) 0.045
1790982470 nonwsl_cores 0.1618 top remoting_host(24796) 0.050
1790982530 nonwsl_cores 0.1553 top remoting_host(24796) 0.048
1790982590 nonwsl_cores 0.2122 top msedgewebview2(17516) 0.061
1790982650 nonwsl_cores 0.1482 top remoting_host(24796) 0.041
1790982710 nonwsl_cores 0.6329 top WindowsTerminal(16428) 0.177
1790982770 nonwsl_cores 1.0415 top WindowsTerminal(16428) 0.570
1790982830 nonwsl_cores 1.3228 top WindowsTerminal(16428) 0.816
1790982890 nonwsl_cores 1.1640 top WindowsTerminal(16428) 0.809
1790982950 nonwsl_cores 1.0696 top WindowsTerminal(16428) 0.743
1790983010 nonwsl_cores 1.2360 top WindowsTerminal(16428) 0.927
1790983070 nonwsl_cores 1.2525 top WindowsTerminal(16428) 0.928
1790983130 nonwsl_cores 1.1926 top WindowsTerminal(16428) 0.870
1790983190 nonwsl_cores 0.8025 top WindowsTerminal(16428) 0.550
1790983250 nonwsl_cores 0.6811 top WindowsTerminal(16428) 0.510
1790983310 nonwsl_cores 0.3773 top WindowsTerminal(16428) 0.197
1790983370 nonwsl_cores 0.1515 top remoting_host(24796) 0.046
1790983430 nonwsl_cores 0.1587 top remoting_host(24796) 0.046
1790983490 nonwsl_cores 0.1670 top remoting_host(24796) 0.051
1790983550 nonwsl_cores 0.1561 top remoting_host(24796) 0.046
1790983610 nonwsl_cores 0.1701 top remoting_host(24796) 0.049
1790983670 nonwsl_cores 0.1689 top remoting_host(24796) 0.047
1790983730 nonwsl_cores 0.1787 top remoting_host(24796) 0.066
1790983790 nonwsl_cores 0.2560 top remoting_host(24796) 0.075
1790983850 nonwsl_cores 0.1640 top remoting_host(24796) 0.050
1790983910 nonwsl_cores 0.1423 top remoting_host(24796) 0.040
1790983971 nonwsl_cores 0.1585 top remoting_host(24796) 0.045
1790984030 nonwsl_cores 0.1578 top remoting_host(24796) 0.047
1790984090 nonwsl_cores 0.1641 top remoting_host(24796) 0.047
1790984150 nonwsl_cores 0.1673 top remoting_host(24796) 0.052
1790984210 nonwsl_cores 0.1508 top remoting_host(24796) 0.042
1790984270 nonwsl_cores 0.1556 top remoting_host(24796) 0.051
1790984330 nonwsl_cores 0.1584 top remoting_host(24796) 0.044
1790984390 nonwsl_cores 0.2338 top msedgewebview2(17516) 0.068
1790984450 nonwsl_cores 0.1734 top remoting_host(24796) 0.057
1790984510 nonwsl_cores 0.1912 top remoting_host(24796) 0.077
1790984570 nonwsl_cores 0.1666 top remoting_host(24796) 0.054
1790984630 nonwsl_cores 0.1685 top remoting_host(24796) 0.049
1790984690 nonwsl_cores 0.1612 top remoting_host(24796) 0.049
1790984750 nonwsl_cores 0.1546 top remoting_host(24796) 0.040
1790984810 nonwsl_cores 0.1613 top remoting_host(24796) 0.049
1790984870 nonwsl_cores 0.1717 top remoting_host(24796) 0.047
1790984930 nonwsl_cores 0.1540 top remoting_host(24796) 0.044
1790984990 nonwsl_cores 0.2311 top msedgewebview2(17516) 0.065
1790985050 nonwsl_cores 0.1666 top remoting_host(24796) 0.051
1790985111 nonwsl_cores 0.1774 top remoting_host(24796) 0.048
1790985170 nonwsl_cores 0.1726 top remoting_host(24796) 0.057
1790985231 nonwsl_cores 0.1970 top remoting_host(24796) 0.078
1790985291 nonwsl_cores 0.1781 top remoting_host(24796) 0.058
1790985350 nonwsl_cores 0.1675 top remoting_host(24796) 0.042
1790985411 nonwsl_cores 0.3912 top WindowsTerminal(16428) 0.207
1790985471 nonwsl_cores 0.1631 top remoting_host(24796) 0.047
1790985531 nonwsl_cores 0.1597 top remoting_host(24796) 0.049
1790985591 nonwsl_cores 0.2611 top msedgewebview2(17516) 0.065
1790985651 nonwsl_cores 0.1599 top remoting_host(24796) 0.048
1790985711 nonwsl_cores 0.1796 top remoting_host(24796) 0.048
1790985771 nonwsl_cores 0.1669 top remoting_host(24796) 0.048
1790985831 nonwsl_cores 0.1646 top remoting_host(24796) 0.047
1790985891 nonwsl_cores 0.1943 top remoting_host(24796) 0.061
1790985951 nonwsl_cores 0.1878 top remoting_host(24796) 0.075
1790986011 nonwsl_cores 0.1756 top remoting_host(24796) 0.063
1790986071 nonwsl_cores 0.1884 top remoting_host(24796) 0.070
1790986131 nonwsl_cores 0.1808 top remoting_host(24796) 0.050
1790986191 nonwsl_cores 0.2272 top msedgewebview2(17516) 0.056
1790986251 nonwsl_cores 0.1728 top remoting_host(24796) 0.044
1790986311 nonwsl_cores 0.1723 top remoting_host(24796) 0.040
1790986371 nonwsl_cores 0.1874 top remoting_host(24796) 0.056
1790986431 nonwsl_cores 0.1791 top remoting_host(24796) 0.048
1790986491 nonwsl_cores 0.1594 top remoting_host(24796) 0.040
1790986551 nonwsl_cores 0.1714 top remoting_host(24796) 0.045
1790986611 nonwsl_cores 0.1689 top remoting_host(24796) 0.042
1790986671 nonwsl_cores 0.1953 top remoting_host(24796) 0.046
1790986731 nonwsl_cores 0.2246 top remoting_host(24796) 0.088
1790986791 nonwsl_cores 0.2901 top remoting_host(24796) 0.068
1790986851 nonwsl_cores 0.1969 top remoting_host(24796) 0.054
1790986911 nonwsl_cores 0.1605 top remoting_host(24796) 0.043
1790986971 nonwsl_cores 0.1567 top Core Temp(25252) 0.039
1790987031 nonwsl_cores 0.2307 top remoting_host(24796) 0.051
1790987091 nonwsl_cores 0.2200 top explorer(11292) 0.063
1790987151 nonwsl_cores 0.1715 top remoting_host(24796) 0.043
1790987211 nonwsl_cores 0.1598 top remoting_host(24796) 0.042
1790987271 nonwsl_cores 0.1629 top Core Temp(25252) 0.039
1790987331 nonwsl_cores 0.1758 top remoting_host(24796) 0.044
1790987391 nonwsl_cores 0.2436 top msedgewebview2(17516) 0.070
1790987451 nonwsl_cores 0.2039 top remoting_host(24796) 0.085
1790987511 nonwsl_cores 0.1961 top remoting_host(24796) 0.069
1790987571 nonwsl_cores 0.1794 top remoting_host(24796) 0.055
1790987631 nonwsl_cores 0.1655 top remoting_host(24796) 0.051
1790987691 nonwsl_cores 0.1770 top remoting_host(24796) 0.049
1790987751 nonwsl_cores 0.1724 top remoting_host(24796) 0.051
1790987811 nonwsl_cores 0.1607 top remoting_host(24796) 0.046
1790987871 nonwsl_cores 0.1603 top remoting_host(24796) 0.043
1790987931 nonwsl_cores 0.1597 top remoting_host(24796) 0.049
1790987991 nonwsl_cores 0.2091 top msedgewebview2(17516) 0.052
1790988051 nonwsl_cores 0.1558 top remoting_host(24796) 0.045
1790988111 nonwsl_cores 0.1460 top remoting_host(24796) 0.039
1790988171 nonwsl_cores 0.2031 top remoting_host(24796) 0.090
1790988231 nonwsl_cores 0.1941 top remoting_host(24796) 0.075
1790988291 nonwsl_cores 0.1716 top remoting_host(24796) 0.055
1790988351 nonwsl_cores 0.1639 top remoting_host(24796) 0.048
1790988411 nonwsl_cores 0.1608 top remoting_host(24796) 0.045
1790988471 nonwsl_cores 0.1734 top remoting_host(24796) 0.046
1790988531 nonwsl_cores 0.1730 top remoting_host(24796) 0.048
1790988591 nonwsl_cores 0.2340 top msedgewebview2(17516) 0.059
1790988651 nonwsl_cores 0.1564 top remoting_host(24796) 0.046
1790988711 nonwsl_cores 0.1579 top remoting_host(24796) 0.046
1790988771 nonwsl_cores 0.1641 top remoting_host(24796) 0.050
1790988831 nonwsl_cores 0.1729 top remoting_host(24796) 0.049
1790988892 nonwsl_cores 0.7989 top WindowsTerminal(16428) 0.367
1790988951 nonwsl_cores 0.9688 top WindowsTerminal(16428) 0.492
1790989011 nonwsl_cores 0.5130 top remoting_host(24796) 0.163
1790989071 nonwsl_cores 0.5066 top WindowsTerminal(16428) 0.158
1790989131 nonwsl_cores 0.5119 top WindowsTerminal(16428) 0.157
1790989192 nonwsl_cores 0.5512 top WindowsTerminal(16428) 0.153
1790989251 nonwsl_cores 0.4889 top WindowsTerminal(16428) 0.153
1790989312 nonwsl_cores 0.4740 top WindowsTerminal(16428) 0.155
1790989371 nonwsl_cores 0.4340 top WindowsTerminal(16428) 0.157
1790989380 nonwsl_cores 0.2600 top WindowsTerminal(16428) 0.141 (closing)
