[post 19:24:27] case /home/azan/paper6_t6_work/scratchpad/item3_M1_pilot/p5/cases_v2/272_resistance package 272_right_RCA_prox_10mm_65ds__baseline__real label 272 mode resistance out /mnt/e/Paper6-T6/Paper6-T6/cfd_handover/returns/2026-10-03/P5/272 (P=/home/azan/paper6_t6_work/scratchpad/item3_M1_pilot, helpers /home/azan/paper6_t6_work/scratchpad/item3_M1_pilot/pf)
[post 19:24:27] + python3 /home/azan/paper6_t6_work/scratchpad/item3_M1_pilot/pf/post_helpers.py finished /home/azan/paper6_t6_work/scratchpad/item3_M1_pilot/p5/cases_v2/272_resistance --json /mnt/e/Paper6-T6/Paper6-T6/cfd_handover/returns/2026-10-03/P5/272/run_completion_272_resistance.json
RUN COMPLETE: last Time 3000 = endTime, End at line 132134
[post 19:24:27] + post_helpers.py package-check /home/azan/paper6_t6_work/scratchpad/item3_M1_pilot/p5/cases_v2/272_resistance 272_right_RCA_prox_10mm_65ds__baseline__real 
[post 19:24:28] package verified against build_info package_hashes: /mnt/e/Paper6-T6/Paper6-T6/cfd_handover/packages/P5/272_right_RCA_prox_10mm_65ds__baseline__real
[post 19:24:28] + nice -n 10 python3 /home/azan/paper6_t6_work/scratchpad/item3_M1_pilot/pf/analyze_case.py /home/azan/paper6_t6_work/scratchpad/item3_M1_pilot/p5/cases_v2/272_resistance --json /home/azan/paper6_t6_work/scratchpad/item3_M1_pilot/p5/cases_v2/272_resistance/analysis_pf.json --cached --require-finished
272_resistance: VERDICT CONVERGED  residuals p=1.34e-08 U=(5.6e-08,1.1e-07,1.1e-07) log iter 3000; failed checks: []
272_resistance: last iter 3000, sum outlets 1.22880 mL/s, mass imbalance 0.0 %, inlet static p 11992.39 Pa (0.99945 Paorta), band(200) 0.0000 %
outlet         Q mL/s   0D mL/s  Q/0D-1 %    P/Pao   BCerr %  band200 %  band500 %
out_279       0.65486   0.54885    +19.31  0.79014   +0.0000    0.00001    0.00002
out_620       0.57394   0.55329     +3.73  0.69708   +0.0000    0.00001    0.00002
272_resistance: STRICT checks {'monitors_time_aligned': True, 'inlet_flux_band200_lt_0_1pct': True, 'log_no_fatal_or_nonfinite': True, 'residuals_all_finite': True} inlet-flux band(200) 7.324216105298922e-06 %, log finished True
[post 19:24:29] latest time already reconstructed and verified: reconstructPar not re-run
[post 19:24:29] + python3 /home/azan/paper6_t6_work/scratchpad/item3_M1_pilot/pf/post_helpers.py reconstruct-check /home/azan/paper6_t6_work/scratchpad/item3_M1_pilot/p5/cases_v2/272_resistance /mnt/e/Paper6-T6/Paper6-T6/cfd_handover/returns/2026-10-03/P5/272/reconstruct_check_272_resistance.json
RECONSTRUCT OK: time 3000, fields {'U': 183542176, 'p': 61171789}
[post 19:24:29] + nice -n 10 python3 /home/azan/paper6_t6_work/scratchpad/item3_M1_pilot/pf/m1_probes.py /home/azan/paper6_t6_work/scratchpad/item3_M1_pilot/p5/cases_v2/272_resistance /mnt/e/Paper6-T6/Paper6-T6/cfd_handover/packages/P5/272_right_RCA_prox_10mm_65ds__baseline__real 272 resistance --out /mnt/e/Paper6-T6/Paper6-T6/cfd_handover/returns/2026-10-03/P5/272/M1_probes_272_resistance.csv
wrote /mnt/e/Paper6-T6/Paper6-T6/cfd_handover/returns/2026-10-03/P5/272/M1_probes_272_resistance.csv: 35 probes, 33 valid sections, time 3000.0
no radius provenance as_meshed_radius_272_provenance.json: regenerate
[post 19:25:02] + nice -n 10 python3 /home/azan/paper6_t6_work/scratchpad/item3_M1_pilot/pf/as_meshed_radius.py /home/azan/paper6_t6_work/scratchpad/item3_M1_pilot/p5/cases_v2/272_resistance /mnt/e/Paper6-T6/Paper6-T6/cfd_handover/packages/P5/272_right_RCA_prox_10mm_65ds__baseline__real 272 /mnt/e/Paper6-T6/Paper6-T6/cfd_handover/returns/2026-10-03/P5/272/as_meshed_radius_272_detail.csv --contract /mnt/e/Paper6-T6/Paper6-T6/cfd_handover/returns/2026-10-03/P5/272/as_meshed_radius_272
272: mesh 7639018 cells, 469 centreline nodes
  0/469 (1 s)
[0m[33m2026-10-05 19:26:59.412 ( 117.254s) [    724A9E1D4480]      vtkPolyhedron.cxx:2025  WARN| A cell with a non-manifold triangulation has been encountered. This cell cannot be contoured.[0m
  100/469 (152 s)
  200/469 (198 s)
  300/469 (227 s)
  400/469 (253 s)
wrote /mnt/e/Paper6-T6/Paper6-T6/cfd_handover/returns/2026-10-03/P5/272/as_meshed_radius_272_detail.csv: 469 nodes, 422 valid sections
wrote /mnt/e/Paper6-T6/Paper6-T6/cfd_handover/returns/2026-10-03/P5/272/as_meshed_radius_272.csv: 422/469 covered
wrote /mnt/e/Paper6-T6/Paper6-T6/cfd_handover/returns/2026-10-03/P5/272/as_meshed_radius_272_inscribed.csv: 422/469 covered
[post 19:29:46] + python3 /home/azan/paper6_t6_work/scratchpad/item3_M1_pilot/pf/post_helpers.py radius-commit /mnt/e/Paper6-T6/Paper6-T6/cfd_handover/returns/2026-10-03/P5/272/as_meshed_radius_272
wrote /mnt/e/Paper6-T6/Paper6-T6/cfd_handover/returns/2026-10-03/P5/272/as_meshed_radius_272_provenance.json
[post 19:29:46] as-meshed radius: regenerated; provenance written
[post 19:29:46] + python3 /home/azan/paper6_t6_work/scratchpad/item3_M1_pilot/pf/post_helpers.py fill /home/azan/paper6_t6_work/scratchpad/item3_M1_pilot/p5/cases_v2/272_resistance 272_right_RCA_prox_10mm_65ds__baseline__real /mnt/e/Paper6-T6/Paper6-T6/cfd_handover/returns/2026-10-03/P5/272/fill_272_resistance.json --gates /home/azan/paper6_t6_work/scratchpad/item3_M1_pilot/p5/out/272/gates.json --mesh-gates /home/azan/paper6_t6_work/scratchpad/item3_M1_pilot/p5/mesh/272/mesh_gates.json --d34 /home/azan/paper6_t6_work/scratchpad/item3_M1_pilot/p5/mesh/272/d34.json
wrote /mnt/e/Paper6-T6/Paper6-T6/cfd_handover/returns/2026-10-03/P5/272/fill_272_resistance.json (geometry gates: /home/azan/paper6_t6_work/scratchpad/item3_M1_pilot/p5/out/272/gates.json [--gates]; mesh gates: /home/azan/paper6_t6_work/scratchpad/item3_M1_pilot/p5/mesh/272/mesh_gates.json [--mesh-gates]; d34: /home/azan/paper6_t6_work/scratchpad/item3_M1_pilot/p5/mesh/272/d34.json [--d34]): flags SELF_INTERSECTION;D3_FAIL;D4_FAIL;OUTLET_LOST_IN_MESH
[post 19:29:46] + nice -n 10 python3 /home/azan/paper6_t6_work/scratchpad/item3_M1_pilot/pf/m1_results.py /home/azan/paper6_t6_work/scratchpad/item3_M1_pilot/p5/cases_v2/272_resistance 272 resistance --analysis /home/azan/paper6_t6_work/scratchpad/item3_M1_pilot/p5/cases_v2/272_resistance/analysis_pf.json --probes /mnt/e/Paper6-T6/Paper6-T6/cfd_handover/returns/2026-10-03/P5/272/M1_probes_272_resistance.csv --fill-json /mnt/e/Paper6-T6/Paper6-T6/cfd_handover/returns/2026-10-03/P5/272/fill_272_resistance.json --outdir /mnt/e/Paper6-T6/Paper6-T6/cfd_handover/returns/2026-10-03/P5/272
/home/azan/paper6_t6_work/scratchpad/item3_M1_pilot/p5/cases_v2/272_resistance/analysis_pf.json: cached analysis reused (provenance matches)
Re_source: probes row p004 (kind throat, s_mm=20.127053424957822) of M1_probes_272_resistance.csv: |Q_through|=1.22962 mL/s, D=2 r_eq=1.29512 mm, Re=320.3 (Re_section column 320.3, agrees)
wrote /mnt/e/Paper6-T6/Paper6-T6/cfd_handover/returns/2026-10-03/P5/272/M1_outlets_272_resistance.csv and the (272, resistance) row of /mnt/e/Paper6-T6/Paper6-T6/cfd_handover/returns/2026-10-03/P5/272/M1_results.csv
[post 19:29:46] + python3 /home/azan/paper6_t6_work/scratchpad/item3_M1_pilot/pf/post_helpers.py history /home/azan/paper6_t6_work/scratchpad/item3_M1_pilot/p5/cases_v2/272_resistance /mnt/e/Paper6-T6/Paper6-T6/cfd_handover/returns/2026-10-03/P5/272/M1_monitor_history_272_resistance.csv --probes /mnt/e/Paper6-T6/Paper6-T6/cfd_handover/returns/2026-10-03/P5/272/M1_probes_272_resistance.csv --json /mnt/e/Paper6-T6/Paper6-T6/cfd_handover/returns/2026-10-03/P5/272/M1_monitor_history_272_resistance.json
cross-check measurementP vs probes row p009 (measurement): p/P_aorta 0.938607 vs 0.938607 (diff -9.98e-10); area 9.60895 vs 9.60894 mm2: OK
cross-check throatP vs probes row p004 (throat): p/P_aorta 0.932559 vs 0.932559 (diff +4.38e-09); area 1.31739 vs 1.31739 mm2: OK
wrote /mnt/e/Paper6-T6/Paper6-T6/cfd_handover/returns/2026-10-03/P5/272/M1_monitor_history_272_resistance.csv: 3000 iterations, monitors ['measurementFlux', 'measurementP', 'throatFlux', 'throatP']; measurementP last p/P_aorta 0.938607
[post 19:29:46] + python3 /home/azan/paper6_t6_work/scratchpad/item3_M1_pilot/b1_settle.py /mnt/e/Paper6-T6/Paper6-T6/cfd_handover/returns/2026-10-03/P5/272/settle_272_resistance.csv --case /home/azan/paper6_t6_work/scratchpad/item3_M1_pilot/p5/cases_v2/272_resistance:
returns folder: None
272_resistance ok first 1305 perm 1305 end 3000 floored 1305 dFFR(first) 1.9320760598184883e-05 B1 clk 18195 / 31151
[post 19:29:47] + nice -n 10 python3 /home/azan/paper6_t6_work/scratchpad/item3_M1_pilot/flow_state_profile.py profile /home/azan/paper6_t6_work/scratchpad/item3_M1_pilot/p5/cases_v2/272_resistance --package /mnt/e/Paper6-T6/Paper6-T6/cfd_handover/packages/P5/272_right_RCA_prox_10mm_65ds__baseline__real --label 272_resistance --out /mnt/e/Paper6-T6/Paper6-T6/cfd_handover/returns/2026-10-03/P5/272/flow_state_272_resistance.csv
wrote /mnt/e/Paper6-T6/Paper6-T6/cfd_handover/returns/2026-10-03/P5/272/flow_state_272_resistance.csv: 25/25 valid sections, time 3000.0; max offset/r_eq 0.6939 at s-s_throat 6.0 mm, direction persistence 0.742
[post 19:30:29] + python3 /home/azan/paper6_t6_work/scratchpad/item3_M1_pilot/pf/post_helpers.py summary /home/azan/paper6_t6_work/scratchpad/item3_M1_pilot/p5/cases_v2/272_resistance /mnt/e/Paper6-T6/Paper6-T6/cfd_handover/returns/2026-10-03/P5/272 272 resistance /mnt/e/Paper6-T6/Paper6-T6/cfd_handover/returns/2026-10-03/P5/272/post_summary_272_resistance.json /mnt/e/Paper6-T6/Paper6-T6/cfd_handover/returns/2026-10-03/P5/272/run_completion_272_resistance.json /mnt/e/Paper6-T6/Paper6-T6/cfd_handover/returns/2026-10-03/P5/272/package_check_272_resistance.json /mnt/e/Paper6-T6/Paper6-T6/cfd_handover/returns/2026-10-03/P5/272/M1_probes_272_resistance.csv /mnt/e/Paper6-T6/Paper6-T6/cfd_handover/returns/2026-10-03/P5/272/M1_outlets_272_resistance.csv /mnt/e/Paper6-T6/Paper6-T6/cfd_handover/returns/2026-10-03/P5/272/M1_results.csv /mnt/e/Paper6-T6/Paper6-T6/cfd_handover/returns/2026-10-03/P5/272/fill_272_resistance.json /mnt/e/Paper6-T6/Paper6-T6/cfd_handover/returns/2026-10-03/P5/272/M1_monitor_history_272_resistance.csv /mnt/e/Paper6-T6/Paper6-T6/cfd_handover/returns/2026-10-03/P5/272/M1_monitor_history_272_resistance.json /mnt/e/Paper6-T6/Paper6-T6/cfd_handover/returns/2026-10-03/P5/272/settle_272_resistance.csv /mnt/e/Paper6-T6/Paper6-T6/cfd_handover/returns/2026-10-03/P5/272/reconstruct_check_272_resistance.json /mnt/e/Paper6-T6/Paper6-T6/cfd_handover/returns/2026-10-03/P5/272/as_meshed_radius_272.csv /mnt/e/Paper6-T6/Paper6-T6/cfd_handover/returns/2026-10-03/P5/272/as_meshed_radius_272_inscribed.csv /mnt/e/Paper6-T6/Paper6-T6/cfd_handover/returns/2026-10-03/P5/272/as_meshed_radius_272_detail.csv /mnt/e/Paper6-T6/Paper6-T6/cfd_handover/returns/2026-10-03/P5/272/as_meshed_radius_272_provenance.json /mnt/e/Paper6-T6/Paper6-T6/cfd_handover/returns/2026-10-03/P5/272/flow_state_272_resistance.csv
wrote /mnt/e/Paper6-T6/Paper6-T6/cfd_handover/returns/2026-10-03/P5/272/post_summary_272_resistance.json: flags SELF_INTERSECTION;D3_FAIL;D4_FAIL;OUTLET_LOST_IN_MESH, verdict CONVERGED, wall clock 31151 s, cells 7639018, peak RAM n/a GB, measurement probe used p009 (PASS)
[post 19:30:29] POSTDONE 272 resistance (processor directories kept: remove them only after checking /mnt/e/Paper6-T6/Paper6-T6/cfd_handover/returns/2026-10-03/P5/272/reconstruct_check_272_resistance.json and the outputs)
