[post 17:56:27] case /home/azan/paper6_t6_work/scratchpad/item3_M1_pilot/m1/cases/baseline_D7_12p5_resistance package 14_left_LAD_prox_20mm_80ds__baseline__real label baseline_D7_12p5 mode resistance out /mnt/e/Paper6-T6/Paper6-T6/cfd_handover/returns/2026-10-03/TaskA (P=/home/azan/paper6_t6_work/scratchpad/item3_M1_pilot, helpers /home/azan/paper6_t6_work/scratchpad/item3_M1_pilot/pf)
[post 17:56:27] + python3 /home/azan/paper6_t6_work/scratchpad/item3_M1_pilot/pf/post_helpers.py finished /home/azan/paper6_t6_work/scratchpad/item3_M1_pilot/m1/cases/baseline_D7_12p5_resistance --json /mnt/e/Paper6-T6/Paper6-T6/cfd_handover/returns/2026-10-03/TaskA/run_completion_baseline_D7_12p5_resistance.json
RUN COMPLETE: last Time 3000 = endTime, End at line 204193
[post 17:56:27] + post_helpers.py package-check /home/azan/paper6_t6_work/scratchpad/item3_M1_pilot/m1/cases/baseline_D7_12p5_resistance 14_left_LAD_prox_20mm_80ds__baseline__real 
[post 17:56:28] package verified against build_info package_hashes: /home/azan/paper6_t6_work/scratchpad/zipcheck/cfd_handover/packages/M1/14_left_LAD_prox_20mm_80ds__baseline__real
[post 17:56:28] + nice -n 10 python3 /home/azan/paper6_t6_work/scratchpad/item3_M1_pilot/pf/analyze_case.py /home/azan/paper6_t6_work/scratchpad/item3_M1_pilot/m1/cases/baseline_D7_12p5_resistance --json /home/azan/paper6_t6_work/scratchpad/item3_M1_pilot/m1/cases/baseline_D7_12p5_resistance/analysis_pf.json --cached --require-finished
baseline_D7_12p5_resistance: VERDICT CONVERGED  residuals p=3.12e-08 U=(3.6e-07,4.0e-07,3.3e-07) log iter 3000; failed checks: []
baseline_D7_12p5_resistance: last iter 3000, sum outlets 0.68221 mL/s, mass imbalance -4.544064516012602e-07 %, inlet static p 11995.97 Pa (0.99975 Paorta), band(200) 0.0000 %
outlet         Q mL/s   0D mL/s  Q/0D-1 %    P/Pao   BCerr %  band200 %  band500 %
out_160       0.11080   0.09526    +16.31  0.86184   -0.0034    0.00376    0.01882
out_425       0.10540   0.10437     +0.98  0.97050   -0.0000    0.00002    0.00004
out_600       0.09050   0.07821    +15.70  0.85780   -0.0079    0.00469    0.04707
out_639       0.11221   0.11258     -0.33  0.97559   -0.0000    0.00007    0.00018
out_742       0.12587   0.12345     +1.96  0.96117   -0.0000    0.00001    0.00003
out_868       0.13743   0.13509     +1.73  0.95511   -0.0000    0.00001    0.00003
baseline_D7_12p5_resistance: STRICT checks {'monitors_time_aligned': True, 'inlet_flux_band200_lt_0_1pct': True, 'log_no_fatal_or_nonfinite': True, 'residuals_all_finite': True} inlet-flux band(200) 0.0012167843488479712 %, log finished True
[post 17:56:28] latest time already reconstructed and verified: reconstructPar not re-run
[post 17:56:28] + python3 /home/azan/paper6_t6_work/scratchpad/item3_M1_pilot/pf/post_helpers.py reconstruct-check /home/azan/paper6_t6_work/scratchpad/item3_M1_pilot/m1/cases/baseline_D7_12p5_resistance /mnt/e/Paper6-T6/Paper6-T6/cfd_handover/returns/2026-10-03/TaskA/reconstruct_check_baseline_D7_12p5_resistance.json
RECONSTRUCT OK: time 3000, fields {'U': 150172453, 'p': 49988610}
[post 17:56:28] + nice -n 10 python3 /home/azan/paper6_t6_work/scratchpad/item3_M1_pilot/pf/m1_probes.py /home/azan/paper6_t6_work/scratchpad/item3_M1_pilot/m1/cases/baseline_D7_12p5_resistance /home/azan/paper6_t6_work/scratchpad/zipcheck/cfd_handover/packages/M1/14_left_LAD_prox_20mm_80ds__baseline__real baseline_D7_12p5 resistance --out /mnt/e/Paper6-T6/Paper6-T6/cfd_handover/returns/2026-10-03/TaskA/M1_probes_baseline_D7_12p5_resistance.csv
wrote /mnt/e/Paper6-T6/Paper6-T6/cfd_handover/returns/2026-10-03/TaskA/M1_probes_baseline_D7_12p5_resistance.csv: 31 probes, 31 valid sections, time 3000.0
no radius provenance as_meshed_radius_baseline_D7_12p5_provenance.json: regenerate
[post 17:56:57] + nice -n 10 python3 /home/azan/paper6_t6_work/scratchpad/item3_M1_pilot/pf/as_meshed_radius.py /home/azan/paper6_t6_work/scratchpad/item3_M1_pilot/m1/cases/baseline_D7_12p5_resistance /home/azan/paper6_t6_work/scratchpad/zipcheck/cfd_handover/packages/M1/14_left_LAD_prox_20mm_80ds__baseline__real baseline_D7_12p5 /mnt/e/Paper6-T6/Paper6-T6/cfd_handover/returns/2026-10-03/TaskA/as_meshed_radius_baseline_D7_12p5_detail.csv --contract /mnt/e/Paper6-T6/Paper6-T6/cfd_handover/returns/2026-10-03/TaskA/as_meshed_radius_baseline_D7_12p5
baseline_D7_12p5: mesh 6241438 cells, 748 centreline nodes
  0/748 (0 s)
  100/748 (83 s)
  200/748 (117 s)
  300/748 (145 s)
  400/748 (168 s)
  500/748 (191 s)
  600/748 (212 s)
  700/748 (239 s)
wrote /mnt/e/Paper6-T6/Paper6-T6/cfd_handover/returns/2026-10-03/TaskA/as_meshed_radius_baseline_D7_12p5_detail.csv: 748 nodes, 731 valid sections
wrote /mnt/e/Paper6-T6/Paper6-T6/cfd_handover/returns/2026-10-03/TaskA/as_meshed_radius_baseline_D7_12p5.csv: 731/748 covered
wrote /mnt/e/Paper6-T6/Paper6-T6/cfd_handover/returns/2026-10-03/TaskA/as_meshed_radius_baseline_D7_12p5_inscribed.csv: 731/748 covered
[post 18:01:21] + python3 /home/azan/paper6_t6_work/scratchpad/item3_M1_pilot/pf/post_helpers.py radius-commit /mnt/e/Paper6-T6/Paper6-T6/cfd_handover/returns/2026-10-03/TaskA/as_meshed_radius_baseline_D7_12p5
wrote /mnt/e/Paper6-T6/Paper6-T6/cfd_handover/returns/2026-10-03/TaskA/as_meshed_radius_baseline_D7_12p5_provenance.json
[post 18:01:21] as-meshed radius: regenerated; provenance written
[post 18:01:21] + python3 /home/azan/paper6_t6_work/scratchpad/item3_M1_pilot/pf/post_helpers.py fill /home/azan/paper6_t6_work/scratchpad/item3_M1_pilot/m1/cases/baseline_D7_12p5_resistance 14_left_LAD_prox_20mm_80ds__baseline__real /mnt/e/Paper6-T6/Paper6-T6/cfd_handover/returns/2026-10-03/TaskA/fill_baseline_D7_12p5_resistance.json
wrote /mnt/e/Paper6-T6/Paper6-T6/cfd_handover/returns/2026-10-03/TaskA/fill_baseline_D7_12p5_resistance.json (geometry gates: /home/azan/paper6_t6_work/scratchpad/item3_M1_pilot/m1/out/baseline/gates.json ['source' of the build's extension json]; mesh gates: /home/azan/paper6_t6_work/scratchpad/item3_M1_pilot/m1/mesh/baseline_D7_12p5/mesh_gates.json [hard-linked mesh directory (same owner inode)])
[post 18:01:21] + nice -n 10 python3 /home/azan/paper6_t6_work/scratchpad/item3_M1_pilot/pf/m1_results.py /home/azan/paper6_t6_work/scratchpad/item3_M1_pilot/m1/cases/baseline_D7_12p5_resistance baseline_D7_12p5 resistance --analysis /home/azan/paper6_t6_work/scratchpad/item3_M1_pilot/m1/cases/baseline_D7_12p5_resistance/analysis_pf.json --probes /mnt/e/Paper6-T6/Paper6-T6/cfd_handover/returns/2026-10-03/TaskA/M1_probes_baseline_D7_12p5_resistance.csv --fill-json /mnt/e/Paper6-T6/Paper6-T6/cfd_handover/returns/2026-10-03/TaskA/fill_baseline_D7_12p5_resistance.json --outdir /mnt/e/Paper6-T6/Paper6-T6/cfd_handover/returns/2026-10-03/TaskA
/home/azan/paper6_t6_work/scratchpad/item3_M1_pilot/m1/cases/baseline_D7_12p5_resistance/analysis_pf.json: cached analysis reused (provenance matches)
Re_source: probes row p004 (kind throat, s_mm=19.712737527771008) of M1_probes_baseline_D7_12p5_resistance.csv: |Q_through|=0.201446 mL/s, D=2 r_eq=0.551781 mm, Re=123.2 (Re_section column 123.2, agrees)
wrote /mnt/e/Paper6-T6/Paper6-T6/cfd_handover/returns/2026-10-03/TaskA/M1_outlets_baseline_D7_12p5_resistance.csv and the (baseline_D7_12p5, resistance) row of /mnt/e/Paper6-T6/Paper6-T6/cfd_handover/returns/2026-10-03/TaskA/M1_results.csv
[post 18:01:22] + python3 /home/azan/paper6_t6_work/scratchpad/item3_M1_pilot/pf/post_helpers.py history /home/azan/paper6_t6_work/scratchpad/item3_M1_pilot/m1/cases/baseline_D7_12p5_resistance /mnt/e/Paper6-T6/Paper6-T6/cfd_handover/returns/2026-10-03/TaskA/M1_monitor_history_baseline_D7_12p5_resistance.csv --probes /mnt/e/Paper6-T6/Paper6-T6/cfd_handover/returns/2026-10-03/TaskA/M1_probes_baseline_D7_12p5_resistance.csv --json /mnt/e/Paper6-T6/Paper6-T6/cfd_handover/returns/2026-10-03/TaskA/M1_monitor_history_baseline_D7_12p5_resistance.json
cross-check measurementP vs probes row p011 (measurement): p/P_aorta 0.871649 vs 0.871649 (diff -9.30e-10); area 3.36955 vs 3.36956 mm2: OK
cross-check throatP vs probes row p004 (throat): p/P_aorta 0.893616 vs 0.893616 (diff +1.46e-08); area 0.23912 vs 0.23912 mm2: OK
wrote /mnt/e/Paper6-T6/Paper6-T6/cfd_handover/returns/2026-10-03/TaskA/M1_monitor_history_baseline_D7_12p5_resistance.csv: 3000 iterations, monitors ['measurementFlux', 'measurementP', 'throatFlux', 'throatP']; measurementP last p/P_aorta 0.871649
[post 18:01:22] + python3 /home/azan/paper6_t6_work/scratchpad/item3_M1_pilot/b1_settle.py /mnt/e/Paper6-T6/Paper6-T6/cfd_handover/returns/2026-10-03/TaskA/settle_baseline_D7_12p5_resistance.csv --case /home/azan/paper6_t6_work/scratchpad/item3_M1_pilot/m1/cases/baseline_D7_12p5_resistance:
returns folder: None
baseline_D7_12p5_resistance ok first 2193 perm 2397 end 3000 floored 2193 dFFR(first) -0.00011338864253440661 B1 clk 14644 / 18627
[post 18:01:23] + nice -n 10 python3 /home/azan/paper6_t6_work/scratchpad/item3_M1_pilot/flow_state_profile.py profile /home/azan/paper6_t6_work/scratchpad/item3_M1_pilot/m1/cases/baseline_D7_12p5_resistance --package /home/azan/paper6_t6_work/scratchpad/zipcheck/cfd_handover/packages/M1/14_left_LAD_prox_20mm_80ds__baseline__real --label baseline_D7_12p5_resistance --out /mnt/e/Paper6-T6/Paper6-T6/cfd_handover/returns/2026-10-03/TaskA/flow_state_baseline_D7_12p5_resistance.csv
wrote /mnt/e/Paper6-T6/Paper6-T6/cfd_handover/returns/2026-10-03/TaskA/flow_state_baseline_D7_12p5_resistance.csv: 28/30 valid sections, time 3000.0; max offset/r_eq 0.5289 at s-s_throat 8.999999999999996 mm, direction persistence 0.583
[post 18:02:18] + python3 /home/azan/paper6_t6_work/scratchpad/item3_M1_pilot/pf/post_helpers.py summary /home/azan/paper6_t6_work/scratchpad/item3_M1_pilot/m1/cases/baseline_D7_12p5_resistance /mnt/e/Paper6-T6/Paper6-T6/cfd_handover/returns/2026-10-03/TaskA baseline_D7_12p5 resistance /mnt/e/Paper6-T6/Paper6-T6/cfd_handover/returns/2026-10-03/TaskA/post_summary_baseline_D7_12p5_resistance.json /mnt/e/Paper6-T6/Paper6-T6/cfd_handover/returns/2026-10-03/TaskA/run_completion_baseline_D7_12p5_resistance.json /mnt/e/Paper6-T6/Paper6-T6/cfd_handover/returns/2026-10-03/TaskA/package_check_baseline_D7_12p5_resistance.json /mnt/e/Paper6-T6/Paper6-T6/cfd_handover/returns/2026-10-03/TaskA/M1_probes_baseline_D7_12p5_resistance.csv /mnt/e/Paper6-T6/Paper6-T6/cfd_handover/returns/2026-10-03/TaskA/M1_outlets_baseline_D7_12p5_resistance.csv /mnt/e/Paper6-T6/Paper6-T6/cfd_handover/returns/2026-10-03/TaskA/M1_results.csv /mnt/e/Paper6-T6/Paper6-T6/cfd_handover/returns/2026-10-03/TaskA/fill_baseline_D7_12p5_resistance.json /mnt/e/Paper6-T6/Paper6-T6/cfd_handover/returns/2026-10-03/TaskA/M1_monitor_history_baseline_D7_12p5_resistance.csv /mnt/e/Paper6-T6/Paper6-T6/cfd_handover/returns/2026-10-03/TaskA/M1_monitor_history_baseline_D7_12p5_resistance.json /mnt/e/Paper6-T6/Paper6-T6/cfd_handover/returns/2026-10-03/TaskA/settle_baseline_D7_12p5_resistance.csv /mnt/e/Paper6-T6/Paper6-T6/cfd_handover/returns/2026-10-03/TaskA/reconstruct_check_baseline_D7_12p5_resistance.json /mnt/e/Paper6-T6/Paper6-T6/cfd_handover/returns/2026-10-03/TaskA/as_meshed_radius_baseline_D7_12p5.csv /mnt/e/Paper6-T6/Paper6-T6/cfd_handover/returns/2026-10-03/TaskA/as_meshed_radius_baseline_D7_12p5_inscribed.csv /mnt/e/Paper6-T6/Paper6-T6/cfd_handover/returns/2026-10-03/TaskA/as_meshed_radius_baseline_D7_12p5_detail.csv /mnt/e/Paper6-T6/Paper6-T6/cfd_handover/returns/2026-10-03/TaskA/as_meshed_radius_baseline_D7_12p5_provenance.json /mnt/e/Paper6-T6/Paper6-T6/cfd_handover/returns/2026-10-03/TaskA/flow_state_baseline_D7_12p5_resistance.csv
reference comparison: FFR(p011, reconstructed time 3000.0) = 0.8716491; DeltaFFR vs reference 0.8697574904997768 = +0.0018916: |DeltaFFR| >= 0.00055; measurementP last-100 mean 0.8716411 (B1, reported separately)
wrote /mnt/e/Paper6-T6/Paper6-T6/cfd_handover/returns/2026-10-03/TaskA/post_summary_baseline_D7_12p5_resistance.json: verdict CONVERGED, wall clock 18627 s, cells 6241438, peak RAM n/a GB, measurement probe used p011 (not evaluated (pre-strict-rule build))
[post 18:02:19] POSTDONE baseline_D7_12p5 resistance (processor directories kept: remove them only after checking /mnt/e/Paper6-T6/Paper6-T6/cfd_handover/returns/2026-10-03/TaskA/reconstruct_check_baseline_D7_12p5_resistance.json and the outputs)
[post 08:38:25] case /home/azan/paper6_t6_work/scratchpad/item3_M1_pilot/m1/cases/baseline_D7_12p5_resistance package 14_left_LAD_prox_20mm_80ds__baseline__real label baseline_D7_12p5 mode resistance out /mnt/e/Paper6-T6/Paper6-T6/cfd_handover/returns/2026-10-03/TaskA (P=/home/azan/paper6_t6_work/scratchpad/item3_M1_pilot, helpers /home/azan/paper6_t6_work/scratchpad/item3_M1_pilot/pf)
[post 08:38:26] + python3 /home/azan/paper6_t6_work/scratchpad/item3_M1_pilot/pf/post_helpers.py finished /home/azan/paper6_t6_work/scratchpad/item3_M1_pilot/m1/cases/baseline_D7_12p5_resistance --json /mnt/e/Paper6-T6/Paper6-T6/cfd_handover/returns/2026-10-03/TaskA/run_completion_baseline_D7_12p5_resistance.json
RUN COMPLETE: last Time 3000 = endTime, End at line 204193
[post 08:38:26] + post_helpers.py package-check /home/azan/paper6_t6_work/scratchpad/item3_M1_pilot/m1/cases/baseline_D7_12p5_resistance 14_left_LAD_prox_20mm_80ds__baseline__real 
[post 08:38:26] package verified against build_info package_hashes: /home/azan/paper6_t6_work/scratchpad/zipcheck/cfd_handover/packages/M1/14_left_LAD_prox_20mm_80ds__baseline__real
[post 08:38:26] + nice -n 10 python3 /home/azan/paper6_t6_work/scratchpad/item3_M1_pilot/pf/analyze_case.py /home/azan/paper6_t6_work/scratchpad/item3_M1_pilot/m1/cases/baseline_D7_12p5_resistance --json /home/azan/paper6_t6_work/scratchpad/item3_M1_pilot/m1/cases/baseline_D7_12p5_resistance/analysis_pf.json --cached --require-finished
/home/azan/paper6_t6_work/scratchpad/item3_M1_pilot/m1/cases/baseline_D7_12p5_resistance/analysis_pf.json: cached analysis reused (provenance matches)
[post 08:38:27] + reconstructPar -latestTime (log: /home/azan/paper6_t6_work/scratchpad/item3_M1_pilot/m1/cases/baseline_D7_12p5_resistance/log.reconstructPar)
[post 08:38:27] reconstructPar failed (see /home/azan/paper6_t6_work/scratchpad/item3_M1_pilot/m1/cases/baseline_D7_12p5_resistance/log.reconstructPar)
