[post 08:26:46] case /home/azan/paper6_t6_work/scratchpad/item3_M1_pilot/m1/cases/baseline_D7_12p5_zoneB_resistance package 14_left_LAD_prox_20mm_80ds__baseline__real label baseline_D7_12p5_zoneB mode resistance out /mnt/e/Paper6-T6/Paper6-T6/cfd_handover/returns/2026-10-03/TaskA (P=/home/azan/paper6_t6_work/scratchpad/item3_M1_pilot, helpers /home/azan/paper6_t6_work/scratchpad/item3_M1_pilot/pf)
[post 08:26:46] + python3 /home/azan/paper6_t6_work/scratchpad/item3_M1_pilot/pf/post_helpers.py finished /home/azan/paper6_t6_work/scratchpad/item3_M1_pilot/m1/cases/baseline_D7_12p5_zoneB_resistance --json /mnt/e/Paper6-T6/Paper6-T6/cfd_handover/returns/2026-10-03/TaskA/run_completion_baseline_D7_12p5_zoneB_resistance.json
RUN COMPLETE: last Time 3000 = endTime, End at line 204193
[post 08:26:46] + post_helpers.py package-check /home/azan/paper6_t6_work/scratchpad/item3_M1_pilot/m1/cases/baseline_D7_12p5_zoneB_resistance 14_left_LAD_prox_20mm_80ds__baseline__real 
[post 08:26:46] package verified against build_info package_hashes: /home/azan/paper6_t6_work/scratchpad/zipcheck/cfd_handover/packages/M1/14_left_LAD_prox_20mm_80ds__baseline__real
[post 08:26:46] + nice -n 10 python3 /home/azan/paper6_t6_work/scratchpad/item3_M1_pilot/pf/analyze_case.py /home/azan/paper6_t6_work/scratchpad/item3_M1_pilot/m1/cases/baseline_D7_12p5_zoneB_resistance --json /home/azan/paper6_t6_work/scratchpad/item3_M1_pilot/m1/cases/baseline_D7_12p5_zoneB_resistance/analysis_pf.json --cached --require-finished
baseline_D7_12p5_zoneB_resistance: VERDICT UNCONVERGED  residuals p=2.27e-07 U=(9.1e-06,1.1e-05,8.2e-06) log iter 3000; failed checks: ['U_residual_lt_1e_5']
baseline_D7_12p5_zoneB_resistance: last iter 3000, sum outlets 0.68224 mL/s, mass imbalance 2.0520771662559264e-07 %, inlet static p 11995.97 Pa (0.99975 Paorta), band(200) 0.0000 %
outlet         Q mL/s   0D mL/s  Q/0D-1 %    P/Pao   BCerr %  band200 %  band500 %
out_160       0.11082   0.09526    +16.33  0.86202   +0.0021    0.00168    0.00958
out_425       0.10540   0.10437     +0.98  0.97050   -0.0000    0.00002    0.00005
out_600       0.09050   0.07821    +15.71  0.85798   +0.0043    0.00482    0.04650
out_639       0.11221   0.11258     -0.33  0.97559   -0.0001    0.00009    0.00020
out_742       0.12587   0.12345     +1.96  0.96117   -0.0000    0.00002    0.00003
out_868       0.13743   0.13509     +1.73  0.95511   -0.0000    0.00001    0.00003
baseline_D7_12p5_zoneB_resistance: STRICT checks {'monitors_time_aligned': True, 'inlet_flux_band200_lt_0_1pct': True, 'log_no_fatal_or_nonfinite': True, 'residuals_all_finite': True} inlet-flux band(200) 0.0008760872906221369 %, log finished True
[post 08:26:47] latest time already reconstructed and verified: reconstructPar not re-run
[post 08:26:47] + python3 /home/azan/paper6_t6_work/scratchpad/item3_M1_pilot/pf/post_helpers.py reconstruct-check /home/azan/paper6_t6_work/scratchpad/item3_M1_pilot/m1/cases/baseline_D7_12p5_zoneB_resistance /mnt/e/Paper6-T6/Paper6-T6/cfd_handover/returns/2026-10-03/TaskA/reconstruct_check_baseline_D7_12p5_zoneB_resistance.json
RECONSTRUCT OK: time 3000, fields {'U': 199788997, 'p': 66527458}
[post 08:26:47] + nice -n 10 python3 /home/azan/paper6_t6_work/scratchpad/item3_M1_pilot/pf/m1_probes.py /home/azan/paper6_t6_work/scratchpad/item3_M1_pilot/m1/cases/baseline_D7_12p5_zoneB_resistance /home/azan/paper6_t6_work/scratchpad/zipcheck/cfd_handover/packages/M1/14_left_LAD_prox_20mm_80ds__baseline__real baseline_D7_12p5_zoneB resistance --out /mnt/e/Paper6-T6/Paper6-T6/cfd_handover/returns/2026-10-03/TaskA/M1_probes_baseline_D7_12p5_zoneB_resistance.csv
wrote /mnt/e/Paper6-T6/Paper6-T6/cfd_handover/returns/2026-10-03/TaskA/M1_probes_baseline_D7_12p5_zoneB_resistance.csv: 31 probes, 31 valid sections, time 3000.0
no radius provenance as_meshed_radius_baseline_D7_12p5_zoneB_provenance.json: regenerate
[post 08:27:38] + nice -n 10 python3 /home/azan/paper6_t6_work/scratchpad/item3_M1_pilot/pf/as_meshed_radius.py /home/azan/paper6_t6_work/scratchpad/item3_M1_pilot/m1/cases/baseline_D7_12p5_zoneB_resistance /home/azan/paper6_t6_work/scratchpad/zipcheck/cfd_handover/packages/M1/14_left_LAD_prox_20mm_80ds__baseline__real baseline_D7_12p5_zoneB /mnt/e/Paper6-T6/Paper6-T6/cfd_handover/returns/2026-10-03/TaskA/as_meshed_radius_baseline_D7_12p5_zoneB_detail.csv --contract /mnt/e/Paper6-T6/Paper6-T6/cfd_handover/returns/2026-10-03/TaskA/as_meshed_radius_baseline_D7_12p5_zoneB
baseline_D7_12p5_zoneB: mesh 8308794 cells, 748 centreline nodes
  0/748 (1 s)
  100/748 (151 s)
  200/748 (205 s)
  300/748 (321 s)
  400/748 (377 s)
  500/748 (417 s)
  600/748 (456 s)
  700/748 (493 s)
wrote /mnt/e/Paper6-T6/Paper6-T6/cfd_handover/returns/2026-10-03/TaskA/as_meshed_radius_baseline_D7_12p5_zoneB_detail.csv: 748 nodes, 731 valid sections
wrote /mnt/e/Paper6-T6/Paper6-T6/cfd_handover/returns/2026-10-03/TaskA/as_meshed_radius_baseline_D7_12p5_zoneB.csv: 731/748 covered
wrote /mnt/e/Paper6-T6/Paper6-T6/cfd_handover/returns/2026-10-03/TaskA/as_meshed_radius_baseline_D7_12p5_zoneB_inscribed.csv: 731/748 covered
[post 08:36:30] + python3 /home/azan/paper6_t6_work/scratchpad/item3_M1_pilot/pf/post_helpers.py radius-commit /mnt/e/Paper6-T6/Paper6-T6/cfd_handover/returns/2026-10-03/TaskA/as_meshed_radius_baseline_D7_12p5_zoneB
wrote /mnt/e/Paper6-T6/Paper6-T6/cfd_handover/returns/2026-10-03/TaskA/as_meshed_radius_baseline_D7_12p5_zoneB_provenance.json
[post 08:36:30] as-meshed radius: regenerated; provenance written
[post 08:36:30] + python3 /home/azan/paper6_t6_work/scratchpad/item3_M1_pilot/pf/post_helpers.py fill /home/azan/paper6_t6_work/scratchpad/item3_M1_pilot/m1/cases/baseline_D7_12p5_zoneB_resistance 14_left_LAD_prox_20mm_80ds__baseline__real /mnt/e/Paper6-T6/Paper6-T6/cfd_handover/returns/2026-10-03/TaskA/fill_baseline_D7_12p5_zoneB_resistance.json
wrote /mnt/e/Paper6-T6/Paper6-T6/cfd_handover/returns/2026-10-03/TaskA/fill_baseline_D7_12p5_zoneB_resistance.json (geometry gates: /home/azan/paper6_t6_work/scratchpad/item3_M1_pilot/m1/out/baseline/gates.json ['source' of the build's extension json]; mesh gates: /home/azan/paper6_t6_work/scratchpad/item3_M1_pilot/m1/mesh/baseline_D7_12p5_zoneB/mesh_gates.json [hard-linked mesh directory (same owner inode)]; d34: None [not found]): flags SELF_INTERSECTION;D34_MISSING
[post 08:36:31] + nice -n 10 python3 /home/azan/paper6_t6_work/scratchpad/item3_M1_pilot/pf/m1_results.py /home/azan/paper6_t6_work/scratchpad/item3_M1_pilot/m1/cases/baseline_D7_12p5_zoneB_resistance baseline_D7_12p5_zoneB resistance --analysis /home/azan/paper6_t6_work/scratchpad/item3_M1_pilot/m1/cases/baseline_D7_12p5_zoneB_resistance/analysis_pf.json --probes /mnt/e/Paper6-T6/Paper6-T6/cfd_handover/returns/2026-10-03/TaskA/M1_probes_baseline_D7_12p5_zoneB_resistance.csv --fill-json /mnt/e/Paper6-T6/Paper6-T6/cfd_handover/returns/2026-10-03/TaskA/fill_baseline_D7_12p5_zoneB_resistance.json --outdir /mnt/e/Paper6-T6/Paper6-T6/cfd_handover/returns/2026-10-03/TaskA
/home/azan/paper6_t6_work/scratchpad/item3_M1_pilot/m1/cases/baseline_D7_12p5_zoneB_resistance/analysis_pf.json: cached analysis reused (provenance matches)
Re_source: probes row p004 (kind throat, s_mm=19.712737527771008) of M1_probes_baseline_D7_12p5_zoneB_resistance.csv: |Q_through|=0.201473 mL/s, D=2 r_eq=0.551781 mm, Re=123.2 (Re_section column 123.2, agrees)
wrote /mnt/e/Paper6-T6/Paper6-T6/cfd_handover/returns/2026-10-03/TaskA/M1_outlets_baseline_D7_12p5_zoneB_resistance.csv and the (baseline_D7_12p5_zoneB, resistance) row of /mnt/e/Paper6-T6/Paper6-T6/cfd_handover/returns/2026-10-03/TaskA/M1_results.csv
[post 08:36:31] + python3 /home/azan/paper6_t6_work/scratchpad/item3_M1_pilot/pf/post_helpers.py history /home/azan/paper6_t6_work/scratchpad/item3_M1_pilot/m1/cases/baseline_D7_12p5_zoneB_resistance /mnt/e/Paper6-T6/Paper6-T6/cfd_handover/returns/2026-10-03/TaskA/M1_monitor_history_baseline_D7_12p5_zoneB_resistance.csv --probes /mnt/e/Paper6-T6/Paper6-T6/cfd_handover/returns/2026-10-03/TaskA/M1_probes_baseline_D7_12p5_zoneB_resistance.csv --json /mnt/e/Paper6-T6/Paper6-T6/cfd_handover/returns/2026-10-03/TaskA/M1_monitor_history_baseline_D7_12p5_zoneB_resistance.json
cross-check measurementP vs probes row p011 (measurement): p/P_aorta 0.871832 vs 0.871832 (diff +1.36e-09); area 3.36955 vs 3.36956 mm2: OK
cross-check throatP vs probes row p004 (throat): p/P_aorta 0.893597 vs 0.893597 (diff +1.26e-08); area 0.23912 vs 0.23912 mm2: OK
wrote /mnt/e/Paper6-T6/Paper6-T6/cfd_handover/returns/2026-10-03/TaskA/M1_monitor_history_baseline_D7_12p5_zoneB_resistance.csv: 3000 iterations, monitors ['measurementFlux', 'measurementP', 'throatFlux', 'throatP']; measurementP last p/P_aorta 0.871832
[post 08:36:31] + python3 /home/azan/paper6_t6_work/scratchpad/item3_M1_pilot/b1_settle.py /mnt/e/Paper6-T6/Paper6-T6/cfd_handover/returns/2026-10-03/TaskA/settle_baseline_D7_12p5_zoneB_resistance.csv --case /home/azan/paper6_t6_work/scratchpad/item3_M1_pilot/m1/cases/baseline_D7_12p5_zoneB_resistance:
returns folder: None
baseline_D7_12p5_zoneB_resistance ok first 2614 perm 2857 end 3000 floored 2614 dFFR(first) -0.00013402277526930462 B1 clk 47054 / 51000
[post 08:36:32] + nice -n 10 python3 /home/azan/paper6_t6_work/scratchpad/item3_M1_pilot/flow_state_profile.py profile /home/azan/paper6_t6_work/scratchpad/item3_M1_pilot/m1/cases/baseline_D7_12p5_zoneB_resistance --package /home/azan/paper6_t6_work/scratchpad/zipcheck/cfd_handover/packages/M1/14_left_LAD_prox_20mm_80ds__baseline__real --label baseline_D7_12p5_zoneB_resistance --out /mnt/e/Paper6-T6/Paper6-T6/cfd_handover/returns/2026-10-03/TaskA/flow_state_baseline_D7_12p5_zoneB_resistance.csv
wrote /mnt/e/Paper6-T6/Paper6-T6/cfd_handover/returns/2026-10-03/TaskA/flow_state_baseline_D7_12p5_zoneB_resistance.csv: 28/30 valid sections, time 3000.0; max offset/r_eq 0.4949 at s-s_throat 4.9999999999999964 mm, direction persistence 0.508
[post 08:37:53] + python3 /home/azan/paper6_t6_work/scratchpad/item3_M1_pilot/pf/post_helpers.py summary /home/azan/paper6_t6_work/scratchpad/item3_M1_pilot/m1/cases/baseline_D7_12p5_zoneB_resistance /mnt/e/Paper6-T6/Paper6-T6/cfd_handover/returns/2026-10-03/TaskA baseline_D7_12p5_zoneB resistance /mnt/e/Paper6-T6/Paper6-T6/cfd_handover/returns/2026-10-03/TaskA/post_summary_baseline_D7_12p5_zoneB_resistance.json /mnt/e/Paper6-T6/Paper6-T6/cfd_handover/returns/2026-10-03/TaskA/run_completion_baseline_D7_12p5_zoneB_resistance.json /mnt/e/Paper6-T6/Paper6-T6/cfd_handover/returns/2026-10-03/TaskA/package_check_baseline_D7_12p5_zoneB_resistance.json /mnt/e/Paper6-T6/Paper6-T6/cfd_handover/returns/2026-10-03/TaskA/M1_probes_baseline_D7_12p5_zoneB_resistance.csv /mnt/e/Paper6-T6/Paper6-T6/cfd_handover/returns/2026-10-03/TaskA/M1_outlets_baseline_D7_12p5_zoneB_resistance.csv /mnt/e/Paper6-T6/Paper6-T6/cfd_handover/returns/2026-10-03/TaskA/M1_results.csv /mnt/e/Paper6-T6/Paper6-T6/cfd_handover/returns/2026-10-03/TaskA/fill_baseline_D7_12p5_zoneB_resistance.json /mnt/e/Paper6-T6/Paper6-T6/cfd_handover/returns/2026-10-03/TaskA/M1_monitor_history_baseline_D7_12p5_zoneB_resistance.csv /mnt/e/Paper6-T6/Paper6-T6/cfd_handover/returns/2026-10-03/TaskA/M1_monitor_history_baseline_D7_12p5_zoneB_resistance.json /mnt/e/Paper6-T6/Paper6-T6/cfd_handover/returns/2026-10-03/TaskA/settle_baseline_D7_12p5_zoneB_resistance.csv /mnt/e/Paper6-T6/Paper6-T6/cfd_handover/returns/2026-10-03/TaskA/reconstruct_check_baseline_D7_12p5_zoneB_resistance.json /mnt/e/Paper6-T6/Paper6-T6/cfd_handover/returns/2026-10-03/TaskA/as_meshed_radius_baseline_D7_12p5_zoneB.csv /mnt/e/Paper6-T6/Paper6-T6/cfd_handover/returns/2026-10-03/TaskA/as_meshed_radius_baseline_D7_12p5_zoneB_inscribed.csv /mnt/e/Paper6-T6/Paper6-T6/cfd_handover/returns/2026-10-03/TaskA/as_meshed_radius_baseline_D7_12p5_zoneB_detail.csv /mnt/e/Paper6-T6/Paper6-T6/cfd_handover/returns/2026-10-03/TaskA/as_meshed_radius_baseline_D7_12p5_zoneB_provenance.json /mnt/e/Paper6-T6/Paper6-T6/cfd_handover/returns/2026-10-03/TaskA/flow_state_baseline_D7_12p5_zoneB_resistance.csv
reference comparison: FFR(p011, reconstructed time 3000.0) = 0.8718321; DeltaFFR vs reference 0.8697574904997768 = +0.0020746: |DeltaFFR| >= 0.00055; measurementP last-100 mean 0.8718355 (B1, reported separately)
wrote /mnt/e/Paper6-T6/Paper6-T6/cfd_handover/returns/2026-10-03/TaskA/post_summary_baseline_D7_12p5_zoneB_resistance.json: flags SELF_INTERSECTION;D34_MISSING;NOT_CONVERGED, verdict UNCONVERGED, wall clock 51000 s, cells 8308794, peak RAM n/a GB, measurement probe used p011 (not evaluated (pre-strict-rule build))
[post 08:37:54] POSTDONE baseline_D7_12p5_zoneB resistance (processor directories kept: remove them only after checking /mnt/e/Paper6-T6/Paper6-T6/cfd_handover/returns/2026-10-03/TaskA/reconstruct_check_baseline_D7_12p5_zoneB_resistance.json and the outputs)
[post 08:38:27] case /home/azan/paper6_t6_work/scratchpad/item3_M1_pilot/m1/cases/baseline_D7_12p5_zoneB_resistance package 14_left_LAD_prox_20mm_80ds__baseline__real label baseline_D7_12p5_zoneB mode resistance out /mnt/e/Paper6-T6/Paper6-T6/cfd_handover/returns/2026-10-03/TaskA (P=/home/azan/paper6_t6_work/scratchpad/item3_M1_pilot, helpers /home/azan/paper6_t6_work/scratchpad/item3_M1_pilot/pf)
[post 08:38:27] + python3 /home/azan/paper6_t6_work/scratchpad/item3_M1_pilot/pf/post_helpers.py finished /home/azan/paper6_t6_work/scratchpad/item3_M1_pilot/m1/cases/baseline_D7_12p5_zoneB_resistance --json /mnt/e/Paper6-T6/Paper6-T6/cfd_handover/returns/2026-10-03/TaskA/run_completion_baseline_D7_12p5_zoneB_resistance.json
RUN COMPLETE: last Time 3000 = endTime, End at line 204193
[post 08:38:28] + post_helpers.py package-check /home/azan/paper6_t6_work/scratchpad/item3_M1_pilot/m1/cases/baseline_D7_12p5_zoneB_resistance 14_left_LAD_prox_20mm_80ds__baseline__real 
[post 08:38:28] package verified against build_info package_hashes: /home/azan/paper6_t6_work/scratchpad/zipcheck/cfd_handover/packages/M1/14_left_LAD_prox_20mm_80ds__baseline__real
[post 08:38:28] + nice -n 10 python3 /home/azan/paper6_t6_work/scratchpad/item3_M1_pilot/pf/analyze_case.py /home/azan/paper6_t6_work/scratchpad/item3_M1_pilot/m1/cases/baseline_D7_12p5_zoneB_resistance --json /home/azan/paper6_t6_work/scratchpad/item3_M1_pilot/m1/cases/baseline_D7_12p5_zoneB_resistance/analysis_pf.json --cached --require-finished
/home/azan/paper6_t6_work/scratchpad/item3_M1_pilot/m1/cases/baseline_D7_12p5_zoneB_resistance/analysis_pf.json: cached analysis reused (provenance matches)
[post 08:38:28] + reconstructPar -latestTime (log: /home/azan/paper6_t6_work/scratchpad/item3_M1_pilot/m1/cases/baseline_D7_12p5_zoneB_resistance/log.reconstructPar)
[post 08:38:29] reconstructPar failed (see /home/azan/paper6_t6_work/scratchpad/item3_M1_pilot/m1/cases/baseline_D7_12p5_zoneB_resistance/log.reconstructPar)
