[post 13:40:47] case /home/azan/paper6_t6_work/scratchpad/item3_M1_pilot/m1/cases/baseline_A0_25um_resistance package 14_left_LAD_prox_20mm_80ds__baseline__real label baseline_A0_25um mode resistance out /mnt/e/Paper6-T6/Paper6-T6/cfd_handover/returns/2026-10-03/TaskA (P=/home/azan/paper6_t6_work/scratchpad/item3_M1_pilot, helpers /home/azan/paper6_t6_work/scratchpad/item3_M1_pilot/pf)
[post 13:40:47] + python3 /home/azan/paper6_t6_work/scratchpad/item3_M1_pilot/pf/post_helpers.py finished /home/azan/paper6_t6_work/scratchpad/item3_M1_pilot/m1/cases/baseline_A0_25um_resistance --json /mnt/e/Paper6-T6/Paper6-T6/cfd_handover/returns/2026-10-03/TaskA/run_completion_baseline_A0_25um_resistance.json
RUN COMPLETE: last Time 3000 = endTime, End at line 204193
[post 13:40:47] + post_helpers.py package-check /home/azan/paper6_t6_work/scratchpad/item3_M1_pilot/m1/cases/baseline_A0_25um_resistance 14_left_LAD_prox_20mm_80ds__baseline__real 
[post 13:40:47] package verified against build_info package_hashes: /home/azan/paper6_t6_work/scratchpad/zipcheck/cfd_handover/packages/M1/14_left_LAD_prox_20mm_80ds__baseline__real
[post 13:40:47] + nice -n 10 python3 /home/azan/paper6_t6_work/scratchpad/item3_M1_pilot/pf/analyze_case.py /home/azan/paper6_t6_work/scratchpad/item3_M1_pilot/m1/cases/baseline_A0_25um_resistance --json /home/azan/paper6_t6_work/scratchpad/item3_M1_pilot/m1/cases/baseline_A0_25um_resistance/analysis_pf.json --cached --require-finished
baseline_A0_25um_resistance: VERDICT CONVERGED  residuals p=7.56e-09 U=(1.6e-09,1.4e-09,1.2e-09) log iter 3000; failed checks: []
baseline_A0_25um_resistance: last iter 3000, sum outlets 0.68173 mL/s, mass imbalance 8.595749778432022e-06 %, inlet static p 11995.97 Pa (0.99975 Paorta), band(200) 0.0000 %
outlet         Q mL/s   0D mL/s  Q/0D-1 %    P/Pao   BCerr %  band200 %  band500 %
out_160       0.11054   0.09526    +16.03  0.85998   +0.0000    0.00000    0.00007
out_425       0.10540   0.10437     +0.98  0.97051   -0.0000    0.00002    0.00002
out_600       0.09028   0.07821    +15.42  0.85595   -0.0000    0.00000    0.00003
out_639       0.11221   0.11258     -0.33  0.97560   -0.0000    0.00002    0.00002
out_742       0.12587   0.12345     +1.96  0.96118   -0.0000    0.00004    0.00004
out_868       0.13743   0.13509     +1.73  0.95511   -0.0000    0.00006    0.00006
baseline_A0_25um_resistance: STRICT checks {'monitors_time_aligned': True, 'inlet_flux_band200_lt_0_1pct': True, 'log_no_fatal_or_nonfinite': True, 'residuals_all_finite': True} inlet-flux band(200) 2.1122660733695996e-05 %, log finished True
[post 13:40:48] latest time already reconstructed and verified: reconstructPar not re-run
[post 13:40:48] + python3 /home/azan/paper6_t6_work/scratchpad/item3_M1_pilot/pf/post_helpers.py reconstruct-check /home/azan/paper6_t6_work/scratchpad/item3_M1_pilot/m1/cases/baseline_A0_25um_resistance /mnt/e/Paper6-T6/Paper6-T6/cfd_handover/returns/2026-10-03/TaskA/reconstruct_check_baseline_A0_25um_resistance.json
RECONSTRUCT OK: time 3000, fields {'U': 88149469, 'p': 29314281}
[post 13:40:49] + nice -n 10 python3 /home/azan/paper6_t6_work/scratchpad/item3_M1_pilot/pf/m1_probes.py /home/azan/paper6_t6_work/scratchpad/item3_M1_pilot/m1/cases/baseline_A0_25um_resistance /home/azan/paper6_t6_work/scratchpad/zipcheck/cfd_handover/packages/M1/14_left_LAD_prox_20mm_80ds__baseline__real baseline_A0_25um resistance --out /mnt/e/Paper6-T6/Paper6-T6/cfd_handover/returns/2026-10-03/TaskA/M1_probes_baseline_A0_25um_resistance.csv
wrote /mnt/e/Paper6-T6/Paper6-T6/cfd_handover/returns/2026-10-03/TaskA/M1_probes_baseline_A0_25um_resistance.csv: 31 probes, 31 valid sections, time 3000.0
no radius provenance as_meshed_radius_baseline_A0_25um_provenance.json: regenerate
[post 13:41:30] + nice -n 10 python3 /home/azan/paper6_t6_work/scratchpad/item3_M1_pilot/pf/as_meshed_radius.py /home/azan/paper6_t6_work/scratchpad/item3_M1_pilot/m1/cases/baseline_A0_25um_resistance /home/azan/paper6_t6_work/scratchpad/zipcheck/cfd_handover/packages/M1/14_left_LAD_prox_20mm_80ds__baseline__real baseline_A0_25um /mnt/e/Paper6-T6/Paper6-T6/cfd_handover/returns/2026-10-03/TaskA/as_meshed_radius_baseline_A0_25um_detail.csv --contract /mnt/e/Paper6-T6/Paper6-T6/cfd_handover/returns/2026-10-03/TaskA/as_meshed_radius_baseline_A0_25um
baseline_A0_25um: mesh 3657147 cells, 748 centreline nodes
  0/748 (1 s)
  100/748 (83 s)
  200/748 (127 s)
  300/748 (165 s)
  400/748 (191 s)
  500/748 (219 s)
  600/748 (245 s)
  700/748 (269 s)
wrote /mnt/e/Paper6-T6/Paper6-T6/cfd_handover/returns/2026-10-03/TaskA/as_meshed_radius_baseline_A0_25um_detail.csv: 748 nodes, 731 valid sections
wrote /mnt/e/Paper6-T6/Paper6-T6/cfd_handover/returns/2026-10-03/TaskA/as_meshed_radius_baseline_A0_25um.csv: 731/748 covered
wrote /mnt/e/Paper6-T6/Paper6-T6/cfd_handover/returns/2026-10-03/TaskA/as_meshed_radius_baseline_A0_25um_inscribed.csv: 731/748 covered
[post 13:46:23] + python3 /home/azan/paper6_t6_work/scratchpad/item3_M1_pilot/pf/post_helpers.py radius-commit /mnt/e/Paper6-T6/Paper6-T6/cfd_handover/returns/2026-10-03/TaskA/as_meshed_radius_baseline_A0_25um
wrote /mnt/e/Paper6-T6/Paper6-T6/cfd_handover/returns/2026-10-03/TaskA/as_meshed_radius_baseline_A0_25um_provenance.json
[post 13:46:24] as-meshed radius: regenerated; provenance written
[post 13:46:24] + python3 /home/azan/paper6_t6_work/scratchpad/item3_M1_pilot/pf/post_helpers.py fill /home/azan/paper6_t6_work/scratchpad/item3_M1_pilot/m1/cases/baseline_A0_25um_resistance 14_left_LAD_prox_20mm_80ds__baseline__real /mnt/e/Paper6-T6/Paper6-T6/cfd_handover/returns/2026-10-03/TaskA/fill_baseline_A0_25um_resistance.json
wrote /mnt/e/Paper6-T6/Paper6-T6/cfd_handover/returns/2026-10-03/TaskA/fill_baseline_A0_25um_resistance.json (geometry gates: /home/azan/paper6_t6_work/scratchpad/item3_M1_pilot/m1/out/baseline/gates.json ['source' of the build's extension json]; mesh gates: /home/azan/paper6_t6_work/scratchpad/item3_M1_pilot/m1/mesh/baseline_v2/mesh_gates.json [build_info mesh_source_dir]; d34: None [not found]): flags SELF_INTERSECTION;D34_MISSING
[post 13:46:24] + nice -n 10 python3 /home/azan/paper6_t6_work/scratchpad/item3_M1_pilot/pf/m1_results.py /home/azan/paper6_t6_work/scratchpad/item3_M1_pilot/m1/cases/baseline_A0_25um_resistance baseline_A0_25um resistance --analysis /home/azan/paper6_t6_work/scratchpad/item3_M1_pilot/m1/cases/baseline_A0_25um_resistance/analysis_pf.json --probes /mnt/e/Paper6-T6/Paper6-T6/cfd_handover/returns/2026-10-03/TaskA/M1_probes_baseline_A0_25um_resistance.csv --fill-json /mnt/e/Paper6-T6/Paper6-T6/cfd_handover/returns/2026-10-03/TaskA/fill_baseline_A0_25um_resistance.json --outdir /mnt/e/Paper6-T6/Paper6-T6/cfd_handover/returns/2026-10-03/TaskA
/home/azan/paper6_t6_work/scratchpad/item3_M1_pilot/m1/cases/baseline_A0_25um_resistance/analysis_pf.json: cached analysis reused (provenance matches)
Re_source: probes row p004 (kind throat, s_mm=19.712737527771008) of M1_probes_baseline_A0_25um_resistance.csv: |Q_through|=0.201258 mL/s, D=2 r_eq=0.55148 mm, Re=123.1 (Re_section column 123.1, agrees)
wrote /mnt/e/Paper6-T6/Paper6-T6/cfd_handover/returns/2026-10-03/TaskA/M1_outlets_baseline_A0_25um_resistance.csv and the (baseline_A0_25um, resistance) row of /mnt/e/Paper6-T6/Paper6-T6/cfd_handover/returns/2026-10-03/TaskA/M1_results.csv
[post 13:46:25] + python3 /home/azan/paper6_t6_work/scratchpad/item3_M1_pilot/pf/post_helpers.py history /home/azan/paper6_t6_work/scratchpad/item3_M1_pilot/m1/cases/baseline_A0_25um_resistance /mnt/e/Paper6-T6/Paper6-T6/cfd_handover/returns/2026-10-03/TaskA/M1_monitor_history_baseline_A0_25um_resistance.csv --probes /mnt/e/Paper6-T6/Paper6-T6/cfd_handover/returns/2026-10-03/TaskA/M1_probes_baseline_A0_25um_resistance.csv --json /mnt/e/Paper6-T6/Paper6-T6/cfd_handover/returns/2026-10-03/TaskA/M1_monitor_history_baseline_A0_25um_resistance.json
cross-check measurementP vs probes row p011 (measurement): p/P_aorta 0.869757 vs 0.869757 (diff +1.17e-09); area 3.36955 vs 3.36956 mm2: OK
cross-check throatP vs probes row p004 (throat): p/P_aorta 0.892624 vs 0.892624 (diff +5.17e-09); area 0.23886 vs 0.23886 mm2: OK
wrote /mnt/e/Paper6-T6/Paper6-T6/cfd_handover/returns/2026-10-03/TaskA/M1_monitor_history_baseline_A0_25um_resistance.csv: 3000 iterations, monitors ['measurementFlux', 'measurementP', 'throatFlux', 'throatP']; measurementP last p/P_aorta 0.869757
[post 13:46:25] + python3 /home/azan/paper6_t6_work/scratchpad/item3_M1_pilot/b1_settle.py /mnt/e/Paper6-T6/Paper6-T6/cfd_handover/returns/2026-10-03/TaskA/settle_baseline_A0_25um_resistance.csv --case /home/azan/paper6_t6_work/scratchpad/item3_M1_pilot/m1/cases/baseline_A0_25um_resistance:
returns folder: None
baseline_A0_25um_resistance ok first 1421 perm 1421 end 3000 floored 1421 dFFR(first) -2.218591913627499e-06 B1 clk 10039 / 17734
[post 13:46:26] + nice -n 10 python3 /home/azan/paper6_t6_work/scratchpad/item3_M1_pilot/flow_state_profile.py profile /home/azan/paper6_t6_work/scratchpad/item3_M1_pilot/m1/cases/baseline_A0_25um_resistance --package /home/azan/paper6_t6_work/scratchpad/zipcheck/cfd_handover/packages/M1/14_left_LAD_prox_20mm_80ds__baseline__real --label baseline_A0_25um_resistance --out /mnt/e/Paper6-T6/Paper6-T6/cfd_handover/returns/2026-10-03/TaskA/flow_state_baseline_A0_25um_resistance.csv
wrote /mnt/e/Paper6-T6/Paper6-T6/cfd_handover/returns/2026-10-03/TaskA/flow_state_baseline_A0_25um_resistance.csv: 28/30 valid sections, time 3000.0; max offset/r_eq 0.5171 at s-s_throat 8.999999999999996 mm, direction persistence 0.578
[post 13:47:03] + python3 /home/azan/paper6_t6_work/scratchpad/item3_M1_pilot/pf/post_helpers.py summary /home/azan/paper6_t6_work/scratchpad/item3_M1_pilot/m1/cases/baseline_A0_25um_resistance /mnt/e/Paper6-T6/Paper6-T6/cfd_handover/returns/2026-10-03/TaskA baseline_A0_25um resistance /mnt/e/Paper6-T6/Paper6-T6/cfd_handover/returns/2026-10-03/TaskA/post_summary_baseline_A0_25um_resistance.json /mnt/e/Paper6-T6/Paper6-T6/cfd_handover/returns/2026-10-03/TaskA/run_completion_baseline_A0_25um_resistance.json /mnt/e/Paper6-T6/Paper6-T6/cfd_handover/returns/2026-10-03/TaskA/package_check_baseline_A0_25um_resistance.json /mnt/e/Paper6-T6/Paper6-T6/cfd_handover/returns/2026-10-03/TaskA/M1_probes_baseline_A0_25um_resistance.csv /mnt/e/Paper6-T6/Paper6-T6/cfd_handover/returns/2026-10-03/TaskA/M1_outlets_baseline_A0_25um_resistance.csv /mnt/e/Paper6-T6/Paper6-T6/cfd_handover/returns/2026-10-03/TaskA/M1_results.csv /mnt/e/Paper6-T6/Paper6-T6/cfd_handover/returns/2026-10-03/TaskA/fill_baseline_A0_25um_resistance.json /mnt/e/Paper6-T6/Paper6-T6/cfd_handover/returns/2026-10-03/TaskA/M1_monitor_history_baseline_A0_25um_resistance.csv /mnt/e/Paper6-T6/Paper6-T6/cfd_handover/returns/2026-10-03/TaskA/M1_monitor_history_baseline_A0_25um_resistance.json /mnt/e/Paper6-T6/Paper6-T6/cfd_handover/returns/2026-10-03/TaskA/settle_baseline_A0_25um_resistance.csv /mnt/e/Paper6-T6/Paper6-T6/cfd_handover/returns/2026-10-03/TaskA/reconstruct_check_baseline_A0_25um_resistance.json /mnt/e/Paper6-T6/Paper6-T6/cfd_handover/returns/2026-10-03/TaskA/as_meshed_radius_baseline_A0_25um.csv /mnt/e/Paper6-T6/Paper6-T6/cfd_handover/returns/2026-10-03/TaskA/as_meshed_radius_baseline_A0_25um_inscribed.csv /mnt/e/Paper6-T6/Paper6-T6/cfd_handover/returns/2026-10-03/TaskA/as_meshed_radius_baseline_A0_25um_detail.csv /mnt/e/Paper6-T6/Paper6-T6/cfd_handover/returns/2026-10-03/TaskA/as_meshed_radius_baseline_A0_25um_provenance.json /mnt/e/Paper6-T6/Paper6-T6/cfd_handover/returns/2026-10-03/TaskA/flow_state_baseline_A0_25um_resistance.csv
reference comparison: FFR(p011, reconstructed time 3000.0) = 0.8697575; DeltaFFR vs reference 0.8697574904997768 = +0.0000000: |DeltaFFR| < 0.00055; measurementP last-100 mean 0.8697575 (B1, reported separately)
wrote /mnt/e/Paper6-T6/Paper6-T6/cfd_handover/returns/2026-10-03/TaskA/post_summary_baseline_A0_25um_resistance.json: flags SELF_INTERSECTION;D34_MISSING, verdict CONVERGED, wall clock 17734 s, cells 3657147, peak RAM n/a GB, measurement probe used p011 (PASS)
[post 13:47:04] POSTDONE baseline_A0_25um resistance (processor directories kept: remove them only after checking /mnt/e/Paper6-T6/Paper6-T6/cfd_handover/returns/2026-10-03/TaskA/reconstruct_check_baseline_A0_25um_resistance.json and the outputs)
