  20/152 scans  864 instances  0 failures  61s
  40/152 scans  1608 instances  0 failures  122s
  60/152 scans  2344 instances  0 failures  194s
  80/152 scans  3120 instances  0 failures  266s
  100/152 scans  4008 instances  0 failures  331s
  120/152 scans  4944 instances  0 failures  394s
  140/152 scans  5992 instances  0 failures  460s

wrote results/sweep_test.csv: 6472 instances, 264 hosts, 136 scans, 0 failures, 497s

non-converged: 0;  max mass error 5.5e-11;  baseline FFR_meas median 0.956

FFR_meas by inserted severity (median [p10, p90]):
    40%DS  0.904  [0.869, 0.956]   <=0.80:   0.0%
    50%DS  0.845  [0.795, 0.938]   <=0.80:  12.9%
    55%DS  0.797  [0.734, 0.921]   <=0.80:  51.3%
    60%DS  0.732  [0.656, 0.894]   <=0.80:  67.7%
    65%DS  0.645  [0.561, 0.850]   <=0.80:  80.6%
    70%DS  0.540  [0.456, 0.780]   <=0.80:  92.0%
    75%DS  0.421  [0.348, 0.671]   <=0.80:  98.3%
    80%DS  0.302  [0.246, 0.524]   <=0.80:  99.8%

instances per FFR_meas band (supply for selection):
   [0.40,0.45)     260  ###################
   [0.45,0.50)     330  ########################
   [0.50,0.55)     293  #####################
   [0.55,0.60)     371  ###########################
   [0.60,0.65)     361  ##########################
   [0.65,0.70)     436  ################################
   [0.70,0.75)     483  ###################################
   [0.75,0.80)     593  ############################################
   [0.80,0.85)     693  ###################################################
   [0.85,0.90)     806  ############################################################
   [0.90,0.95)     715  #####################################################
   [0.95,1.00)     193  ##############

hosts by vessel:
vessel
LAD     91
LCX     67
RCA    106
