cohort: sweep_test_selected.csv — 150 instances, 108 trees, 87 patients
discrete bed: leaf r_ref^2.66, truncation r_ref >= 0.60 mm, gates: healthy-network FFR >= 0.9, outlets >= 2, baseline >= 0.9

  50/150  eligible so far 14  112s
  75/150  eligible so far 23  156s
  150/150  eligible so far 47  250s

==============================================================================
DISCRETE ARM ELIGIBILITY — CONSORT-style flow
==============================================================================
  frozen cohort                          150
  eligible for the discrete arm           47   (31%)
    of which a deletable branch exists    34   (missed-branch / truncation error types)
    of which the FFR band is unchanged    21   -> bands MUST be pre-registered per structure

  excluded                               103
        6  E3 healthy-network FFR 0.855 < 0.9
        6  E4 fewer than 2 outlets
        4  E3 healthy-network FFR 0.882 < 0.9
        4  E3 healthy-network FFR 0.805 < 0.9
        3  E3 healthy-network FFR 0.895 < 0.9
        3  E3 healthy-network FFR 0.863 < 0.9
        3  E3 healthy-network FFR 0.780 < 0.9
        3  E3 healthy-network FFR 0.838 < 0.9
        2  E3 healthy-network FFR 0.785 < 0.9
        2  E3 healthy-network FFR 0.591 < 0.9
        2  E3 healthy-network FFR 0.884 < 0.9
        2  E3 healthy-network FFR 0.853 < 0.9
        2  E3 healthy-network FFR 0.824 < 0.9
        2  E3 healthy-network FFR 0.823 < 0.9
        2  E3 healthy-network FFR 0.849 < 0.9
        2  E3 healthy-network FFR 0.730 < 0.9
        2  E3 healthy-network FFR 0.793 < 0.9
        2  E3 healthy-network FFR 0.769 < 0.9
        2  E3 healthy-network FFR 0.752 < 0.9
        2  E3 healthy-network FFR 0.874 < 0.9
        2  E3 healthy-network FFR 0.734 < 0.9
        2  E3 healthy-network FFR 0.811 < 0.9
        2  E3 healthy-network FFR 0.733 < 0.9
        2  E3 healthy-network FFR 0.883 < 0.9
        2  E3 healthy-network FFR 0.899 < 0.9
        2  E3 healthy-network FFR 0.755 < 0.9
        2  E3 healthy-network FFR 0.782 < 0.9
        2  E3 healthy-network FFR 0.716 < 0.9
        2  E3 healthy-network FFR 0.873 < 0.9
        2  E3 healthy-network FFR 0.880 < 0.9
        2  E3 healthy-network FFR 0.898 < 0.9
        2  E3 healthy-network FFR 0.794 < 0.9
        1  E3 healthy-network FFR 0.801 < 0.9
        1  E3 healthy-network FFR 0.887 < 0.9
        1  E3 healthy-network FFR 0.846 < 0.9
        1  E3 healthy-network FFR 0.819 < 0.9
        1  E3 healthy-network FFR 0.900 < 0.9
        1  E3 healthy-network FFR 0.798 < 0.9
        1  E3 healthy-network FFR 0.856 < 0.9
        1  E3 healthy-network FFR 0.795 < 0.9
        1  E3 healthy-network FFR 0.792 < 0.9
        1  E3 healthy-network FFR 0.804 < 0.9
        1  E3 healthy-network FFR 0.786 < 0.9
        1  E3 healthy-network FFR 0.772 < 0.9
        1  E3 healthy-network FFR 0.868 < 0.9
        1  E3 healthy-network FFR 0.737 < 0.9
        1  E3 healthy-network FFR 0.700 < 0.9
        1  E3 healthy-network FFR 0.776 < 0.9
        1  E3 healthy-network FFR 0.710 < 0.9
        1  E3 healthy-network FFR 0.753 < 0.9
        1  E3 healthy-network FFR 0.844 < 0.9
        1  E3 healthy-network FFR 0.839 < 0.9
        1  E3 healthy-network FFR 0.848 < 0.9
        1  E3 healthy-network FFR 0.869 < 0.9
        1  E3 healthy-network FFR 0.859 < 0.9

  discrete vs leaky on the eligible set:
      FFR offset      mean -0.0238  sd 0.0617  min -0.2173  max +0.1060
      decision disagreement  7/47  (15%)
      outlets per tree: median 4 (min 2, max 7)

  eligible by vessel: {'LAD': np.int64(20), 'RCA': np.int64(15), 'LCX': np.int64(12)}
  eligible by leaky band:    {'[0.65, 0.7)': np.int64(9), '[0.7, 0.75)': np.int64(5), '[0.75, 0.8)': np.int64(9), '[0.8, 0.85)': np.int64(8), '[0.85, 0.9)': np.int64(5), '[0.9, 0.95)': np.int64(11)}
  eligible by DISCRETE band: {'[0.65, 0.70)': np.int64(6), '[0.70, 0.75)': np.int64(8), '[0.75, 0.80)': np.int64(8), '[0.80, 0.85)': np.int64(4), '[0.85, 0.90)': np.int64(7), '[0.90, 0.95)': np.int64(7), 'out': np.int64(7)}

  POOL for the 3D/CFD subset (eligible AND deletable branch AND band holds in both): 15
    by vessel: {'RCA': np.int64(8), 'LAD': np.int64(5), 'LCX': np.int64(2)}
    by band:   {'[0.70, 0.75)': np.int64(1), '[0.75, 0.80)': np.int64(3), '[0.80, 0.85)': np.int64(3), '[0.85, 0.90)': np.int64(2), '[0.90, 0.95)': np.int64(6)}

wrote results/demand-replication-x2-2026-10-08/discrete_arm_eligibility.csv  (250s)
