1791308545 first snapshot (117 processes)
1791308606 nonwsl_cores 0.2638 top remoting_host(24796) 0.070
1791308666 nonwsl_cores 0.2686 top remoting_host(24796) 0.069
1791308726 nonwsl_cores 0.2724 top remoting_host(24796) 0.074
1791308786 nonwsl_cores 0.2769 top remoting_host(24796) 0.074
1791308845 nonwsl_cores 0.2839 top remoting_host(24796) 0.071
1791308906 nonwsl_cores 0.2877 top remoting_host(24796) 0.082
1791308966 nonwsl_cores 0.3421 top remoting_host(24796) 0.072
1791309026 nonwsl_cores 0.2704 top remoting_host(24796) 0.072
1791309086 nonwsl_cores 0.2735 top remoting_host(24796) 0.076
1791309146 nonwsl_cores 0.2579 top remoting_host(24796) 0.066
1791309206 nonwsl_cores 0.2676 top remoting_host(24796) 0.070
1791309266 nonwsl_cores 0.2658 top remoting_host(24796) 0.068
1791309326 nonwsl_cores 0.2505 top WindowsTerminal(23300) 0.066
1791309386 nonwsl_cores 0.2654 top remoting_host(24796) 0.069
1791309446 nonwsl_cores 0.2658 top remoting_host(24796) 0.077
1791309506 nonwsl_cores 0.2728 top remoting_host(24796) 0.077
1791309566 nonwsl_cores 0.3420 top remoting_host(24796) 0.075
1791309626 nonwsl_cores 0.2734 top remoting_host(24796) 0.080
1791309686 nonwsl_cores 0.2797 top remoting_host(24796) 0.077
1791309746 nonwsl_cores 0.2647 top remoting_host(24796) 0.071
1791309806 nonwsl_cores 0.2757 top remoting_host(24796) 0.077
1791309866 nonwsl_cores 0.2731 top WindowsTerminal(23300) 0.070
1791309926 nonwsl_cores 0.2753 top remoting_host(24796) 0.072
1791309986 nonwsl_cores 0.2868 top remoting_host(24796) 0.085
1791310046 nonwsl_cores 0.2801 top remoting_host(24796) 0.071
1791310106 nonwsl_cores 0.2735 top remoting_host(24796) 0.072
1791310166 nonwsl_cores 0.3311 top remoting_host(24796) 0.073
1791310226 nonwsl_cores 0.2716 top remoting_host(24796) 0.076
1791310286 nonwsl_cores 0.2756 top remoting_host(24796) 0.082
1791310346 nonwsl_cores 0.2562 top remoting_host(24796) 0.073
1791310406 nonwsl_cores 0.2687 top remoting_host(24796) 0.076
1791310466 nonwsl_cores 0.2650 top remoting_host(24796) 0.068
1791310526 nonwsl_cores 0.2594 top remoting_host(24796) 0.067
1791310586 nonwsl_cores 0.2768 top remoting_host(24796) 0.085
1791310646 nonwsl_cores 0.2864 top remoting_host(24796) 0.075
1791310706 nonwsl_cores 0.2880 top remoting_host(24796) 0.073
1791310766 nonwsl_cores 0.3347 top remoting_host(24796) 0.079
1791310826 nonwsl_cores 0.2747 top remoting_host(24796) 0.080
1791310886 nonwsl_cores 0.2751 top remoting_host(24796) 0.072
1791310946 nonwsl_cores 0.2771 top remoting_host(24796) 0.075
1791311006 nonwsl_cores 0.2628 top remoting_host(24796) 0.068
1791311066 nonwsl_cores 0.2665 top remoting_host(24796) 0.072
1791311126 nonwsl_cores 0.2721 top remoting_host(24796) 0.074
1791311186 nonwsl_cores 0.2695 top remoting_host(24796) 0.067
1791311246 nonwsl_cores 0.2627 top remoting_host(24796) 0.070
1791311306 nonwsl_cores 0.2781 top remoting_host(24796) 0.080
1791311366 nonwsl_cores 0.3423 top remoting_host(24796) 0.077
1791311426 nonwsl_cores 0.2787 top remoting_host(24796) 0.078
1791311487 nonwsl_cores 0.2813 top remoting_host(24796) 0.073
1791311546 nonwsl_cores 0.2811 top remoting_host(24796) 0.083
1791311606 nonwsl_cores 0.2868 top remoting_host(24796) 0.077
1791311666 nonwsl_cores 0.2851 top remoting_host(24796) 0.082
1791311726 nonwsl_cores 0.2815 top remoting_host(24796) 0.079
1791311786 nonwsl_cores 0.2674 top remoting_host(24796) 0.067
1791311846 nonwsl_cores 0.2783 top remoting_host(24796) 0.076
1791311906 nonwsl_cores 0.2670 top WindowsTerminal(23300) 0.071
1791311966 nonwsl_cores 0.3487 top msedgewebview2(17516) 0.073
1791312026 nonwsl_cores 0.2810 top remoting_host(24796) 0.081
1791312086 nonwsl_cores 0.2787 top remoting_host(24796) 0.079
1791312146 nonwsl_cores 0.2588 top remoting_host(24796) 0.069
1791312207 nonwsl_cores 0.3470 top remoting_host(24796) 0.077
1791312266 nonwsl_cores 0.2913 top remoting_host(24796) 0.080
1791312326 nonwsl_cores 0.2954 top remoting_host(24796) 0.087
1791312386 nonwsl_cores 0.2760 top remoting_host(24796) 0.077
1791312446 nonwsl_cores 0.2726 top remoting_host(24796) 0.077
1791312507 nonwsl_cores 0.2848 top remoting_host(24796) 0.073
1791312567 nonwsl_cores 0.3552 top remoting_host(24796) 0.074
1791312626 nonwsl_cores 0.2921 top remoting_host(24796) 0.082
1791312687 nonwsl_cores 0.2856 top remoting_host(24796) 0.074
1791312746 nonwsl_cores 0.2833 top remoting_host(24796) 0.084
1791312806 nonwsl_cores 0.2701 top remoting_host(24796) 0.071
1791312867 nonwsl_cores 0.2810 top remoting_host(24796) 0.075
1791312927 nonwsl_cores 0.2926 top remoting_host(24796) 0.090
1791312987 nonwsl_cores 0.2681 top remoting_host(24796) 0.072
1791313047 nonwsl_cores 0.2683 top remoting_host(24796) 0.073
1791313107 nonwsl_cores 0.2837 top remoting_host(24796) 0.076
1791313167 nonwsl_cores 0.3407 top remoting_host(24796) 0.070
1791313227 nonwsl_cores 0.2711 top remoting_host(24796) 0.072
1791313287 nonwsl_cores 0.2798 top remoting_host(24796) 0.072
1791313347 nonwsl_cores 0.2795 top remoting_host(24796) 0.070
1791313407 nonwsl_cores 0.2800 top remoting_host(24796) 0.078
1791313467 nonwsl_cores 0.2935 top remoting_host(24796) 0.083
1791313527 nonwsl_cores 0.2678 top remoting_host(24796) 0.072
1791313581 nonwsl_cores 0.2951 top remoting_host(24796) 0.089 (closing)
