[post 07:50:29] case /home/azan/paper6_t6_work/scratchpad/item3_M1_pilot/p5/cases_v2/138_resistance package 138_left_LAD_prox_20mm_70ds__baseline__real label 138 mode resistance out /mnt/e/Paper6-T6/Paper6-T6/cfd_handover/returns/2026-10-03/P5/138 (P=/home/azan/paper6_t6_work/scratchpad/item3_M1_pilot, helpers /home/azan/paper6_t6_work/scratchpad/item3_M1_pilot/pf)
[post 07:50:29] + python3 /home/azan/paper6_t6_work/scratchpad/item3_M1_pilot/pf/post_helpers.py finished /home/azan/paper6_t6_work/scratchpad/item3_M1_pilot/p5/cases_v2/138_resistance --json /mnt/e/Paper6-T6/Paper6-T6/cfd_handover/returns/2026-10-03/P5/138/run_completion_138_resistance.json
RUN COMPLETE: last Time 3000 = endTime, End at line 186178
[post 07:50:29] + post_helpers.py package-check /home/azan/paper6_t6_work/scratchpad/item3_M1_pilot/p5/cases_v2/138_resistance 138_left_LAD_prox_20mm_70ds__baseline__real 
[post 07:50:30] package verified against build_info package_hashes: /mnt/e/Paper6-T6/Paper6-T6/cfd_handover/packages/P5/138_left_LAD_prox_20mm_70ds__baseline__real
[post 07:50:30] + nice -n 10 python3 /home/azan/paper6_t6_work/scratchpad/item3_M1_pilot/pf/analyze_case.py /home/azan/paper6_t6_work/scratchpad/item3_M1_pilot/p5/cases_v2/138_resistance --json /home/azan/paper6_t6_work/scratchpad/item3_M1_pilot/p5/cases_v2/138_resistance/analysis_pf.json --cached --require-finished
138_resistance: VERDICT CONVERGED  residuals p=6.17e-09 U=(5.9e-10,7.4e-10,7.6e-10) log iter 3000; failed checks: []
138_resistance: last iter 3000, sum outlets 1.42237 mL/s, mass imbalance -4.077699896504208e-06 %, inlet static p 11991.16 Pa (0.99935 Paorta), band(200) 0.0000 %
outlet         Q mL/s   0D mL/s  Q/0D-1 %    P/Pao   BCerr %  band200 %  band500 %
out_159       0.22901   0.23520     -2.63  0.93893   +0.0000    0.00001    0.00001
out_439       0.52179   0.46310    +12.67  0.82605   +0.0000    0.00001    0.00002
out_496       0.20431   0.18548    +10.15  0.84445   +0.0000    0.00000    0.00001
out_571       0.12988   0.23552    -44.86  0.55087   +0.0000    0.00025    0.00025
out_712       0.33739   0.33029     +2.15  0.94783   +0.0000    0.00014    0.00019
138_resistance: STRICT checks {'monitors_time_aligned': True, 'inlet_flux_band200_lt_0_1pct': True, 'log_no_fatal_or_nonfinite': True, 'residuals_all_finite': True} inlet-flux band(200) 9.842724084230448e-06 %, log finished True
[post 07:50:31] latest time already reconstructed and verified: reconstructPar not re-run
[post 07:50:31] + python3 /home/azan/paper6_t6_work/scratchpad/item3_M1_pilot/pf/post_helpers.py reconstruct-check /home/azan/paper6_t6_work/scratchpad/item3_M1_pilot/p5/cases_v2/138_resistance /mnt/e/Paper6-T6/Paper6-T6/cfd_handover/returns/2026-10-03/P5/138/reconstruct_check_138_resistance.json
RECONSTRUCT OK: time 3000, fields {'U': 118935621, 'p': 39597059}
[post 07:50:31] + nice -n 10 python3 /home/azan/paper6_t6_work/scratchpad/item3_M1_pilot/pf/m1_probes.py /home/azan/paper6_t6_work/scratchpad/item3_M1_pilot/p5/cases_v2/138_resistance /mnt/e/Paper6-T6/Paper6-T6/cfd_handover/packages/P5/138_left_LAD_prox_20mm_70ds__baseline__real 138 resistance --out /mnt/e/Paper6-T6/Paper6-T6/cfd_handover/returns/2026-10-03/P5/138/M1_probes_138_resistance.csv
wrote /mnt/e/Paper6-T6/Paper6-T6/cfd_handover/returns/2026-10-03/P5/138/M1_probes_138_resistance.csv: 37 probes, 35 valid sections, time 3000.0
no radius provenance as_meshed_radius_138_provenance.json: regenerate
[post 07:51:13] + nice -n 10 python3 /home/azan/paper6_t6_work/scratchpad/item3_M1_pilot/pf/as_meshed_radius.py /home/azan/paper6_t6_work/scratchpad/item3_M1_pilot/p5/cases_v2/138_resistance /mnt/e/Paper6-T6/Paper6-T6/cfd_handover/packages/P5/138_left_LAD_prox_20mm_70ds__baseline__real 138 /mnt/e/Paper6-T6/Paper6-T6/cfd_handover/returns/2026-10-03/P5/138/as_meshed_radius_138_detail.csv --contract /mnt/e/Paper6-T6/Paper6-T6/cfd_handover/returns/2026-10-03/P5/138/as_meshed_radius_138
138: mesh 4941176 cells, 646 centreline nodes
  0/646 (1 s)
  100/646 (123 s)
  200/646 (158 s)
  300/646 (212 s)
  400/646 (255 s)
  500/646 (294 s)
  600/646 (327 s)
wrote /mnt/e/Paper6-T6/Paper6-T6/cfd_handover/returns/2026-10-03/P5/138/as_meshed_radius_138_detail.csv: 646 nodes, 630 valid sections
wrote /mnt/e/Paper6-T6/Paper6-T6/cfd_handover/returns/2026-10-03/P5/138/as_meshed_radius_138.csv: 630/646 covered
wrote /mnt/e/Paper6-T6/Paper6-T6/cfd_handover/returns/2026-10-03/P5/138/as_meshed_radius_138_inscribed.csv: 630/646 covered
[post 07:57:11] + python3 /home/azan/paper6_t6_work/scratchpad/item3_M1_pilot/pf/post_helpers.py radius-commit /mnt/e/Paper6-T6/Paper6-T6/cfd_handover/returns/2026-10-03/P5/138/as_meshed_radius_138
wrote /mnt/e/Paper6-T6/Paper6-T6/cfd_handover/returns/2026-10-03/P5/138/as_meshed_radius_138_provenance.json
[post 07:57:12] as-meshed radius: regenerated; provenance written
[post 07:57:12] + python3 /home/azan/paper6_t6_work/scratchpad/item3_M1_pilot/pf/post_helpers.py fill /home/azan/paper6_t6_work/scratchpad/item3_M1_pilot/p5/cases_v2/138_resistance 138_left_LAD_prox_20mm_70ds__baseline__real /mnt/e/Paper6-T6/Paper6-T6/cfd_handover/returns/2026-10-03/P5/138/fill_138_resistance.json --gates /home/azan/paper6_t6_work/scratchpad/item3_M1_pilot/p5/out/138/gates.json --mesh-gates /home/azan/paper6_t6_work/scratchpad/item3_M1_pilot/p5/mesh/138/mesh_gates.json --d34 /home/azan/paper6_t6_work/scratchpad/item3_M1_pilot/p5/mesh/138/d34.json
wrote /mnt/e/Paper6-T6/Paper6-T6/cfd_handover/returns/2026-10-03/P5/138/fill_138_resistance.json (geometry gates: /home/azan/paper6_t6_work/scratchpad/item3_M1_pilot/p5/out/138/gates.json [--gates]; mesh gates: /home/azan/paper6_t6_work/scratchpad/item3_M1_pilot/p5/mesh/138/mesh_gates.json [--mesh-gates]; d34: /home/azan/paper6_t6_work/scratchpad/item3_M1_pilot/p5/mesh/138/d34.json [--d34]): flags D3_FAIL;D4_FAIL;CHECKMESH_STANDARD_FAIL
[post 07:57:13] + nice -n 10 python3 /home/azan/paper6_t6_work/scratchpad/item3_M1_pilot/pf/m1_results.py /home/azan/paper6_t6_work/scratchpad/item3_M1_pilot/p5/cases_v2/138_resistance 138 resistance --analysis /home/azan/paper6_t6_work/scratchpad/item3_M1_pilot/p5/cases_v2/138_resistance/analysis_pf.json --probes /mnt/e/Paper6-T6/Paper6-T6/cfd_handover/returns/2026-10-03/P5/138/M1_probes_138_resistance.csv --fill-json /mnt/e/Paper6-T6/Paper6-T6/cfd_handover/returns/2026-10-03/P5/138/fill_138_resistance.json --outdir /mnt/e/Paper6-T6/Paper6-T6/cfd_handover/returns/2026-10-03/P5/138
/home/azan/paper6_t6_work/scratchpad/item3_M1_pilot/p5/cases_v2/138_resistance/analysis_pf.json: cached analysis reused (provenance matches)
Re_source: probes row p004 (kind throat, s_mm=19.805971213778474) of M1_probes_138_resistance.csv: |Q_through|=0.726627 mL/s, D=2 r_eq=0.92759 mm, Re=264.3 (Re_section column 264.3, agrees)
wrote /mnt/e/Paper6-T6/Paper6-T6/cfd_handover/returns/2026-10-03/P5/138/M1_outlets_138_resistance.csv and the (138, resistance) row of /mnt/e/Paper6-T6/Paper6-T6/cfd_handover/returns/2026-10-03/P5/138/M1_results.csv
[post 07:57:13] + python3 /home/azan/paper6_t6_work/scratchpad/item3_M1_pilot/pf/post_helpers.py history /home/azan/paper6_t6_work/scratchpad/item3_M1_pilot/p5/cases_v2/138_resistance /mnt/e/Paper6-T6/Paper6-T6/cfd_handover/returns/2026-10-03/P5/138/M1_monitor_history_138_resistance.csv --probes /mnt/e/Paper6-T6/Paper6-T6/cfd_handover/returns/2026-10-03/P5/138/M1_probes_138_resistance.csv --json /mnt/e/Paper6-T6/Paper6-T6/cfd_handover/returns/2026-10-03/P5/138/M1_monitor_history_138_resistance.json
cross-check measurementP vs probes row p010 (measurement): p/P_aorta 0.878159 vs 0.878159 (diff +3.98e-09); area 3.70841 vs 3.70841 mm2: OK
cross-check throatP vs probes row p004 (throat): p/P_aorta 0.879602 vs 0.879602 (diff -1.61e-08); area 0.67577 vs 0.67577 mm2: OK
wrote /mnt/e/Paper6-T6/Paper6-T6/cfd_handover/returns/2026-10-03/P5/138/M1_monitor_history_138_resistance.csv: 3000 iterations, monitors ['measurementFlux', 'measurementP', 'throatFlux', 'throatP']; measurementP last p/P_aorta 0.878159
[post 07:57:13] + python3 /home/azan/paper6_t6_work/scratchpad/item3_M1_pilot/b1_settle.py /mnt/e/Paper6-T6/Paper6-T6/cfd_handover/returns/2026-10-03/P5/138/settle_138_resistance.csv --case /home/azan/paper6_t6_work/scratchpad/item3_M1_pilot/p5/cases_v2/138_resistance:
returns folder: None
138_resistance ok first 1203 perm 1203 end 3000 floored 1203 dFFR(first) 9.429475005151566e-06 B1 clk 26750 / 47259
[post 07:57:14] + nice -n 10 python3 /home/azan/paper6_t6_work/scratchpad/item3_M1_pilot/flow_state_profile.py profile /home/azan/paper6_t6_work/scratchpad/item3_M1_pilot/p5/cases_v2/138_resistance --package /mnt/e/Paper6-T6/Paper6-T6/cfd_handover/packages/P5/138_left_LAD_prox_20mm_70ds__baseline__real --label 138_resistance --out /mnt/e/Paper6-T6/Paper6-T6/cfd_handover/returns/2026-10-03/P5/138/flow_state_138_resistance.csv
wrote /mnt/e/Paper6-T6/Paper6-T6/cfd_handover/returns/2026-10-03/P5/138/flow_state_138_resistance.csv: 30/30 valid sections, time 3000.0; max offset/r_eq 0.8867 at s-s_throat 8.0 mm, direction persistence 0.589
[post 07:58:10] + python3 /home/azan/paper6_t6_work/scratchpad/item3_M1_pilot/pf/post_helpers.py summary /home/azan/paper6_t6_work/scratchpad/item3_M1_pilot/p5/cases_v2/138_resistance /mnt/e/Paper6-T6/Paper6-T6/cfd_handover/returns/2026-10-03/P5/138 138 resistance /mnt/e/Paper6-T6/Paper6-T6/cfd_handover/returns/2026-10-03/P5/138/post_summary_138_resistance.json /mnt/e/Paper6-T6/Paper6-T6/cfd_handover/returns/2026-10-03/P5/138/run_completion_138_resistance.json /mnt/e/Paper6-T6/Paper6-T6/cfd_handover/returns/2026-10-03/P5/138/package_check_138_resistance.json /mnt/e/Paper6-T6/Paper6-T6/cfd_handover/returns/2026-10-03/P5/138/M1_probes_138_resistance.csv /mnt/e/Paper6-T6/Paper6-T6/cfd_handover/returns/2026-10-03/P5/138/M1_outlets_138_resistance.csv /mnt/e/Paper6-T6/Paper6-T6/cfd_handover/returns/2026-10-03/P5/138/M1_results.csv /mnt/e/Paper6-T6/Paper6-T6/cfd_handover/returns/2026-10-03/P5/138/fill_138_resistance.json /mnt/e/Paper6-T6/Paper6-T6/cfd_handover/returns/2026-10-03/P5/138/M1_monitor_history_138_resistance.csv /mnt/e/Paper6-T6/Paper6-T6/cfd_handover/returns/2026-10-03/P5/138/M1_monitor_history_138_resistance.json /mnt/e/Paper6-T6/Paper6-T6/cfd_handover/returns/2026-10-03/P5/138/settle_138_resistance.csv /mnt/e/Paper6-T6/Paper6-T6/cfd_handover/returns/2026-10-03/P5/138/reconstruct_check_138_resistance.json /mnt/e/Paper6-T6/Paper6-T6/cfd_handover/returns/2026-10-03/P5/138/as_meshed_radius_138.csv /mnt/e/Paper6-T6/Paper6-T6/cfd_handover/returns/2026-10-03/P5/138/as_meshed_radius_138_inscribed.csv /mnt/e/Paper6-T6/Paper6-T6/cfd_handover/returns/2026-10-03/P5/138/as_meshed_radius_138_detail.csv /mnt/e/Paper6-T6/Paper6-T6/cfd_handover/returns/2026-10-03/P5/138/as_meshed_radius_138_provenance.json /mnt/e/Paper6-T6/Paper6-T6/cfd_handover/returns/2026-10-03/P5/138/flow_state_138_resistance.csv
wrote /mnt/e/Paper6-T6/Paper6-T6/cfd_handover/returns/2026-10-03/P5/138/post_summary_138_resistance.json: flags D3_FAIL;D4_FAIL;CHECKMESH_STANDARD_FAIL, verdict CONVERGED, wall clock 47259 s, cells 4941176, peak RAM n/a GB, measurement probe used p010 (PASS)
[post 07:58:11] POSTDONE 138 resistance (processor directories kept: remove them only after checking /mnt/e/Paper6-T6/Paper6-T6/cfd_handover/returns/2026-10-03/P5/138/reconstruct_check_138_resistance.json and the outputs)
