[post 23:56:24] case /home/azan/paper6_t6_work/scratchpad/item3_M1_pilot/p5/cases_v2/473_resistance package 473_left_LCX_prox_20mm_60ds__baseline__real label 473 mode resistance out /mnt/e/Paper6-T6/Paper6-T6/cfd_handover/returns/2026-10-03/P5/473 (P=/home/azan/paper6_t6_work/scratchpad/item3_M1_pilot, helpers /home/azan/paper6_t6_work/scratchpad/item3_M1_pilot/pf)
[post 23:56:24] + python3 /home/azan/paper6_t6_work/scratchpad/item3_M1_pilot/pf/post_helpers.py finished /home/azan/paper6_t6_work/scratchpad/item3_M1_pilot/p5/cases_v2/473_resistance --json /mnt/e/Paper6-T6/Paper6-T6/cfd_handover/returns/2026-10-03/P5/473/run_completion_473_resistance.json
RUN COMPLETE: last Time 3000 = endTime, End at line 228209
[post 23:56:24] + post_helpers.py package-check /home/azan/paper6_t6_work/scratchpad/item3_M1_pilot/p5/cases_v2/473_resistance 473_left_LCX_prox_20mm_60ds__baseline__real 
[post 23:56:25] package verified against build_info package_hashes: /mnt/e/Paper6-T6/Paper6-T6/cfd_handover/packages/P5/473_left_LCX_prox_20mm_60ds__baseline__real
[post 23:56:25] + nice -n 10 python3 /home/azan/paper6_t6_work/scratchpad/item3_M1_pilot/pf/analyze_case.py /home/azan/paper6_t6_work/scratchpad/item3_M1_pilot/p5/cases_v2/473_resistance --json /home/azan/paper6_t6_work/scratchpad/item3_M1_pilot/p5/cases_v2/473_resistance/analysis_pf.json --cached --require-finished
473_resistance: VERDICT CONVERGED  residuals p=9.10e-09 U=(5.1e-09,7.7e-09,9.7e-09) log iter 3000; failed checks: []
473_resistance: last iter 3000, sum outlets 3.05966 mL/s, mass imbalance 6.209841624527988e-07 %, inlet static p 11987.22 Pa (0.99902 Paorta), band(200) 0.0000 %
outlet         Q mL/s   0D mL/s  Q/0D-1 %    P/Pao   BCerr %  band200 %  band500 %
out_160       0.60509   0.60405     +0.17  0.90936   +0.0000    0.00000    0.00000
out_372       0.49796   0.50927     -2.22  0.75143   -0.0000    0.00001    0.00003
out_571       0.36847   0.50355    -26.82  0.57145   +0.0000    0.00000    0.00000
out_633       0.56249   0.56794     -0.96  0.84720   -0.0000    0.00000    0.00000
out_691       0.52588   0.52402     +0.35  0.78848   +0.0000    0.00001    0.00005
out_836       0.49976   0.49909     +0.13  0.75751   +0.0000    0.00001    0.00004
473_resistance: STRICT checks {'monitors_time_aligned': True, 'inlet_flux_band200_lt_0_1pct': True, 'log_no_fatal_or_nonfinite': True, 'residuals_all_finite': True} inlet-flux band(200) 3.595171396103727e-06 %, log finished True
[post 23:56:26] latest time already reconstructed and verified: reconstructPar not re-run
[post 23:56:26] + python3 /home/azan/paper6_t6_work/scratchpad/item3_M1_pilot/pf/post_helpers.py reconstruct-check /home/azan/paper6_t6_work/scratchpad/item3_M1_pilot/p5/cases_v2/473_resistance /mnt/e/Paper6-T6/Paper6-T6/cfd_handover/returns/2026-10-03/P5/473/reconstruct_check_473_resistance.json
RECONSTRUCT OK: time 3000, fields {'U': 132172739, 'p': 44027418}
[post 23:56:26] + nice -n 10 python3 /home/azan/paper6_t6_work/scratchpad/item3_M1_pilot/pf/m1_probes.py /home/azan/paper6_t6_work/scratchpad/item3_M1_pilot/p5/cases_v2/473_resistance /mnt/e/Paper6-T6/Paper6-T6/cfd_handover/packages/P5/473_left_LCX_prox_20mm_60ds__baseline__real 473 resistance --out /mnt/e/Paper6-T6/Paper6-T6/cfd_handover/returns/2026-10-03/P5/473/M1_probes_473_resistance.csv
wrote /mnt/e/Paper6-T6/Paper6-T6/cfd_handover/returns/2026-10-03/P5/473/M1_probes_473_resistance.csv: 23 probes, 23 valid sections, time 3000.0
no radius provenance as_meshed_radius_473_provenance.json: regenerate
[post 23:57:05] + nice -n 10 python3 /home/azan/paper6_t6_work/scratchpad/item3_M1_pilot/pf/as_meshed_radius.py /home/azan/paper6_t6_work/scratchpad/item3_M1_pilot/p5/cases_v2/473_resistance /mnt/e/Paper6-T6/Paper6-T6/cfd_handover/packages/P5/473_left_LCX_prox_20mm_60ds__baseline__real 473 /mnt/e/Paper6-T6/Paper6-T6/cfd_handover/returns/2026-10-03/P5/473/as_meshed_radius_473_detail.csv --contract /mnt/e/Paper6-T6/Paper6-T6/cfd_handover/returns/2026-10-03/P5/473/as_meshed_radius_473
473: mesh 5487673 cells, 751 centreline nodes
  0/751 (1 s)
  100/751 (115 s)
  200/751 (155 s)
  300/751 (196 s)
  400/751 (254 s)
  500/751 (281 s)
  600/751 (309 s)
  700/751 (345 s)
wrote /mnt/e/Paper6-T6/Paper6-T6/cfd_handover/returns/2026-10-03/P5/473/as_meshed_radius_473_detail.csv: 751 nodes, 731 valid sections
wrote /mnt/e/Paper6-T6/Paper6-T6/cfd_handover/returns/2026-10-03/P5/473/as_meshed_radius_473.csv: 731/751 covered
wrote /mnt/e/Paper6-T6/Paper6-T6/cfd_handover/returns/2026-10-03/P5/473/as_meshed_radius_473_inscribed.csv: 731/751 covered
[post 00:03:22] + python3 /home/azan/paper6_t6_work/scratchpad/item3_M1_pilot/pf/post_helpers.py radius-commit /mnt/e/Paper6-T6/Paper6-T6/cfd_handover/returns/2026-10-03/P5/473/as_meshed_radius_473
wrote /mnt/e/Paper6-T6/Paper6-T6/cfd_handover/returns/2026-10-03/P5/473/as_meshed_radius_473_provenance.json
[post 00:03:22] as-meshed radius: regenerated; provenance written
[post 00:03:22] + python3 /home/azan/paper6_t6_work/scratchpad/item3_M1_pilot/pf/post_helpers.py fill /home/azan/paper6_t6_work/scratchpad/item3_M1_pilot/p5/cases_v2/473_resistance 473_left_LCX_prox_20mm_60ds__baseline__real /mnt/e/Paper6-T6/Paper6-T6/cfd_handover/returns/2026-10-03/P5/473/fill_473_resistance.json --gates /home/azan/paper6_t6_work/scratchpad/item3_M1_pilot/p5/out/473/gates.json --mesh-gates /home/azan/paper6_t6_work/scratchpad/item3_M1_pilot/p5/mesh/473/mesh_gates.json --d34 /home/azan/paper6_t6_work/scratchpad/item3_M1_pilot/p5/mesh/473/d34.json
wrote /mnt/e/Paper6-T6/Paper6-T6/cfd_handover/returns/2026-10-03/P5/473/fill_473_resistance.json (geometry gates: /home/azan/paper6_t6_work/scratchpad/item3_M1_pilot/p5/out/473/gates.json [--gates]; mesh gates: /home/azan/paper6_t6_work/scratchpad/item3_M1_pilot/p5/mesh/473/mesh_gates.json [--mesh-gates]; d34: /home/azan/paper6_t6_work/scratchpad/item3_M1_pilot/p5/mesh/473/d34.json [--d34]): flags D2_RELATIVE_THROAT_GATE_FAIL;D3_FAIL;D4_FAIL;MEASUREMENT_PROBE_RELOCATED
[post 00:03:23] + nice -n 10 python3 /home/azan/paper6_t6_work/scratchpad/item3_M1_pilot/pf/m1_results.py /home/azan/paper6_t6_work/scratchpad/item3_M1_pilot/p5/cases_v2/473_resistance 473 resistance --analysis /home/azan/paper6_t6_work/scratchpad/item3_M1_pilot/p5/cases_v2/473_resistance/analysis_pf.json --probes /mnt/e/Paper6-T6/Paper6-T6/cfd_handover/returns/2026-10-03/P5/473/M1_probes_473_resistance.csv --fill-json /mnt/e/Paper6-T6/Paper6-T6/cfd_handover/returns/2026-10-03/P5/473/fill_473_resistance.json --outdir /mnt/e/Paper6-T6/Paper6-T6/cfd_handover/returns/2026-10-03/P5/473
/home/azan/paper6_t6_work/scratchpad/item3_M1_pilot/p5/cases_v2/473_resistance/analysis_pf.json: cached analysis reused (provenance matches)
Re_source: probes row p004 (kind throat, s_mm=20.02300078595639) of M1_probes_473_resistance.csv: |Q_through|=1.525 mL/s, D=2 r_eq=1.28704 mm, Re=399.8 (Re_section column 399.8, agrees)
wrote /mnt/e/Paper6-T6/Paper6-T6/cfd_handover/returns/2026-10-03/P5/473/M1_outlets_473_resistance.csv and the (473, resistance) row of /mnt/e/Paper6-T6/Paper6-T6/cfd_handover/returns/2026-10-03/P5/473/M1_results.csv
[post 00:03:23] + python3 /home/azan/paper6_t6_work/scratchpad/item3_M1_pilot/pf/post_helpers.py history /home/azan/paper6_t6_work/scratchpad/item3_M1_pilot/p5/cases_v2/473_resistance /mnt/e/Paper6-T6/Paper6-T6/cfd_handover/returns/2026-10-03/P5/473/M1_monitor_history_473_resistance.csv --probes /mnt/e/Paper6-T6/Paper6-T6/cfd_handover/returns/2026-10-03/P5/473/M1_probes_473_resistance.csv --json /mnt/e/Paper6-T6/Paper6-T6/cfd_handover/returns/2026-10-03/P5/473/M1_monitor_history_473_resistance.json
cross-check measurementP vs probes row p011_reloc (measurement_relocated): p/P_aorta 0.883335 vs 0.883335 (diff -6.70e-10); area 2.30076 vs 2.30076 mm2: OK
cross-check measurementOrigP vs probes row p011 (measurement): p/P_aorta 0.886847 vs 0.886847 (diff -1.68e-09); area 9.79815 vs 9.79815 mm2: OK
cross-check throatP vs probes row p004 (throat): p/P_aorta 0.876326 vs 0.876326 (diff -5.81e-09); area 1.30099 vs 1.30099 mm2: OK
wrote /mnt/e/Paper6-T6/Paper6-T6/cfd_handover/returns/2026-10-03/P5/473/M1_monitor_history_473_resistance.csv: 3000 iterations, monitors ['measurementFlux', 'measurementOrigFlux', 'measurementOrigP', 'measurementP', 'throatFlux', 'throatP']; measurementP last p/P_aorta 0.883335
[post 00:03:23] + python3 /home/azan/paper6_t6_work/scratchpad/item3_M1_pilot/b1_settle.py /mnt/e/Paper6-T6/Paper6-T6/cfd_handover/returns/2026-10-03/P5/473/settle_473_resistance.csv --case /home/azan/paper6_t6_work/scratchpad/item3_M1_pilot/p5/cases_v2/473_resistance:
returns folder: None
473_resistance ok first 1619 perm 1619 end 3000 floored 1619 dFFR(first) 2.80427049635934e-05 B1 clk 23815 / 35826
[post 00:03:24] + nice -n 10 python3 /home/azan/paper6_t6_work/scratchpad/item3_M1_pilot/flow_state_profile.py profile /home/azan/paper6_t6_work/scratchpad/item3_M1_pilot/p5/cases_v2/473_resistance --package /mnt/e/Paper6-T6/Paper6-T6/cfd_handover/packages/P5/473_left_LCX_prox_20mm_60ds__baseline__real --label 473_resistance --out /mnt/e/Paper6-T6/Paper6-T6/cfd_handover/returns/2026-10-03/P5/473/flow_state_473_resistance.csv
wrote /mnt/e/Paper6-T6/Paper6-T6/cfd_handover/returns/2026-10-03/P5/473/flow_state_473_resistance.csv: 29/33 valid sections, time 3000.0; max offset/r_eq 0.6117 at s-s_throat 11.000000000000004 mm, direction persistence 0.231
[post 00:04:17] + python3 /home/azan/paper6_t6_work/scratchpad/item3_M1_pilot/pf/post_helpers.py summary /home/azan/paper6_t6_work/scratchpad/item3_M1_pilot/p5/cases_v2/473_resistance /mnt/e/Paper6-T6/Paper6-T6/cfd_handover/returns/2026-10-03/P5/473 473 resistance /mnt/e/Paper6-T6/Paper6-T6/cfd_handover/returns/2026-10-03/P5/473/post_summary_473_resistance.json /mnt/e/Paper6-T6/Paper6-T6/cfd_handover/returns/2026-10-03/P5/473/run_completion_473_resistance.json /mnt/e/Paper6-T6/Paper6-T6/cfd_handover/returns/2026-10-03/P5/473/package_check_473_resistance.json /mnt/e/Paper6-T6/Paper6-T6/cfd_handover/returns/2026-10-03/P5/473/M1_probes_473_resistance.csv /mnt/e/Paper6-T6/Paper6-T6/cfd_handover/returns/2026-10-03/P5/473/M1_outlets_473_resistance.csv /mnt/e/Paper6-T6/Paper6-T6/cfd_handover/returns/2026-10-03/P5/473/M1_results.csv /mnt/e/Paper6-T6/Paper6-T6/cfd_handover/returns/2026-10-03/P5/473/fill_473_resistance.json /mnt/e/Paper6-T6/Paper6-T6/cfd_handover/returns/2026-10-03/P5/473/M1_monitor_history_473_resistance.csv /mnt/e/Paper6-T6/Paper6-T6/cfd_handover/returns/2026-10-03/P5/473/M1_monitor_history_473_resistance.json /mnt/e/Paper6-T6/Paper6-T6/cfd_handover/returns/2026-10-03/P5/473/settle_473_resistance.csv /mnt/e/Paper6-T6/Paper6-T6/cfd_handover/returns/2026-10-03/P5/473/reconstruct_check_473_resistance.json /mnt/e/Paper6-T6/Paper6-T6/cfd_handover/returns/2026-10-03/P5/473/as_meshed_radius_473.csv /mnt/e/Paper6-T6/Paper6-T6/cfd_handover/returns/2026-10-03/P5/473/as_meshed_radius_473_inscribed.csv /mnt/e/Paper6-T6/Paper6-T6/cfd_handover/returns/2026-10-03/P5/473/as_meshed_radius_473_detail.csv /mnt/e/Paper6-T6/Paper6-T6/cfd_handover/returns/2026-10-03/P5/473/as_meshed_radius_473_provenance.json /mnt/e/Paper6-T6/Paper6-T6/cfd_handover/returns/2026-10-03/P5/473/flow_state_473_resistance.csv
wrote /mnt/e/Paper6-T6/Paper6-T6/cfd_handover/returns/2026-10-03/P5/473/post_summary_473_resistance.json: flags D2_RELATIVE_THROAT_GATE_FAIL;D3_FAIL;D4_FAIL;MEASUREMENT_PROBE_RELOCATED, verdict CONVERGED, wall clock 35826 s, cells 5487673, peak RAM n/a GB, measurement probe used p011_reloc (FAILED_SECTION_RULE)
[post 00:04:18] POSTDONE 473 resistance (processor directories kept: remove them only after checking /mnt/e/Paper6-T6/Paper6-T6/cfd_handover/returns/2026-10-03/P5/473/reconstruct_check_473_resistance.json and the outputs)
