demand scale 0.7: K_MURRAY = 393.4 s^-1
cohort 150 instances x 2 beds x 4 error types x 3 protocols = up to 3600 rows

  10/150 instances  236 rows  0 failures  56s
  20/150 instances  492 rows  0 failures  106s
  30/150 instances  744 rows  0 failures  150s
  40/150 instances  1000 rows  0 failures  208s
  50/150 instances  1256 rows  0 failures  246s
  60/150 instances  1492 rows  0 failures  294s
  70/150 instances  1744 rows  0 failures  341s
  80/150 instances  1994 rows  0 failures  386s
  90/150 instances  2242 rows  0 failures  444s
  100/150 instances  2498 rows  0 failures  486s
  110/150 instances  2736 rows  0 failures  542s
  120/150 instances  2992 rows  0 failures  596s
  130/150 instances  3242 rows  0 failures  642s
  140/150 instances  3494 rows  0 failures  702s
  150/150 instances  3752 rows  0 failures  745s

wrote results/ablation-demand0.7-2026-10-07.csv  (3752 rows, 0 instance failures, 745s)
      ablation-demand0.7-2026-10-07_territory.csv  (6526 territory rows)
      ablation-demand0.7-2026-10-07_pullback.csv  (69503 pullback stations)

==============================================================================================
ABLATION — 3428/3752 rows solved  (skips: skipped: fewer than 2 shared territories to match: 198; skipped: no deletable downstream branch: 72; skipped: no bed left: 52; skipped: truncation point falls at the start of its segment: 2)
==============================================================================================
non-converged 0  |  max mass error 1.7e-08  |  territories per row: median 2

--- bed = discrete ---
error type          protocol           n  mean dFFR  mean |dFFR|   flips  flip %  flow resid
T1_missed_branch    A_fixed          110    +0.0798       0.0798      33   30.0%      0.1649
T1_missed_branch    B_rederived      110    +0.0358       0.0362      17   15.5%      0.2942
T1_missed_branch    C_flowmatched     68    +0.0691       0.0691      18   26.5%      0.1639
T2_truncation       A_fixed           99    +0.1535       0.1535      47   47.5%      0.2853
T2_truncation       B_rederived      149    -0.0399       0.0490      15   10.1%      0.1537
T2_truncation       C_flowmatched     99    -0.0695       0.0746      10   10.1%      0.1268
T3_stenosis_length  A_fixed          150    -0.0088       0.0088       6    4.0%      0.0067
T3_stenosis_length  B_rederived      150    -0.0088       0.0088       6    4.0%      0.0067
T3_stenosis_length  C_flowmatched    145    -0.0104       0.0104       7    4.8%      0.0030
T4_taper            A_fixed          150    -0.0199       0.0205      11    7.3%      0.0393
T4_taper            B_rederived      150    -0.0049       0.0107       6    4.0%      0.0963
T4_taper            C_flowmatched    145    -0.0089       0.0176      10    6.9%      0.0535
clean                                150    +0.0000       0.0000       0    0.0%      0.0000

--- bed = leaky ---
error type          protocol           n  mean dFFR  mean |dFFR|   flips  flip %  flow resid
T1_missed_branch    A_fixed          118    +0.0361       0.0361      23   19.5%      0.0760
T1_missed_branch    B_rederived      118    +0.0094       0.0096       9    7.6%      0.0487
T1_missed_branch    C_flowmatched     71    +0.0159       0.0160       8   11.3%      0.0358
T2_truncation       A_fixed          147    +0.0857       0.0857      31   21.1%      0.1380
T2_truncation       B_rederived      149    +0.0041       0.0100       9    6.0%      0.0200
T2_truncation       C_flowmatched    100    +0.0034       0.0126       7    7.0%      0.0161
T3_stenosis_length  A_fixed          150    -0.0081       0.0081       6    4.0%      0.0045
T3_stenosis_length  B_rederived      150    -0.0081       0.0081       6    4.0%      0.0045
T3_stenosis_length  C_flowmatched    150    -0.0092       0.0092       7    4.7%      0.0014
T4_taper            A_fixed          150    -0.0210       0.0212      12    8.0%      0.0181
T4_taper            B_rederived      150    -0.0028       0.0048       2    1.3%      0.0379
T4_taper            C_flowmatched    150    -0.0205       0.0220      20   13.3%      0.0075
clean                                150    +0.0000       0.0000       0    0.0%      0.0000

--- THE THESIS: a model that passes its perfusion check (residual < 10%) while the FFR it reports is wrong by > 0.05 ---
bed       protocol           n  median resid  passes check  …and wrong  …and flips
discrete  A_fixed          509        0.0535     316 ( 62%)      22          21
discrete  B_rederived      559        0.0963     262 ( 47%)       7          11
discrete  C_flowmatched    457        0.0440     301 ( 66%)      35          22
leaky     A_fixed          565        0.0253     405 ( 72%)      35          44
leaky     B_rederived      567        0.0147     419 ( 74%)       3          18
leaky     C_flowmatched    471        0.0046     446 ( 95%)      32          37
  (A keeps the CLEAN bed on surviving nodes — the reference arm, not a naive case. It does NOT pass the
   perfusion check by construction: since decision B1 the target is the FULL clean territory including
   the deleted branch's share, which A cannot deliver through the vessels it has left, so A's residual is
   the lost perfusion. B is the deployment case: the bed is re-derived from wrong anatomy. C is tuned.)
