demand scale 1.3: K_MURRAY = 730.6 s^-1
cohort 150 instances x 2 beds x 4 error types x 3 protocols = up to 3600 rows

  10/150 instances  236 rows  0 failures  55s
  SKIP 847_left discrete: slot not eligible under this bed
  20/150 instances  479 rows  1 failures  103s
  SKIP 509_left discrete: slot not eligible under this bed
  30/150 instances  718 rows  2 failures  146s
  SKIP 806_left discrete: slot not eligible under this bed
  40/150 instances  961 rows  3 failures  202s
  50/150 instances  1217 rows  3 failures  240s
  SKIP 272_left discrete: slot not eligible under this bed
  60/150 instances  1442 rows  4 failures  287s
  70/150 instances  1694 rows  4 failures  333s
  80/150 instances  1944 rows  4 failures  377s
  90/150 instances  2192 rows  4 failures  435s
  100/150 instances  2448 rows  4 failures  477s
  110/150 instances  2686 rows  4 failures  533s
  SKIP 847_left discrete: slot not eligible under this bed
  120/150 instances  2929 rows  5 failures  584s
  130/150 instances  3179 rows  5 failures  630s
  140/150 instances  3431 rows  5 failures  688s
  150/150 instances  3689 rows  5 failures  732s

wrote results/ablation-demand1.3-2026-10-07.csv  (3689 rows, 5 instance failures, 732s)
      ablation-demand1.3-2026-10-07_territory.csv  (6401 territory rows)
      ablation-demand1.3-2026-10-07_pullback.csv  (68207 pullback stations)

==============================================================================================
ABLATION — 3365/3689 rows solved  (skips: skipped: fewer than 2 shared territories to match: 198; skipped: no deletable downstream branch: 71; skipped: no bed left: 52; skipped: truncation point falls at the start of its segment: 2)
==============================================================================================
non-converged 0  |  max mass error 1.4e-08  |  territories per row: median 2

--- bed = discrete ---
error type          protocol           n  mean dFFR  mean |dFFR|   flips  flip %  flow resid
T1_missed_branch    A_fixed          106    +0.1156       0.1156      32   30.2%      0.1806
T1_missed_branch    B_rederived      105    +0.0493       0.0504      13   12.4%      0.2772
T1_missed_branch    C_flowmatched     64    +0.0975       0.0975      14   21.9%      0.1340
T2_truncation       A_fixed           94    +0.2218       0.2218      49   52.1%      0.2388
T2_truncation       B_rederived      144    -0.0542       0.0651      18   12.5%      0.1442
T2_truncation       C_flowmatched     94    -0.0918       0.0974       9    9.6%      0.0976
T3_stenosis_length  A_fixed          145    -0.0090       0.0090       3    2.1%      0.0088
T3_stenosis_length  B_rederived      145    -0.0090       0.0090       3    2.1%      0.0088
T3_stenosis_length  C_flowmatched    140    -0.0121       0.0121       3    2.1%      0.0040
T4_taper            A_fixed          145    -0.0185       0.0202       7    4.8%      0.0559
T4_taper            B_rederived      145    -0.0047       0.0124       5    3.4%      0.0952
T4_taper            C_flowmatched    140    -0.0146       0.0263       8    5.7%      0.0561
clean                                145    +0.0000       0.0000       0    0.0%      0.0000

--- bed = leaky ---
error type          protocol           n  mean dFFR  mean |dFFR|   flips  flip %  flow resid
T1_missed_branch    A_fixed          118    +0.0589       0.0589      23   19.5%      0.0881
T1_missed_branch    B_rederived      118    +0.0145       0.0151       6    5.1%      0.0419
T1_missed_branch    C_flowmatched     71    +0.0186       0.0347       6    8.5%      0.0255
T2_truncation       A_fixed          147    +0.1553       0.1553      76   51.7%      0.1167
T2_truncation       B_rederived      149    +0.0054       0.0155       8    5.4%      0.0164
T2_truncation       C_flowmatched    100    +0.0054       0.0213       7    7.0%      0.0132
T3_stenosis_length  A_fixed          150    -0.0096       0.0096       3    2.0%      0.0060
T3_stenosis_length  B_rederived      150    -0.0096       0.0096       3    2.0%      0.0060
T3_stenosis_length  C_flowmatched    150    -0.0124       0.0124       3    2.0%      0.0022
T4_taper            A_fixed          150    -0.0285       0.0289       9    6.0%      0.0297
T4_taper            B_rederived      150    -0.0021       0.0069       6    4.0%      0.0461
T4_taper            C_flowmatched    150    -0.0473       0.0516      11    7.3%      0.0099
clean                                150    +0.0000       0.0000       0    0.0%      0.0000

--- THE THESIS: a model that passes its perfusion check (residual < 10%) while the FFR it reports is wrong by > 0.05 ---
bed       protocol           n  median resid  passes check  …and wrong  …and flips
discrete  A_fixed          490        0.0696     302 ( 62%)      37          10
discrete  B_rederived      539        0.0944     256 ( 47%)       8          10
discrete  C_flowmatched    438        0.0366     312 ( 71%)      75          15
leaky     A_fixed          565        0.0363     413 ( 73%)      68          39
leaky     B_rederived      567        0.0162     421 ( 74%)      12          13
leaky     C_flowmatched    471        0.0068     452 ( 96%)      67          23
  (A keeps the CLEAN bed on surviving nodes — the reference arm, not a naive case. It does NOT pass the
   perfusion check by construction: since decision B1 the target is the FULL clean territory including
   the deleted branch's share, which A cannot deliver through the vessels it has left, so A's residual is
   the lost perfusion. B is the deployment case: the bed is re-derived from wrong anatomy. C is tuned.)
