1791319118 first snapshot (117 processes)
1791319178 nonwsl_cores 0.3291 top remoting_host(24796) 0.068
1791319238 nonwsl_cores 0.2607 top WindowsTerminal(23300) 0.068
1791319298 nonwsl_cores 0.2563 top WindowsTerminal(23300) 0.071
1791319358 nonwsl_cores 0.2725 top WindowsTerminal(23300) 0.068
1791319418 nonwsl_cores 0.2741 top remoting_host(24796) 0.072
1791319478 nonwsl_cores 0.2631 top remoting_host(24796) 0.066
1791319539 nonwsl_cores 0.3089 top WindowsTerminal(23300) 0.068
1791319598 nonwsl_cores 0.2754 top WindowsTerminal(23300) 0.067
1791319658 nonwsl_cores 0.2585 top WindowsTerminal(23300) 0.068
1791319718 nonwsl_cores 0.2730 top WindowsTerminal(23300) 0.066
1791319778 nonwsl_cores 0.3516 top remoting_host(24796) 0.078
1791319838 nonwsl_cores 0.2897 top remoting_host(24796) 0.082
1791319898 nonwsl_cores 0.2916 top remoting_host(24796) 0.075
1791319958 nonwsl_cores 0.2661 top remoting_host(24796) 0.071
1791320018 nonwsl_cores 0.2788 top remoting_host(24796) 0.069
1791320078 nonwsl_cores 0.2706 top remoting_host(24796) 0.068
1791320138 nonwsl_cores 0.2822 top remoting_host(24796) 0.083
1791320198 nonwsl_cores 0.2626 top remoting_host(24796) 0.069
1791320258 nonwsl_cores 0.2709 top remoting_host(24796) 0.072
1791320318 nonwsl_cores 0.2756 top remoting_host(24796) 0.073
1791320378 nonwsl_cores 0.3450 top msedgewebview2(17516) 0.083
1791320438 nonwsl_cores 0.2644 top WindowsTerminal(23300) 0.067
1791320498 nonwsl_cores 0.2727 top remoting_host(24796) 0.074
1791320558 nonwsl_cores 0.2719 top remoting_host(24796) 0.075
1791320618 nonwsl_cores 0.2706 top remoting_host(24796) 0.069
1791320678 nonwsl_cores 0.2675 top remoting_host(24796) 0.073
1791320738 nonwsl_cores 0.2808 top WindowsTerminal(23300) 0.069
1791320798 nonwsl_cores 0.2832 top remoting_host(24796) 0.071
1791320859 nonwsl_cores 0.2754 top remoting_host(24796) 0.073
1791320918 nonwsl_cores 0.2772 top WindowsTerminal(23300) 0.069
1791320978 nonwsl_cores 0.3226 top msedgewebview2(17516) 0.068
1791321038 nonwsl_cores 0.2647 top remoting_host(24796) 0.069
1791321099 nonwsl_cores 0.2656 top remoting_host(24796) 0.067
1791321158 nonwsl_cores 0.2812 top remoting_host(24796) 0.080
1791321218 nonwsl_cores 0.2592 top remoting_host(24796) 0.066
1791321278 nonwsl_cores 0.2675 top remoting_host(24796) 0.071
1791321339 nonwsl_cores 0.2720 top WindowsTerminal(23300) 0.067
1791321398 nonwsl_cores 0.2768 top WindowsTerminal(23300) 0.068
1791321459 nonwsl_cores 0.2596 top remoting_host(24796) 0.069
1791321519 nonwsl_cores 0.2781 top WindowsTerminal(23300) 0.067
1791321578 nonwsl_cores 0.3314 top msedgewebview2(17516) 0.068
1791321639 nonwsl_cores 0.2737 top WindowsTerminal(23300) 0.066
1791321698 nonwsl_cores 0.2852 top remoting_host(24796) 0.077
1791321759 nonwsl_cores 0.2634 top WindowsTerminal(23300) 0.064
1791321819 nonwsl_cores 0.2741 top remoting_host(24796) 0.069
1791321879 nonwsl_cores 0.2752 top remoting_host(24796) 0.071
1791321939 nonwsl_cores 0.2835 top remoting_host(24796) 0.079
1791321999 nonwsl_cores 0.2751 top remoting_host(24796) 0.071
1791322059 nonwsl_cores 0.2773 top remoting_host(24796) 0.078
1791322119 nonwsl_cores 0.2892 top remoting_host(24796) 0.072
1791322179 nonwsl_cores 0.3426 top remoting_host(24796) 0.073
1791322239 nonwsl_cores 0.2877 top remoting_host(24796) 0.075
1791322299 nonwsl_cores 0.2633 top WindowsTerminal(23300) 0.069
1791322359 nonwsl_cores 0.2663 top remoting_host(24796) 0.068
1791322419 nonwsl_cores 0.2775 top remoting_host(24796) 0.077
1791322479 nonwsl_cores 0.2670 top remoting_host(24796) 0.071
1791322539 nonwsl_cores 0.2667 top remoting_host(24796) 0.070
1791322599 nonwsl_cores 0.2767 top remoting_host(24796) 0.073
1791322659 nonwsl_cores 0.2776 top remoting_host(24796) 0.070
1791322719 nonwsl_cores 0.2887 top remoting_host(24796) 0.085
1791322779 nonwsl_cores 0.3418 top remoting_host(24796) 0.072
1791322839 nonwsl_cores 0.2733 top remoting_host(24796) 0.071
1791322899 nonwsl_cores 0.2849 top remoting_host(24796) 0.077
1791322959 nonwsl_cores 0.2624 top remoting_host(24796) 0.066
1791323019 nonwsl_cores 0.2700 top remoting_host(24796) 0.069
1791323079 nonwsl_cores 0.2599 top remoting_host(24796) 0.074
1791323139 nonwsl_cores 0.2887 top remoting_host(24796) 0.079
1791323199 nonwsl_cores 0.2831 top remoting_host(24796) 0.078
1791323259 nonwsl_cores 0.2824 top remoting_host(24796) 0.070
1791323319 nonwsl_cores 0.3056 top remoting_host(24796) 0.073
1791323379 nonwsl_cores 0.3330 top remoting_host(24796) 0.076
1791323439 nonwsl_cores 0.2721 top WindowsTerminal(23300) 0.070
1791323499 nonwsl_cores 0.2687 top WindowsTerminal(23300) 0.070
1791323559 nonwsl_cores 0.2694 top remoting_host(24796) 0.071
1791323619 nonwsl_cores 0.2909 top remoting_host(24796) 0.073
1791323679 nonwsl_cores 0.2825 top remoting_host(24796) 0.076
1791323739 nonwsl_cores 0.2704 top remoting_host(24796) 0.068
1791323799 nonwsl_cores 0.2633 top WindowsTerminal(23300) 0.070
1791323859 nonwsl_cores 0.2660 top remoting_host(24796) 0.068
1791323919 nonwsl_cores 0.2813 top remoting_host(24796) 0.078
1791323979 nonwsl_cores 0.3431 top remoting_host(24796) 0.080
1791324039 nonwsl_cores 0.2855 top remoting_host(24796) 0.082
1791324099 nonwsl_cores 0.2647 top remoting_host(24796) 0.074
1791324159 nonwsl_cores 0.2981 top remoting_host(24796) 0.077
1791324219 nonwsl_cores 0.2890 top remoting_host(24796) 0.078
1791324279 nonwsl_cores 0.2878 top remoting_host(24796) 0.093
1791324339 nonwsl_cores 0.2965 top remoting_host(24796) 0.080
1791324399 nonwsl_cores 0.2794 top remoting_host(24796) 0.071
1791324459 nonwsl_cores 0.2688 top remoting_host(24796) 0.068
1791324519 nonwsl_cores 0.2855 top remoting_host(24796) 0.072
1791324579 nonwsl_cores 0.3576 top remoting_host(24796) 0.076
1791324639 nonwsl_cores 0.2791 top remoting_host(24796) 0.084
1791324699 nonwsl_cores 0.2856 top remoting_host(24796) 0.082
1791324759 nonwsl_cores 0.2888 top remoting_host(24796) 0.079
1791324819 nonwsl_cores 0.2640 top WindowsTerminal(23300) 0.068
1791324879 nonwsl_cores 0.2800 top remoting_host(24796) 0.077
1791324939 nonwsl_cores 0.2743 top remoting_host(24796) 0.073
1791324999 nonwsl_cores 0.2749 top remoting_host(24796) 0.070
1791325060 nonwsl_cores 0.2655 top WindowsTerminal(23300) 0.068
1791325119 nonwsl_cores 0.2786 top WindowsTerminal(23300) 0.070
1791325179 nonwsl_cores 0.3372 top remoting_host(24796) 0.074
1791325239 nonwsl_cores 0.2706 top remoting_host(24796) 0.068
1791325299 nonwsl_cores 0.2873 top remoting_host(24796) 0.084
1791325360 nonwsl_cores 0.2718 top remoting_host(24796) 0.072
1791325419 nonwsl_cores 0.2794 top remoting_host(24796) 0.073
1791325479 nonwsl_cores 0.2911 top WindowsTerminal(23300) 0.069
1791325540 nonwsl_cores 0.2779 top WindowsTerminal(23300) 0.070
1791325599 nonwsl_cores 0.2811 top remoting_host(24796) 0.075
1791325660 nonwsl_cores 0.2757 top remoting_host(24796) 0.078
1791325720 nonwsl_cores 0.2732 top remoting_host(24796) 0.074
1791325780 nonwsl_cores 0.3529 top remoting_host(24796) 0.077
1791325840 nonwsl_cores 0.2663 top WindowsTerminal(23300) 0.068
1791325900 nonwsl_cores 0.2900 top remoting_host(24796) 0.066
1791325960 nonwsl_cores 0.2820 top remoting_host(24796) 0.077
1791326020 nonwsl_cores 0.2825 top remoting_host(24796) 0.077
1791326080 nonwsl_cores 0.2730 top remoting_host(24796) 0.074
1791326139 nonwsl_cores 0.2949 top remoting_host(24796) 0.085
1791326200 nonwsl_cores 0.2794 top remoting_host(24796) 0.071
1791326260 nonwsl_cores 0.2723 top remoting_host(24796) 0.070
1791326320 nonwsl_cores 0.3188 top remoting_host(24796) 0.099
1791326380 nonwsl_cores 0.3581 top WindowsTerminal(23300) 0.070
1791326440 nonwsl_cores 0.3041 top remoting_host(24796) 0.084
1791326500 nonwsl_cores 0.2665 top remoting_host(24796) 0.067
1791326560 nonwsl_cores 0.2916 top remoting_host(24796) 0.071
1791326620 nonwsl_cores 0.3616 top remoting_host(24796) 0.074
1791326680 nonwsl_cores 0.2893 top WindowsTerminal(23300) 0.071
1791326740 nonwsl_cores 0.2780 top remoting_host(24796) 0.078
1791326800 nonwsl_cores 0.2717 top remoting_host(24796) 0.075
1791326860 nonwsl_cores 0.2947 top remoting_host(24796) 0.080
1791326920 nonwsl_cores 0.2875 top remoting_host(24796) 0.068
1791326980 nonwsl_cores 0.3515 top remoting_host(24796) 0.077
1791327040 nonwsl_cores 0.2833 top remoting_host(24796) 0.078
1791327100 nonwsl_cores 0.2889 top remoting_host(24796) 0.077
1791327160 nonwsl_cores 0.2762 top remoting_host(24796) 0.073
1791327220 nonwsl_cores 0.2794 top remoting_host(24796) 0.072
1791327280 nonwsl_cores 0.2839 top remoting_host(24796) 0.078
1791327340 nonwsl_cores 0.3010 top remoting_host(24796) 0.090
1791327400 nonwsl_cores 0.2938 top remoting_host(24796) 0.078
1791327460 nonwsl_cores 0.2712 top remoting_host(24796) 0.070
1791327520 nonwsl_cores 0.2780 top remoting_host(24796) 0.079
1791327580 nonwsl_cores 0.3514 top msedgewebview2(17516) 0.081
1791327640 nonwsl_cores 0.2741 top WindowsTerminal(23300) 0.071
1791327700 nonwsl_cores 0.2813 top remoting_host(24796) 0.078
1791327760 nonwsl_cores 0.2655 top WindowsTerminal(23300) 0.069
1791327820 nonwsl_cores 0.2755 top remoting_host(24796) 0.071
1791327880 nonwsl_cores 0.2827 top remoting_host(24796) 0.073
1791327940 nonwsl_cores 0.2899 top remoting_host(24796) 0.067
1791328000 nonwsl_cores 0.2638 top remoting_host(24796) 0.072
1791328060 nonwsl_cores 0.2906 top remoting_host(24796) 0.077
1791328120 nonwsl_cores 0.2897 top remoting_host(24796) 0.075
1791328180 nonwsl_cores 0.3430 top remoting_host(24796) 0.077
1791328240 nonwsl_cores 0.2876 top remoting_host(24796) 0.080
1791328300 nonwsl_cores 0.2901 top remoting_host(24796) 0.077
1791328360 nonwsl_cores 0.2780 top remoting_host(24796) 0.082
1791328420 nonwsl_cores 0.2783 top remoting_host(24796) 0.074
1791328480 nonwsl_cores 0.2816 top remoting_host(24796) 0.073
1791328540 nonwsl_cores 0.2814 top remoting_host(24796) 0.079
1791328600 nonwsl_cores 0.2891 top remoting_host(24796) 0.076
1791328660 nonwsl_cores 0.2661 top WindowsTerminal(23300) 0.068
1791328720 nonwsl_cores 0.2945 top remoting_host(24796) 0.076
1791328780 nonwsl_cores 0.3480 top msedgewebview2(17516) 0.074
1791328840 nonwsl_cores 0.3074 top remoting_host(24796) 0.080
1791328900 nonwsl_cores 0.2861 top remoting_host(24796) 0.081
1791328960 nonwsl_cores 0.2867 top remoting_host(24796) 0.077
1791329020 nonwsl_cores 0.2873 top remoting_host(24796) 0.084
1791329080 nonwsl_cores 0.2964 top remoting_host(24796) 0.087
1791329141 nonwsl_cores 0.2931 top remoting_host(24796) 0.083
1791329201 nonwsl_cores 0.2985 top remoting_host(24796) 0.080
1791329260 nonwsl_cores 0.3013 top remoting_host(24796) 0.083
1791329321 nonwsl_cores 0.2908 top remoting_host(24796) 0.080
1791329380 nonwsl_cores 0.3636 top remoting_host(24796) 0.078
1791329440 nonwsl_cores 0.2782 top remoting_host(24796) 0.072
1791329500 nonwsl_cores 0.2807 top remoting_host(24796) 0.079
1791329561 nonwsl_cores 0.2684 top remoting_host(24796) 0.069
1791329621 nonwsl_cores 0.2811 top remoting_host(24796) 0.075
1791329681 nonwsl_cores 0.2991 top remoting_host(24796) 0.076
1791329741 nonwsl_cores 0.2772 top remoting_host(24796) 0.073
1791329801 nonwsl_cores 0.2868 top remoting_host(24796) 0.085
1791329860 nonwsl_cores 0.2795 top remoting_host(24796) 0.072
1791329921 nonwsl_cores 0.2959 top remoting_host(24796) 0.086
1791329981 nonwsl_cores 0.3454 top remoting_host(24796) 0.071
1791330041 nonwsl_cores 0.2696 top remoting_host(24796) 0.066
1791330100 nonwsl_cores 0.2295 top remoting_host(24796) 0.066
1791330119 nonwsl_cores 0.1942 top remoting_host(24796) 0.059 (closing)
